<?xml version="1.0" encoding="ISO-8859-1" ?>
<link_info>
   <banner>TI ARM Linker PC v20.2.7.LTS</banner>
   <copyright>Copyright (c) 1996-2018 Texas Instruments Incorporated</copyright>
   <link_time>0x6442f685</link_time>
   <link_errors>0x0</link_errors>
   <output_file>Lab21_OPT3101.out</output_file>
   <entry_point>
      <name>_c_int00_noargs</name>
      <address>0x3129</address>
   </entry_point>
   <input_file_list>
      <input_file id="fl-2">
         <path>.\</path>
         <kind>object</kind>
         <file>Lab21_OPT3101_TestMain.obj</file>
         <name>Lab21_OPT3101_TestMain.obj</name>
      </input_file>
      <input_file id="fl-3">
         <path>.\</path>
         <kind>object</kind>
         <file>startup_msp432p401r_ccs.obj</file>
         <name>startup_msp432p401r_ccs.obj</name>
      </input_file>
      <input_file id="fl-4">
         <path>.\</path>
         <kind>object</kind>
         <file>system_msp432p401r.obj</file>
         <name>system_msp432p401r.obj</name>
      </input_file>
      <input_file id="fl-5">
         <path>.\inc\</path>
         <kind>object</kind>
         <file>Bump.obj</file>
         <name>Bump.obj</name>
      </input_file>
      <input_file id="fl-6">
         <path>.\inc\</path>
         <kind>object</kind>
         <file>Clock.obj</file>
         <name>Clock.obj</name>
      </input_file>
      <input_file id="fl-7">
         <path>.\inc\</path>
         <kind>object</kind>
         <file>CortexM.obj</file>
         <name>CortexM.obj</name>
      </input_file>
      <input_file id="fl-8">
         <path>.\inc\</path>
         <kind>object</kind>
         <file>FFT.obj</file>
         <name>FFT.obj</name>
      </input_file>
      <input_file id="fl-9">
         <path>.\inc\</path>
         <kind>object</kind>
         <file>I2CB1.obj</file>
         <name>I2CB1.obj</name>
      </input_file>
      <input_file id="fl-a">
         <path>.\inc\</path>
         <kind>object</kind>
         <file>LPF.obj</file>
         <name>LPF.obj</name>
      </input_file>
      <input_file id="fl-b">
         <path>.\inc\</path>
         <kind>object</kind>
         <file>LaunchPad.obj</file>
         <name>LaunchPad.obj</name>
      </input_file>
      <input_file id="fl-c">
         <path>.\inc\</path>
         <kind>object</kind>
         <file>Motor.obj</file>
         <name>Motor.obj</name>
      </input_file>
      <input_file id="fl-d">
         <path>.\inc\</path>
         <kind>object</kind>
         <file>PWM.obj</file>
         <name>PWM.obj</name>
      </input_file>
      <input_file id="fl-e">
         <path>.\inc\</path>
         <kind>object</kind>
         <file>UART0.obj</file>
         <name>UART0.obj</name>
      </input_file>
      <input_file id="fl-f">
         <path>.\inc\</path>
         <kind>object</kind>
         <file>UART1.obj</file>
         <name>UART1.obj</name>
      </input_file>
      <input_file id="fl-10">
         <path>.\inc\</path>
         <kind>object</kind>
         <file>opt3101.obj</file>
         <name>opt3101.obj</name>
      </input_file>
      <input_file id="fl-14">
         <kind>object</kind>
         <file>&lt;internal&gt;</file>
         <name>&lt;internal&gt;</name>
      </input_file>
      <input_file id="fl-ca">
         <path>C:\ti\ccs1220\ccs\tools\compiler\ti-cgt-arm_20.2.7.LTS\lib\</path>
         <kind>archive</kind>
         <file>rtsv7M4_T_le_v4SPD16_eabi.lib</file>
         <name>fopen.c.obj</name>
      </input_file>
      <input_file id="fl-cb">
         <path>C:\ti\ccs1220\ccs\tools\compiler\ti-cgt-arm_20.2.7.LTS\lib\</path>
         <kind>archive</kind>
         <file>rtsv7M4_T_le_v4SPD16_eabi.lib</file>
         <name>setvbuf.c.obj</name>
      </input_file>
      <input_file id="fl-cc">
         <path>C:\ti\ccs1220\ccs\tools\compiler\ti-cgt-arm_20.2.7.LTS\lib\</path>
         <kind>archive</kind>
         <file>rtsv7M4_T_le_v4SPD16_eabi.lib</file>
         <name>memset_t2.asm.obj</name>
      </input_file>
      <input_file id="fl-cd">
         <path>C:\ti\ccs1220\ccs\tools\compiler\ti-cgt-arm_20.2.7.LTS\lib\</path>
         <kind>archive</kind>
         <file>rtsv7M4_T_le_v4SPD16_eabi.lib</file>
         <name>copy_zero_init.c.obj</name>
      </input_file>
      <input_file id="fl-ce">
         <path>C:\ti\ccs1220\ccs\tools\compiler\ti-cgt-arm_20.2.7.LTS\lib\</path>
         <kind>archive</kind>
         <file>rtsv7M4_T_le_v4SPD16_eabi.lib</file>
         <name>copy_decompress_none.c.obj</name>
      </input_file>
      <input_file id="fl-cf">
         <path>C:\ti\ccs1220\ccs\tools\compiler\ti-cgt-arm_20.2.7.LTS\lib\</path>
         <kind>archive</kind>
         <file>rtsv7M4_T_le_v4SPD16_eabi.lib</file>
         <name>copy_decompress_lzss.c.obj</name>
      </input_file>
      <input_file id="fl-d0">
         <path>C:\ti\ccs1220\ccs\tools\compiler\ti-cgt-arm_20.2.7.LTS\lib\</path>
         <kind>archive</kind>
         <file>rtsv7M4_T_le_v4SPD16_eabi.lib</file>
         <name>exit.c.obj</name>
      </input_file>
      <input_file id="fl-d1">
         <path>C:\ti\ccs1220\ccs\tools\compiler\ti-cgt-arm_20.2.7.LTS\lib\</path>
         <kind>archive</kind>
         <file>rtsv7M4_T_le_v4SPD16_eabi.lib</file>
         <name>_lock.c.obj</name>
      </input_file>
      <input_file id="fl-d2">
         <path>C:\ti\ccs1220\ccs\tools\compiler\ti-cgt-arm_20.2.7.LTS\lib\</path>
         <kind>archive</kind>
         <file>rtsv7M4_T_le_v4SPD16_eabi.lib</file>
         <name>defs.c.obj</name>
      </input_file>
      <input_file id="fl-d3">
         <path>C:\ti\ccs1220\ccs\tools\compiler\ti-cgt-arm_20.2.7.LTS\lib\</path>
         <kind>archive</kind>
         <file>rtsv7M4_T_le_v4SPD16_eabi.lib</file>
         <name>memory.c.obj</name>
      </input_file>
      <input_file id="fl-d4">
         <path>C:\ti\ccs1220\ccs\tools\compiler\ti-cgt-arm_20.2.7.LTS\lib\</path>
         <kind>archive</kind>
         <file>rtsv7M4_T_le_v4SPD16_eabi.lib</file>
         <name>boot_cortex_m.c.obj</name>
      </input_file>
      <input_file id="fl-d5">
         <path>C:\ti\ccs1220\ccs\tools\compiler\ti-cgt-arm_20.2.7.LTS\lib\</path>
         <kind>archive</kind>
         <file>rtsv7M4_T_le_v4SPD16_eabi.lib</file>
         <name>open.c.obj</name>
      </input_file>
      <input_file id="fl-d6">
         <path>C:\ti\ccs1220\ccs\tools\compiler\ti-cgt-arm_20.2.7.LTS\lib\</path>
         <kind>archive</kind>
         <file>rtsv7M4_T_le_v4SPD16_eabi.lib</file>
         <name>add_device.c.obj</name>
      </input_file>
      <input_file id="fl-d7">
         <path>C:\ti\ccs1220\ccs\tools\compiler\ti-cgt-arm_20.2.7.LTS\lib\</path>
         <kind>archive</kind>
         <file>rtsv7M4_T_le_v4SPD16_eabi.lib</file>
         <name>fclose.c.obj</name>
      </input_file>
      <input_file id="fl-d8">
         <path>C:\ti\ccs1220\ccs\tools\compiler\ti-cgt-arm_20.2.7.LTS\lib\</path>
         <kind>archive</kind>
         <file>rtsv7M4_T_le_v4SPD16_eabi.lib</file>
         <name>fflush.c.obj</name>
      </input_file>
      <input_file id="fl-d9">
         <path>C:\ti\ccs1220\ccs\tools\compiler\ti-cgt-arm_20.2.7.LTS\lib\</path>
         <kind>archive</kind>
         <file>rtsv7M4_T_le_v4SPD16_eabi.lib</file>
         <name>getdevice.c.obj</name>
      </input_file>
      <input_file id="fl-da">
         <path>C:\ti\ccs1220\ccs\tools\compiler\ti-cgt-arm_20.2.7.LTS\lib\</path>
         <kind>archive</kind>
         <file>rtsv7M4_T_le_v4SPD16_eabi.lib</file>
         <name>memcpy_t2.asm.obj</name>
      </input_file>
      <input_file id="fl-db">
         <path>C:\ti\ccs1220\ccs\tools\compiler\ti-cgt-arm_20.2.7.LTS\lib\</path>
         <kind>archive</kind>
         <file>rtsv7M4_T_le_v4SPD16_eabi.lib</file>
         <name>autoinit.c.obj</name>
      </input_file>
      <input_file id="fl-dc">
         <path>C:\ti\ccs1220\ccs\tools\compiler\ti-cgt-arm_20.2.7.LTS\lib\</path>
         <kind>archive</kind>
         <file>rtsv7M4_T_le_v4SPD16_eabi.lib</file>
         <name>pre_init.c.obj</name>
      </input_file>
      <input_file id="fl-dd">
         <path>C:\ti\ccs1220\ccs\tools\compiler\ti-cgt-arm_20.2.7.LTS\lib\</path>
         <kind>archive</kind>
         <file>rtsv7M4_T_le_v4SPD16_eabi.lib</file>
         <name>cpy_tbl.c.obj</name>
      </input_file>
      <input_file id="fl-de">
         <path>C:\ti\ccs1220\ccs\tools\compiler\ti-cgt-arm_20.2.7.LTS\lib\</path>
         <kind>archive</kind>
         <file>rtsv7M4_T_le_v4SPD16_eabi.lib</file>
         <name>args_main.c.obj</name>
      </input_file>
      <input_file id="fl-df">
         <path>C:\ti\ccs1220\ccs\tools\compiler\ti-cgt-arm_20.2.7.LTS\lib\</path>
         <kind>archive</kind>
         <file>rtsv7M4_T_le_v4SPD16_eabi.lib</file>
         <name>strchr.c.obj</name>
      </input_file>
      <input_file id="fl-e0">
         <path>C:\ti\ccs1220\ccs\tools\compiler\ti-cgt-arm_20.2.7.LTS\lib\</path>
         <kind>archive</kind>
         <file>rtsv7M4_T_le_v4SPD16_eabi.lib</file>
         <name>strcmp.c.obj</name>
      </input_file>
      <input_file id="fl-e1">
         <path>C:\ti\ccs1220\ccs\tools\compiler\ti-cgt-arm_20.2.7.LTS\lib\</path>
         <kind>archive</kind>
         <file>rtsv7M4_T_le_v4SPD16_eabi.lib</file>
         <name>strncpy.c.obj</name>
      </input_file>
      <input_file id="fl-e2">
         <path>C:\ti\ccs1220\ccs\tools\compiler\ti-cgt-arm_20.2.7.LTS\lib\</path>
         <kind>archive</kind>
         <file>rtsv7M4_T_le_v4SPD16_eabi.lib</file>
         <name>write.c.obj</name>
      </input_file>
      <input_file id="fl-e3">
         <path>C:\ti\ccs1220\ccs\tools\compiler\ti-cgt-arm_20.2.7.LTS\lib\</path>
         <kind>archive</kind>
         <file>rtsv7M4_T_le_v4SPD16_eabi.lib</file>
         <name>host_device.c.obj</name>
      </input_file>
      <input_file id="fl-e4">
         <path>C:\ti\ccs1220\ccs\tools\compiler\ti-cgt-arm_20.2.7.LTS\lib\</path>
         <kind>archive</kind>
         <file>rtsv7M4_T_le_v4SPD16_eabi.lib</file>
         <name>remove.c.obj</name>
      </input_file>
      <input_file id="fl-e5">
         <path>C:\ti\ccs1220\ccs\tools\compiler\ti-cgt-arm_20.2.7.LTS\lib\</path>
         <kind>archive</kind>
         <file>rtsv7M4_T_le_v4SPD16_eabi.lib</file>
         <name>close.c.obj</name>
      </input_file>
      <input_file id="fl-e6">
         <path>C:\ti\ccs1220\ccs\tools\compiler\ti-cgt-arm_20.2.7.LTS\lib\</path>
         <kind>archive</kind>
         <file>rtsv7M4_T_le_v4SPD16_eabi.lib</file>
         <name>unlink.c.obj</name>
      </input_file>
      <input_file id="fl-e7">
         <path>C:\ti\ccs1220\ccs\tools\compiler\ti-cgt-arm_20.2.7.LTS\lib\</path>
         <kind>archive</kind>
         <file>rtsv7M4_T_le_v4SPD16_eabi.lib</file>
         <name>hostclose.c.obj</name>
      </input_file>
      <input_file id="fl-e8">
         <path>C:\ti\ccs1220\ccs\tools\compiler\ti-cgt-arm_20.2.7.LTS\lib\</path>
         <kind>archive</kind>
         <file>rtsv7M4_T_le_v4SPD16_eabi.lib</file>
         <name>hostlseek.c.obj</name>
      </input_file>
      <input_file id="fl-e9">
         <path>C:\ti\ccs1220\ccs\tools\compiler\ti-cgt-arm_20.2.7.LTS\lib\</path>
         <kind>archive</kind>
         <file>rtsv7M4_T_le_v4SPD16_eabi.lib</file>
         <name>hostopen.c.obj</name>
      </input_file>
      <input_file id="fl-ea">
         <path>C:\ti\ccs1220\ccs\tools\compiler\ti-cgt-arm_20.2.7.LTS\lib\</path>
         <kind>archive</kind>
         <file>rtsv7M4_T_le_v4SPD16_eabi.lib</file>
         <name>hostread.c.obj</name>
      </input_file>
      <input_file id="fl-eb">
         <path>C:\ti\ccs1220\ccs\tools\compiler\ti-cgt-arm_20.2.7.LTS\lib\</path>
         <kind>archive</kind>
         <file>rtsv7M4_T_le_v4SPD16_eabi.lib</file>
         <name>hostrename.c.obj</name>
      </input_file>
      <input_file id="fl-ec">
         <path>C:\ti\ccs1220\ccs\tools\compiler\ti-cgt-arm_20.2.7.LTS\lib\</path>
         <kind>archive</kind>
         <file>rtsv7M4_T_le_v4SPD16_eabi.lib</file>
         <name>hostunlink.c.obj</name>
      </input_file>
      <input_file id="fl-ed">
         <path>C:\ti\ccs1220\ccs\tools\compiler\ti-cgt-arm_20.2.7.LTS\lib\</path>
         <kind>archive</kind>
         <file>rtsv7M4_T_le_v4SPD16_eabi.lib</file>
         <name>hostwrite.c.obj</name>
      </input_file>
      <input_file id="fl-ee">
         <path>C:\ti\ccs1220\ccs\tools\compiler\ti-cgt-arm_20.2.7.LTS\lib\</path>
         <kind>archive</kind>
         <file>rtsv7M4_T_le_v4SPD16_eabi.lib</file>
         <name>trgmsg.c.obj</name>
      </input_file>
      <input_file id="fl-ef">
         <path>C:\ti\ccs1220\ccs\tools\compiler\ti-cgt-arm_20.2.7.LTS\lib\</path>
         <kind>archive</kind>
         <file>rtsv7M4_T_le_v4SPD16_eabi.lib</file>
         <name>strcpy.c.obj</name>
      </input_file>
      <input_file id="fl-f0">
         <path>C:\ti\ccs1220\ccs\tools\compiler\ti-cgt-arm_20.2.7.LTS\lib\</path>
         <kind>archive</kind>
         <file>rtsv7M4_T_le_v4SPD16_eabi.lib</file>
         <name>strlen.c.obj</name>
      </input_file>
   </input_file_list>
   <object_component_list>
      <object_component id="oc-26">
         <name>.intvecs:retain</name>
         <load_address>0x0</load_address>
         <run_address>0x0</run_address>
         <size>0xe4</size>
         <input_file_ref idref="fl-3"/>
      </object_component>
      <object_component id="oc-10c">
         <name>.text</name>
         <load_address>0xe4</load_address>
         <run_address>0xe4</run_address>
         <size>0x678</size>
         <input_file_ref idref="fl-e"/>
      </object_component>
      <object_component id="oc-a6">
         <name>.text</name>
         <load_address>0x75c</load_address>
         <run_address>0x75c</run_address>
         <size>0x608</size>
         <input_file_ref idref="fl-2"/>
      </object_component>
      <object_component id="oc-76">
         <name>.text</name>
         <load_address>0xd64</load_address>
         <run_address>0xd64</run_address>
         <size>0x51c</size>
         <input_file_ref idref="fl-10"/>
      </object_component>
      <object_component id="oc-cb">
         <name>.text</name>
         <load_address>0x1280</load_address>
         <run_address>0x1280</run_address>
         <size>0x3a4</size>
         <input_file_ref idref="fl-9"/>
      </object_component>
      <object_component id="oc-135">
         <name>.text</name>
         <load_address>0x1624</load_address>
         <run_address>0x1624</run_address>
         <size>0x3a0</size>
         <input_file_ref idref="fl-a"/>
      </object_component>
      <object_component id="oc-b8">
         <name>.text</name>
         <load_address>0x19c4</load_address>
         <run_address>0x19c4</run_address>
         <size>0x334</size>
         <input_file_ref idref="fl-4"/>
      </object_component>
      <object_component id="oc-d1">
         <name>.text</name>
         <load_address>0x1cf8</load_address>
         <run_address>0x1cf8</run_address>
         <size>0x1e0</size>
         <input_file_ref idref="fl-6"/>
      </object_component>
      <object_component id="oc-70">
         <name>.text</name>
         <load_address>0x1ed8</load_address>
         <run_address>0x1ed8</run_address>
         <size>0x1a4</size>
         <input_file_ref idref="fl-f"/>
      </object_component>
      <object_component id="oc-112">
         <name>.text</name>
         <load_address>0x207c</load_address>
         <run_address>0x207c</run_address>
         <size>0x17c</size>
         <input_file_ref idref="fl-c"/>
      </object_component>
      <object_component id="oc-220">
         <name>.text:_openfile</name>
         <load_address>0x21f8</load_address>
         <run_address>0x21f8</run_address>
         <size>0x110</size>
         <input_file_ref idref="fl-ca"/>
      </object_component>
      <object_component id="oc-2e9">
         <name>.text:aligned_alloc</name>
         <load_address>0x2308</load_address>
         <run_address>0x2308</run_address>
         <size>0x100</size>
         <input_file_ref idref="fl-d3"/>
      </object_component>
      <object_component id="oc-118">
         <name>.text</name>
         <load_address>0x2408</load_address>
         <run_address>0x2408</run_address>
         <size>0xf8</size>
         <input_file_ref idref="fl-b"/>
      </object_component>
      <object_component id="oc-233">
         <name>.text:free</name>
         <load_address>0x2500</load_address>
         <run_address>0x2500</run_address>
         <size>0xe4</size>
         <input_file_ref idref="fl-d3"/>
      </object_component>
      <object_component id="oc-1b3">
         <name>.text:setvbuf</name>
         <load_address>0x25e4</load_address>
         <run_address>0x25e4</run_address>
         <size>0xdc</size>
         <input_file_ref idref="fl-cb"/>
      </object_component>
      <object_component id="oc-1c2">
         <name>.text</name>
         <load_address>0x26c0</load_address>
         <run_address>0x26c0</run_address>
         <size>0xd4</size>
         <input_file_ref idref="fl-d"/>
      </object_component>
      <object_component id="oc-2b7">
         <name>.text:open</name>
         <load_address>0x2794</load_address>
         <run_address>0x2794</run_address>
         <size>0xbc</size>
         <input_file_ref idref="fl-d5"/>
      </object_component>
      <object_component id="oc-1a1">
         <name>.text:add_device</name>
         <load_address>0x2850</load_address>
         <run_address>0x2850</run_address>
         <size>0xb8</size>
         <input_file_ref idref="fl-d6"/>
      </object_component>
      <object_component id="oc-1a7">
         <name>.text:fopen</name>
         <load_address>0x2908</load_address>
         <run_address>0x2908</run_address>
         <size>0x9c</size>
         <input_file_ref idref="fl-ca"/>
      </object_component>
      <object_component id="oc-3a">
         <name>.text</name>
         <load_address>0x29a4</load_address>
         <run_address>0x29a4</run_address>
         <size>0x9c</size>
         <input_file_ref idref="fl-da"/>
      </object_component>
      <object_component id="oc-9a">
         <name>.text</name>
         <load_address>0x2a40</load_address>
         <run_address>0x2a40</run_address>
         <size>0x7a</size>
         <input_file_ref idref="fl-cc"/>
      </object_component>
      <object_component id="oc-255">
         <name>.text:_nop</name>
         <load_address>0x2aba</load_address>
         <run_address>0x2aba</run_address>
         <size>0x2</size>
         <input_file_ref idref="fl-d1"/>
      </object_component>
      <object_component id="oc-22c">
         <name>.text:__TI_closefile</name>
         <load_address>0x2abc</load_address>
         <run_address>0x2abc</run_address>
         <size>0x74</size>
         <input_file_ref idref="fl-d7"/>
      </object_component>
      <object_component id="oc-358">
         <name>.text:split</name>
         <load_address>0x2b30</load_address>
         <run_address>0x2b30</run_address>
         <size>0x70</size>
         <input_file_ref idref="fl-d3"/>
      </object_component>
      <object_component id="oc-2a2">
         <name>.text:HOSTrename</name>
         <load_address>0x2ba0</load_address>
         <run_address>0x2ba0</run_address>
         <size>0x6c</size>
         <input_file_ref idref="fl-eb"/>
      </object_component>
      <object_component id="oc-296">
         <name>.text:HOSTlseek</name>
         <load_address>0x2c0c</load_address>
         <run_address>0x2c0c</run_address>
         <size>0x68</size>
         <input_file_ref idref="fl-e8"/>
      </object_component>
      <object_component id="oc-17">
         <name>.text:decompress:lzss:__TI_decompress_lzss</name>
         <load_address>0x2c74</load_address>
         <run_address>0x2c74</run_address>
         <size>0x68</size>
         <input_file_ref idref="fl-cf"/>
      </object_component>
      <object_component id="oc-12f">
         <name>.text</name>
         <load_address>0x2cdc</load_address>
         <run_address>0x2cdc</run_address>
         <size>0x64</size>
         <input_file_ref idref="fl-5"/>
      </object_component>
      <object_component id="oc-27e">
         <name>.text:HOSTopen</name>
         <load_address>0x2d40</load_address>
         <run_address>0x2d40</run_address>
         <size>0x60</size>
         <input_file_ref idref="fl-e9"/>
      </object_component>
      <object_component id="oc-2cd">
         <name>.text:close</name>
         <load_address>0x2da0</load_address>
         <run_address>0x2da0</run_address>
         <size>0x5c</size>
         <input_file_ref idref="fl-e5"/>
      </object_component>
      <object_component id="oc-28a">
         <name>.text:HOSTread</name>
         <load_address>0x2dfc</load_address>
         <run_address>0x2dfc</run_address>
         <size>0x58</size>
         <input_file_ref idref="fl-ea"/>
      </object_component>
      <object_component id="oc-290">
         <name>.text:HOSTwrite</name>
         <load_address>0x2e54</load_address>
         <run_address>0x2e54</run_address>
         <size>0x58</size>
         <input_file_ref idref="fl-ed"/>
      </object_component>
      <object_component id="oc-2c7">
         <name>.text:__TI_doflush</name>
         <load_address>0x2eac</load_address>
         <run_address>0x2eac</run_address>
         <size>0x4c</size>
         <input_file_ref idref="fl-d8"/>
      </object_component>
      <object_component id="oc-146">
         <name>.text:exit</name>
         <load_address>0x2ef8</load_address>
         <run_address>0x2ef8</run_address>
         <size>0x48</size>
         <input_file_ref idref="fl-d0"/>
      </object_component>
      <object_component id="oc-284">
         <name>.text:HOSTclose</name>
         <load_address>0x2f40</load_address>
         <run_address>0x2f40</run_address>
         <size>0x44</size>
         <input_file_ref idref="fl-e7"/>
      </object_component>
      <object_component id="oc-29c">
         <name>.text:HOSTunlink</name>
         <load_address>0x2f84</load_address>
         <run_address>0x2f84</run_address>
         <size>0x44</size>
         <input_file_ref idref="fl-ec"/>
      </object_component>
      <object_component id="oc-14c">
         <name>.text:__TI_auto_init_nobinit_nopinit:__TI_auto_init_nobinit_nopinit</name>
         <load_address>0x2fc8</load_address>
         <run_address>0x2fc8</run_address>
         <size>0x44</size>
         <input_file_ref idref="fl-db"/>
      </object_component>
      <object_component id="oc-339">
         <name>.text:getdevice</name>
         <load_address>0x300c</load_address>
         <run_address>0x300c</run_address>
         <size>0x44</size>
         <input_file_ref idref="fl-d9"/>
      </object_component>
      <object_component id="oc-310">
         <name>.text:__TI_writemsg</name>
         <load_address>0x3050</load_address>
         <run_address>0x3050</run_address>
         <size>0x38</size>
         <input_file_ref idref="fl-ee"/>
      </object_component>
      <object_component id="oc-214">
         <name>.text:strncpy</name>
         <load_address>0x3088</load_address>
         <run_address>0x3088</run_address>
         <size>0x36</size>
         <input_file_ref idref="fl-e1"/>
      </object_component>
      <object_component id="oc-23f">
         <name>.text:__TI_cleanup</name>
         <load_address>0x30c0</load_address>
         <run_address>0x30c0</run_address>
         <size>0x34</size>
         <input_file_ref idref="fl-ca"/>
      </object_component>
      <object_component id="oc-316">
         <name>.text:__TI_readmsg</name>
         <load_address>0x30f4</load_address>
         <run_address>0x30f4</run_address>
         <size>0x34</size>
         <input_file_ref idref="fl-ee"/>
      </object_component>
      <object_component id="oc-58">
         <name>.text:_c_int00_noargs:_c_int00_noargs</name>
         <load_address>0x3128</load_address>
         <run_address>0x3128</run_address>
         <size>0x34</size>
         <input_file_ref idref="fl-d4"/>
      </object_component>
      <object_component id="oc-1ad">
         <name>.text:freopen</name>
         <load_address>0x315c</load_address>
         <run_address>0x315c</run_address>
         <size>0x34</size>
         <input_file_ref idref="fl-ca"/>
      </object_component>
      <object_component id="oc-20e">
         <name>.text:finddevice</name>
         <load_address>0x3190</load_address>
         <run_address>0x3190</run_address>
         <size>0x30</size>
         <input_file_ref idref="fl-d9"/>
      </object_component>
      <object_component id="oc-2d3">
         <name>.text:unlink</name>
         <load_address>0x31c0</load_address>
         <run_address>0x31c0</run_address>
         <size>0x2c</size>
         <input_file_ref idref="fl-e6"/>
      </object_component>
      <object_component id="oc-2e2">
         <name>.text:free_list_insert</name>
         <load_address>0x31ec</load_address>
         <run_address>0x31ec</run_address>
         <size>0x28</size>
         <input_file_ref idref="fl-d3"/>
      </object_component>
      <object_component id="oc-345">
         <name>.text:write</name>
         <load_address>0x3214</load_address>
         <run_address>0x3214</run_address>
         <size>0x28</size>
         <input_file_ref idref="fl-e2"/>
      </object_component>
      <object_component id="oc-129">
         <name>.text</name>
         <load_address>0x323c</load_address>
         <run_address>0x323c</run_address>
         <size>0x24</size>
         <input_file_ref idref="fl-7"/>
      </object_component>
      <object_component id="oc-2dc">
         <name>.text:free_list_remove</name>
         <load_address>0x3260</load_address>
         <run_address>0x3260</run_address>
         <size>0x1c</size>
         <input_file_ref idref="fl-d3"/>
      </object_component>
      <object_component id="oc-274">
         <name>.text:strcmp</name>
         <load_address>0x327c</load_address>
         <run_address>0x327c</run_address>
         <size>0x18</size>
         <input_file_ref idref="fl-e0"/>
      </object_component>
      <object_component id="oc-379">
         <name>.text:strchr</name>
         <load_address>0x3294</load_address>
         <run_address>0x3294</run_address>
         <size>0x16</size>
         <input_file_ref idref="fl-df"/>
      </object_component>
      <object_component id="oc-32a">
         <name>.text:strcpy</name>
         <load_address>0x32aa</load_address>
         <run_address>0x32aa</run_address>
         <size>0x14</size>
         <input_file_ref idref="fl-ef"/>
      </object_component>
      <object_component id="oc-30a">
         <name>.text:strlen</name>
         <load_address>0x32be</load_address>
         <run_address>0x32be</run_address>
         <size>0x14</size>
         <input_file_ref idref="fl-f0"/>
      </object_component>
      <object_component id="oc-1d">
         <name>.text:decompress:none:__TI_decompress_none</name>
         <load_address>0x32d2</load_address>
         <run_address>0x32d2</run_address>
         <size>0xe</size>
         <input_file_ref idref="fl-ce"/>
      </object_component>
      <object_component id="oc-6a">
         <name>.text</name>
         <load_address>0x32e0</load_address>
         <run_address>0x32e0</run_address>
         <size>0xe</size>
         <input_file_ref idref="fl-3"/>
      </object_component>
      <object_component id="oc-4c">
         <name>.text:decompress:ZI:__TI_zero_init</name>
         <load_address>0x32ee</load_address>
         <run_address>0x32ee</run_address>
         <size>0xc</size>
         <input_file_ref idref="fl-cd"/>
      </object_component>
      <object_component id="oc-239">
         <name>.text:malloc</name>
         <load_address>0x32fa</load_address>
         <run_address>0x32fa</run_address>
         <size>0x8</size>
         <input_file_ref idref="fl-d3"/>
      </object_component>
      <object_component id="oc-a0">
         <name>.text:_system_pre_init</name>
         <load_address>0x3302</load_address>
         <run_address>0x3302</run_address>
         <size>0x4</size>
         <input_file_ref idref="fl-dc"/>
      </object_component>
      <object_component id="oc-140">
         <name>.text:abort:abort</name>
         <load_address>0x3306</load_address>
         <run_address>0x3306</run_address>
         <size>0x4</size>
         <input_file_ref idref="fl-d0"/>
      </object_component>
      <object_component id="oc-3ce">
         <name>.cinit..data.load</name>
         <load_address>0x3310</load_address>
         <run_address>0x3310</run_address>
         <size>0x77</size>
      </object_component>
      <object_component id="oc-3cc">
         <name>__TI_handler_table</name>
         <load_address>0x3388</load_address>
         <run_address>0x3388</run_address>
         <size>0xc</size>
      </object_component>
      <object_component id="oc-3cf">
         <name>.cinit..bss.load</name>
         <load_address>0x3398</load_address>
         <run_address>0x3398</run_address>
         <size>0x8</size>
      </object_component>
      <object_component id="oc-3cd">
         <name>__TI_cinit_table</name>
         <load_address>0x33a0</load_address>
         <run_address>0x33a0</run_address>
         <size>0x10</size>
      </object_component>
      <object_component id="oc-3a0">
         <name>.binit</name>
         <load_address>0x0</load_address>
         <run_address>0x0</run_address>
         <size>0x0</size>
      </object_component>
      <object_component id="oc-125">
         <name>.data</name>
         <load_address>0x20003948</load_address>
         <run_address>0x20003948</run_address>
         <size>0x10</size>
         <input_file_ref idref="fl-2"/>
      </object_component>
      <object_component id="oc-17e">
         <name>.data</name>
         <load_address>0x20003990</load_address>
         <run_address>0x20003990</run_address>
         <size>0x4</size>
         <input_file_ref idref="fl-4"/>
      </object_component>
      <object_component id="oc-195">
         <name>.data</name>
         <load_address>0x20003930</load_address>
         <run_address>0x20003930</run_address>
         <size>0x18</size>
         <input_file_ref idref="fl-6"/>
      </object_component>
      <object_component id="oc-226">
         <name>.data</name>
         <load_address>0x20003988</load_address>
         <run_address>0x20003988</run_address>
         <size>0x4</size>
         <input_file_ref idref="fl-ca"/>
      </object_component>
      <object_component id="oc-1e2">
         <name>.data:$O1$$</name>
         <load_address>0x20003968</load_address>
         <run_address>0x20003968</run_address>
         <size>0xc</size>
         <input_file_ref idref="fl-d0"/>
      </object_component>
      <object_component id="oc-1e5">
         <name>.data:$O1$$</name>
         <load_address>0x20003974</load_address>
         <run_address>0x20003974</run_address>
         <size>0x8</size>
         <input_file_ref idref="fl-d1"/>
      </object_component>
      <object_component id="oc-1b9">
         <name>.data:_ftable</name>
         <load_address>0x20003778</load_address>
         <run_address>0x20003778</run_address>
         <size>0xf0</size>
         <input_file_ref idref="fl-d2"/>
      </object_component>
      <object_component id="oc-227">
         <name>.data</name>
         <load_address>0x20003958</load_address>
         <run_address>0x20003958</run_address>
         <size>0x10</size>
         <input_file_ref idref="fl-d2"/>
      </object_component>
      <object_component id="oc-353">
         <name>.data:$O1$$</name>
         <load_address>0x2000397c</load_address>
         <run_address>0x2000397c</run_address>
         <size>0x8</size>
         <input_file_ref idref="fl-d3"/>
      </object_component>
      <object_component id="oc-33f">
         <name>.data</name>
         <load_address>0x2000398c</load_address>
         <run_address>0x2000398c</run_address>
         <size>0x4</size>
         <input_file_ref idref="fl-d5"/>
      </object_component>
      <object_component id="oc-21a">
         <name>.data</name>
         <load_address>0x20003984</load_address>
         <run_address>0x20003984</run_address>
         <size>0x4</size>
         <input_file_ref idref="fl-d6"/>
      </object_component>
      <object_component id="oc-21b">
         <name>.data:_device</name>
         <load_address>0x20003868</load_address>
         <run_address>0x20003868</run_address>
         <size>0x78</size>
         <input_file_ref idref="fl-e3"/>
      </object_component>
      <object_component id="oc-340">
         <name>.data:_stream</name>
         <load_address>0x200038e0</load_address>
         <run_address>0x200038e0</run_address>
         <size>0x50</size>
         <input_file_ref idref="fl-e3"/>
      </object_component>
      <object_component id="oc-d7">
         <name>.bss</name>
         <uninitialized>true</uninitialized>
         <run_address>0x200032f0</run_address>
         <size>0x8</size>
         <input_file_ref idref="fl-10"/>
      </object_component>
      <object_component id="oc-363">
         <name>.bss:_CIOBUF_</name>
         <uninitialized>true</uninitialized>
         <run_address>0x20003000</run_address>
         <size>0x120</size>
         <input_file_ref idref="fl-ee"/>
      </object_component>
      <object_component id="oc-121">
         <name>.common:Distances</name>
         <uninitialized>true</uninitialized>
         <run_address>0x200032d8</run_address>
         <size>0xc</size>
      </object_component>
      <object_component id="oc-13e">
         <name>.common:FilteredDistances</name>
         <uninitialized>true</uninitialized>
         <run_address>0x200032e4</run_address>
         <size>0xc</size>
      </object_component>
      <object_component id="oc-122">
         <name>.common:Amplitudes</name>
         <uninitialized>true</uninitialized>
         <run_address>0x200032c0</run_address>
         <size>0xc</size>
      </object_component>
      <object_component id="oc-11e">
         <name>.common:TxChannel</name>
         <uninitialized>true</uninitialized>
         <run_address>0x20003360</run_address>
         <size>0x4</size>
      </object_component>
      <object_component id="oc-128">
         <name>.common:Error</name>
         <uninitialized>true</uninitialized>
         <run_address>0x2000330c</run_address>
         <size>0x4</size>
      </object_component>
      <object_component id="oc-13b">
         <name>.common:UR</name>
         <uninitialized>true</uninitialized>
         <run_address>0x20003368</run_address>
         <size>0x4</size>
      </object_component>
      <object_component id="oc-13c">
         <name>.common:UL</name>
         <uninitialized>true</uninitialized>
         <run_address>0x20003364</run_address>
         <size>0x4</size>
      </object_component>
      <object_component id="oc-123">
         <name>.common:LeftDistance</name>
         <uninitialized>true</uninitialized>
         <run_address>0x2000332c</run_address>
         <size>0x4</size>
      </object_component>
      <object_component id="oc-13d">
         <name>.common:CenterDistance</name>
         <uninitialized>true</uninitialized>
         <run_address>0x20003308</run_address>
         <size>0x4</size>
      </object_component>
      <object_component id="oc-124">
         <name>.common:RightDistance</name>
         <uninitialized>true</uninitialized>
         <run_address>0x2000334c</run_address>
         <size>0x4</size>
      </object_component>
      <object_component id="oc-1d5">
         <name>.common:Size</name>
         <uninitialized>true</uninitialized>
         <run_address>0x2000335c</run_address>
         <size>0x4</size>
      </object_component>
      <object_component id="oc-1d3">
         <name>.common:x</name>
         <uninitialized>true</uninitialized>
         <run_address>0x20000000</run_address>
         <size>0x1000</size>
      </object_component>
      <object_component id="oc-1d0">
         <name>.common:Pt</name>
         <uninitialized>true</uninitialized>
         <run_address>0x20003340</run_address>
         <size>0x4</size>
      </object_component>
      <object_component id="oc-1d6">
         <name>.common:I1</name>
         <uninitialized>true</uninitialized>
         <run_address>0x20003310</run_address>
         <size>0x4</size>
      </object_component>
      <object_component id="oc-1d4">
         <name>.common:LPFSum</name>
         <uninitialized>true</uninitialized>
         <run_address>0x20003320</run_address>
         <size>0x4</size>
      </object_component>
      <object_component id="oc-1d8">
         <name>.common:x2</name>
         <uninitialized>true</uninitialized>
         <run_address>0x20001000</run_address>
         <size>0x1000</size>
      </object_component>
      <object_component id="oc-1d7">
         <name>.common:Pt2</name>
         <uninitialized>true</uninitialized>
         <run_address>0x20003344</run_address>
         <size>0x4</size>
      </object_component>
      <object_component id="oc-1d9">
         <name>.common:LPFSum2</name>
         <uninitialized>true</uninitialized>
         <run_address>0x20003324</run_address>
         <size>0x4</size>
      </object_component>
      <object_component id="oc-1db">
         <name>.common:x3</name>
         <uninitialized>true</uninitialized>
         <run_address>0x20002000</run_address>
         <size>0x1000</size>
      </object_component>
      <object_component id="oc-1da">
         <name>.common:Pt3</name>
         <uninitialized>true</uninitialized>
         <run_address>0x20003348</run_address>
         <size>0x4</size>
      </object_component>
      <object_component id="oc-1dc">
         <name>.common:LPFSum3</name>
         <uninitialized>true</uninitialized>
         <run_address>0x20003328</run_address>
         <size>0x4</size>
      </object_component>
      <object_component id="oc-1df">
         <name>.common:u1</name>
         <uninitialized>true</uninitialized>
         <run_address>0x2000336c</run_address>
         <size>0x4</size>
      </object_component>
      <object_component id="oc-1de">
         <name>.common:u2</name>
         <uninitialized>true</uninitialized>
         <run_address>0x20003370</run_address>
         <size>0x4</size>
      </object_component>
      <object_component id="oc-1dd">
         <name>.common:u3</name>
         <uninitialized>true</uninitialized>
         <run_address>0x20003374</run_address>
         <size>0x4</size>
      </object_component>
      <object_component id="oc-1a0">
         <name>.common:Messageindexb</name>
         <uninitialized>true</uninitialized>
         <run_address>0x20003330</run_address>
         <size>0x4</size>
      </object_component>
      <object_component id="oc-19d">
         <name>.common:Messageb</name>
         <uninitialized>true</uninitialized>
         <run_address>0x200032f8</run_address>
         <size>0x8</size>
      </object_component>
      <object_component id="oc-bf">
         <name>.common:RxPutI</name>
         <uninitialized>true</uninitialized>
         <run_address>0x20003358</run_address>
         <size>0x4</size>
      </object_component>
      <object_component id="oc-c2">
         <name>.common:RxGetI</name>
         <uninitialized>true</uninitialized>
         <run_address>0x20003354</run_address>
         <size>0x4</size>
      </object_component>
      <object_component id="oc-c3">
         <name>.common:RxFifoLost</name>
         <uninitialized>true</uninitialized>
         <run_address>0x20003350</run_address>
         <size>0x4</size>
      </object_component>
      <object_component id="oc-c4">
         <name>.common:RxFIFO</name>
         <uninitialized>true</uninitialized>
         <run_address>0x20003120</run_address>
         <size>0x100</size>
      </object_component>
      <object_component id="oc-da">
         <name>.common:ChannelCount</name>
         <uninitialized>true</uninitialized>
         <run_address>0x200032cc</run_address>
         <size>0xc</size>
      </object_component>
      <object_component id="oc-dd">
         <name>.common:PTxChan</name>
         <uninitialized>true</uninitialized>
         <run_address>0x20003334</run_address>
         <size>0x4</size>
      </object_component>
      <object_component id="oc-de">
         <name>.common:Pdistances</name>
         <uninitialized>true</uninitialized>
         <run_address>0x2000333c</run_address>
         <size>0x4</size>
      </object_component>
      <object_component id="oc-df">
         <name>.common:Pamplitudes</name>
         <uninitialized>true</uninitialized>
         <run_address>0x20003338</run_address>
         <size>0x4</size>
      </object_component>
      <object_component id="oc-e0">
         <name>.common:ISRTime</name>
         <uninitialized>true</uninitialized>
         <run_address>0x2000331c</run_address>
         <size>0x4</size>
      </object_component>
      <object_component id="oc-e2">
         <name>.common:ISRLast</name>
         <uninitialized>true</uninitialized>
         <run_address>0x20003314</run_address>
         <size>0x4</size>
      </object_component>
      <object_component id="oc-e1">
         <name>.common:ISRPeriod</name>
         <uninitialized>true</uninitialized>
         <run_address>0x20003318</run_address>
         <size>0x4</size>
      </object_component>
      <object_component id="oc-2d9">
         <name>.common:__TI_tmpnams</name>
         <uninitialized>true</uninitialized>
         <run_address>0x20003220</run_address>
         <size>0xa0</size>
      </object_component>
      <object_component id="oc-31c">
         <name>.common:parmbuf</name>
         <uninitialized>true</uninitialized>
         <run_address>0x20003300</run_address>
         <size>0x8</size>
      </object_component>
      <object_component id="oc-29">
         <name>.sysmem</name>
         <uninitialized>true</uninitialized>
         <run_address>0x20003378</run_address>
         <size>0x10</size>
         <input_file_ref idref="fl-d3"/>
      </object_component>
      <object_component id="oc-3d2">
         <name>.sysmem</name>
         <uninitialized>true</uninitialized>
         <run_address>0x20003378</run_address>
         <size>0x0</size>
      </object_component>
      <object_component id="oc-2c">
         <name>.stack</name>
         <uninitialized>true</uninitialized>
         <run_address>0x2000fe00</run_address>
         <size>0x4</size>
         <input_file_ref idref="fl-d4"/>
      </object_component>
      <object_component id="oc-3d1">
         <name>.stack</name>
         <uninitialized>true</uninitialized>
         <run_address>0x2000fe00</run_address>
         <size>0x0</size>
      </object_component>
      <object_component id="oc-11f">
         <name>.debug_info</name>
         <load_address>0x0</load_address>
         <run_address>0x0</run_address>
         <size>0xe0f</size>
         <input_file_ref idref="fl-2"/>
      </object_component>
      <object_component id="oc-126">
         <name>.debug_info</name>
         <load_address>0xe0f</load_address>
         <run_address>0xe0f</run_address>
         <size>0x14c</size>
         <input_file_ref idref="fl-2"/>
      </object_component>
      <object_component id="oc-a7">
         <name>.debug_info</name>
         <load_address>0xf5b</load_address>
         <run_address>0xf5b</run_address>
         <size>0xb68</size>
         <input_file_ref idref="fl-2"/>
      </object_component>
      <object_component id="oc-eb">
         <name>.debug_info</name>
         <load_address>0x1ac3</load_address>
         <run_address>0x1ac3</run_address>
         <size>0x26b</size>
         <input_file_ref idref="fl-2"/>
      </object_component>
      <object_component id="oc-189">
         <name>.debug_info</name>
         <load_address>0x1d2e</load_address>
         <run_address>0x1d2e</run_address>
         <size>0x1055</size>
         <input_file_ref idref="fl-2"/>
      </object_component>
      <object_component id="oc-184">
         <name>.debug_info</name>
         <load_address>0x2d83</load_address>
         <run_address>0x2d83</run_address>
         <size>0x37e2</size>
         <input_file_ref idref="fl-2"/>
      </object_component>
      <object_component id="oc-e4">
         <name>.debug_info</name>
         <load_address>0x6565</load_address>
         <run_address>0x6565</run_address>
         <size>0x8b</size>
         <input_file_ref idref="fl-2"/>
      </object_component>
      <object_component id="oc-18e">
         <name>.debug_info</name>
         <load_address>0x65f0</load_address>
         <run_address>0x65f0</run_address>
         <size>0x2a4</size>
         <input_file_ref idref="fl-2"/>
      </object_component>
      <object_component id="oc-c6">
         <name>.debug_info</name>
         <load_address>0x6894</load_address>
         <run_address>0x6894</run_address>
         <size>0xbb</size>
         <input_file_ref idref="fl-2"/>
      </object_component>
      <object_component id="oc-7e">
         <name>.debug_info</name>
         <load_address>0x694f</load_address>
         <run_address>0x694f</run_address>
         <size>0x2ee</size>
         <input_file_ref idref="fl-3"/>
      </object_component>
      <object_component id="oc-27">
         <name>.debug_info</name>
         <load_address>0x6c3d</load_address>
         <run_address>0x6c3d</run_address>
         <size>0x11a</size>
         <input_file_ref idref="fl-3"/>
      </object_component>
      <object_component id="oc-6e">
         <name>.debug_info</name>
         <load_address>0x6d57</load_address>
         <run_address>0x6d57</run_address>
         <size>0x1e1</size>
         <input_file_ref idref="fl-3"/>
      </object_component>
      <object_component id="oc-35">
         <name>.debug_info</name>
         <load_address>0x6f38</load_address>
         <run_address>0x6f38</run_address>
         <size>0x84</size>
         <input_file_ref idref="fl-3"/>
      </object_component>
      <object_component id="oc-17f">
         <name>.debug_info</name>
         <load_address>0x6fbc</load_address>
         <run_address>0x6fbc</run_address>
         <size>0x113</size>
         <input_file_ref idref="fl-4"/>
      </object_component>
      <object_component id="oc-ba">
         <name>.debug_info</name>
         <load_address>0x70cf</load_address>
         <run_address>0x70cf</run_address>
         <size>0x285</size>
         <input_file_ref idref="fl-4"/>
      </object_component>
      <object_component id="oc-130">
         <name>.debug_info</name>
         <load_address>0x7354</load_address>
         <run_address>0x7354</run_address>
         <size>0x194</size>
         <input_file_ref idref="fl-5"/>
      </object_component>
      <object_component id="oc-196">
         <name>.debug_info</name>
         <load_address>0x74e8</load_address>
         <run_address>0x74e8</run_address>
         <size>0x1af</size>
         <input_file_ref idref="fl-6"/>
      </object_component>
      <object_component id="oc-d5">
         <name>.debug_info</name>
         <load_address>0x7697</load_address>
         <run_address>0x7697</run_address>
         <size>0x2fb</size>
         <input_file_ref idref="fl-6"/>
      </object_component>
      <object_component id="oc-12b">
         <name>.debug_info</name>
         <load_address>0x7992</load_address>
         <run_address>0x7992</run_address>
         <size>0x2bc</size>
         <input_file_ref idref="fl-7"/>
      </object_component>
      <object_component id="oc-194">
         <name>.debug_info</name>
         <load_address>0x7c4e</load_address>
         <run_address>0x7c4e</run_address>
         <size>0x559</size>
         <input_file_ref idref="fl-9"/>
      </object_component>
      <object_component id="oc-ce">
         <name>.debug_info</name>
         <load_address>0x81a7</load_address>
         <run_address>0x81a7</run_address>
         <size>0x724</size>
         <input_file_ref idref="fl-9"/>
      </object_component>
      <object_component id="oc-1d1">
         <name>.debug_info</name>
         <load_address>0x88cb</load_address>
         <run_address>0x88cb</run_address>
         <size>0x6af</size>
         <input_file_ref idref="fl-a"/>
      </object_component>
      <object_component id="oc-136">
         <name>.debug_info</name>
         <load_address>0x8f7a</load_address>
         <run_address>0x8f7a</run_address>
         <size>0x613</size>
         <input_file_ref idref="fl-a"/>
      </object_component>
      <object_component id="oc-119">
         <name>.debug_info</name>
         <load_address>0x958d</load_address>
         <run_address>0x958d</run_address>
         <size>0x2b9</size>
         <input_file_ref idref="fl-b"/>
      </object_component>
      <object_component id="oc-113">
         <name>.debug_info</name>
         <load_address>0x9846</load_address>
         <run_address>0x9846</run_address>
         <size>0x5f7</size>
         <input_file_ref idref="fl-c"/>
      </object_component>
      <object_component id="oc-1c3">
         <name>.debug_info</name>
         <load_address>0x9e3d</load_address>
         <run_address>0x9e3d</run_address>
         <size>0x2d1</size>
         <input_file_ref idref="fl-d"/>
      </object_component>
      <object_component id="oc-19e">
         <name>.debug_info</name>
         <load_address>0xa10e</load_address>
         <run_address>0xa10e</run_address>
         <size>0x7a0</size>
         <input_file_ref idref="fl-e"/>
      </object_component>
      <object_component id="oc-10f">
         <name>.debug_info</name>
         <load_address>0xa8ae</load_address>
         <run_address>0xa8ae</run_address>
         <size>0x141e</size>
         <input_file_ref idref="fl-e"/>
      </object_component>
      <object_component id="oc-209">
         <name>.debug_info</name>
         <load_address>0xbccc</load_address>
         <run_address>0xbccc</run_address>
         <size>0xcc</size>
         <input_file_ref idref="fl-e"/>
      </object_component>
      <object_component id="oc-1bd">
         <name>.debug_info</name>
         <load_address>0xbd98</load_address>
         <run_address>0xbd98</run_address>
         <size>0x2c</size>
         <input_file_ref idref="fl-e"/>
      </object_component>
      <object_component id="oc-c0">
         <name>.debug_info</name>
         <load_address>0xbdc4</load_address>
         <run_address>0xbdc4</run_address>
         <size>0x5e4</size>
         <input_file_ref idref="fl-f"/>
      </object_component>
      <object_component id="oc-74">
         <name>.debug_info</name>
         <load_address>0xc3a8</load_address>
         <run_address>0xc3a8</run_address>
         <size>0x545</size>
         <input_file_ref idref="fl-f"/>
      </object_component>
      <object_component id="oc-db">
         <name>.debug_info</name>
         <load_address>0xc8ed</load_address>
         <run_address>0xc8ed</run_address>
         <size>0x707</size>
         <input_file_ref idref="fl-10"/>
      </object_component>
      <object_component id="oc-d8">
         <name>.debug_info</name>
         <load_address>0xcff4</load_address>
         <run_address>0xcff4</run_address>
         <size>0x111</size>
         <input_file_ref idref="fl-10"/>
      </object_component>
      <object_component id="oc-77">
         <name>.debug_info</name>
         <load_address>0xd105</load_address>
         <run_address>0xd105</run_address>
         <size>0x1230</size>
         <input_file_ref idref="fl-10"/>
      </object_component>
      <object_component id="oc-22b">
         <name>.debug_info</name>
         <load_address>0xe335</load_address>
         <run_address>0xe335</run_address>
         <size>0x3f5</size>
         <input_file_ref idref="fl-ca"/>
      </object_component>
      <object_component id="oc-221">
         <name>.debug_info</name>
         <load_address>0xe72a</load_address>
         <run_address>0xe72a</run_address>
         <size>0x20e</size>
         <input_file_ref idref="fl-ca"/>
      </object_component>
      <object_component id="oc-240">
         <name>.debug_info</name>
         <load_address>0xe938</load_address>
         <run_address>0xe938</run_address>
         <size>0x176</size>
         <input_file_ref idref="fl-ca"/>
      </object_component>
      <object_component id="oc-1b1">
         <name>.debug_info</name>
         <load_address>0xeaae</load_address>
         <run_address>0xeaae</run_address>
         <size>0x1e4</size>
         <input_file_ref idref="fl-ca"/>
      </object_component>
      <object_component id="oc-1a9">
         <name>.debug_info</name>
         <load_address>0xec92</load_address>
         <run_address>0xec92</run_address>
         <size>0x1cd</size>
         <input_file_ref idref="fl-ca"/>
      </object_component>
      <object_component id="oc-f2">
         <name>.debug_info</name>
         <load_address>0xee5f</load_address>
         <run_address>0xee5f</run_address>
         <size>0x2c</size>
         <input_file_ref idref="fl-ca"/>
      </object_component>
      <object_component id="oc-2c2">
         <name>.debug_info</name>
         <load_address>0xee8b</load_address>
         <run_address>0xee8b</run_address>
         <size>0xb2</size>
         <input_file_ref idref="fl-ca"/>
      </object_component>
      <object_component id="oc-246">
         <name>.debug_info</name>
         <load_address>0xef3d</load_address>
         <run_address>0xef3d</run_address>
         <size>0x374</size>
         <input_file_ref idref="fl-cb"/>
      </object_component>
      <object_component id="oc-1b4">
         <name>.debug_info</name>
         <load_address>0xf2b1</load_address>
         <run_address>0xf2b1</run_address>
         <size>0x20b</size>
         <input_file_ref idref="fl-cb"/>
      </object_component>
      <object_component id="oc-247">
         <name>.debug_info</name>
         <load_address>0xf4bc</load_address>
         <run_address>0xf4bc</run_address>
         <size>0xbf</size>
         <input_file_ref idref="fl-cb"/>
      </object_component>
      <object_component id="oc-9b">
         <name>.debug_info</name>
         <load_address>0xf57b</load_address>
         <run_address>0xf57b</run_address>
         <size>0x147</size>
         <input_file_ref idref="fl-cc"/>
      </object_component>
      <object_component id="oc-99">
         <name>.debug_info</name>
         <load_address>0xf6c2</load_address>
         <run_address>0xf6c2</run_address>
         <size>0x2d4</size>
         <input_file_ref idref="fl-cd"/>
      </object_component>
      <object_component id="oc-4e">
         <name>.debug_info</name>
         <load_address>0xf996</load_address>
         <run_address>0xf996</run_address>
         <size>0x1b5</size>
         <input_file_ref idref="fl-cd"/>
      </object_component>
      <object_component id="oc-94">
         <name>.debug_info</name>
         <load_address>0xfb4b</load_address>
         <run_address>0xfb4b</run_address>
         <size>0x46</size>
         <input_file_ref idref="fl-cd"/>
      </object_component>
      <object_component id="oc-103">
         <name>.debug_info</name>
         <load_address>0xfb91</load_address>
         <run_address>0xfb91</run_address>
         <size>0x2c</size>
         <input_file_ref idref="fl-cd"/>
      </object_component>
      <object_component id="oc-45">
         <name>.debug_info</name>
         <load_address>0xfbbd</load_address>
         <run_address>0xfbbd</run_address>
         <size>0x2a8</size>
         <input_file_ref idref="fl-ce"/>
      </object_component>
      <object_component id="oc-1f">
         <name>.debug_info</name>
         <load_address>0xfe65</load_address>
         <run_address>0xfe65</run_address>
         <size>0x1ea</size>
         <input_file_ref idref="fl-ce"/>
      </object_component>
      <object_component id="oc-40">
         <name>.debug_info</name>
         <load_address>0x1004f</load_address>
         <run_address>0x1004f</run_address>
         <size>0x46</size>
         <input_file_ref idref="fl-ce"/>
      </object_component>
      <object_component id="oc-8c">
         <name>.debug_info</name>
         <load_address>0x10095</load_address>
         <run_address>0x10095</run_address>
         <size>0x2c</size>
         <input_file_ref idref="fl-ce"/>
      </object_component>
      <object_component id="oc-8a">
         <name>.debug_info</name>
         <load_address>0x100c1</load_address>
         <run_address>0x100c1</run_address>
         <size>0x29e</size>
         <input_file_ref idref="fl-cf"/>
      </object_component>
      <object_component id="oc-19">
         <name>.debug_info</name>
         <load_address>0x1035f</load_address>
         <run_address>0x1035f</run_address>
         <size>0x250</size>
         <input_file_ref idref="fl-cf"/>
      </object_component>
      <object_component id="oc-30">
         <name>.debug_info</name>
         <load_address>0x105af</load_address>
         <run_address>0x105af</run_address>
         <size>0x60</size>
         <input_file_ref idref="fl-cf"/>
      </object_component>
      <object_component id="oc-fc">
         <name>.debug_info</name>
         <load_address>0x1060f</load_address>
         <run_address>0x1060f</run_address>
         <size>0x46</size>
         <input_file_ref idref="fl-cf"/>
      </object_component>
      <object_component id="oc-85">
         <name>.debug_info</name>
         <load_address>0x10655</load_address>
         <run_address>0x10655</run_address>
         <size>0x39</size>
         <input_file_ref idref="fl-cf"/>
      </object_component>
      <object_component id="oc-1e9">
         <name>.debug_info</name>
         <load_address>0x1068e</load_address>
         <run_address>0x1068e</run_address>
         <size>0x3ad</size>
         <input_file_ref idref="fl-d0"/>
      </object_component>
      <object_component id="oc-1e3">
         <name>.debug_info</name>
         <load_address>0x10a3b</load_address>
         <run_address>0x10a3b</run_address>
         <size>0x190</size>
         <input_file_ref idref="fl-d0"/>
      </object_component>
      <object_component id="oc-142">
         <name>.debug_info</name>
         <load_address>0x10bcb</load_address>
         <run_address>0x10bcb</run_address>
         <size>0x122</size>
         <input_file_ref idref="fl-d0"/>
      </object_component>
      <object_component id="oc-147">
         <name>.debug_info</name>
         <load_address>0x10ced</load_address>
         <run_address>0x10ced</run_address>
         <size>0x184</size>
         <input_file_ref idref="fl-d0"/>
      </object_component>
      <object_component id="oc-25d">
         <name>.debug_info</name>
         <load_address>0x10e71</load_address>
         <run_address>0x10e71</run_address>
         <size>0x2c9</size>
         <input_file_ref idref="fl-d1"/>
      </object_component>
      <object_component id="oc-1e6">
         <name>.debug_info</name>
         <load_address>0x1113a</load_address>
         <run_address>0x1113a</run_address>
         <size>0x11e</size>
         <input_file_ref idref="fl-d1"/>
      </object_component>
      <object_component id="oc-256">
         <name>.debug_info</name>
         <load_address>0x11258</load_address>
         <run_address>0x11258</run_address>
         <size>0x12e</size>
         <input_file_ref idref="fl-d1"/>
      </object_component>
      <object_component id="oc-24e">
         <name>.debug_info</name>
         <load_address>0x11386</load_address>
         <run_address>0x11386</run_address>
         <size>0x144</size>
         <input_file_ref idref="fl-d2"/>
      </object_component>
      <object_component id="oc-1ba">
         <name>.debug_info</name>
         <load_address>0x114ca</load_address>
         <run_address>0x114ca</run_address>
         <size>0x102</size>
         <input_file_ref idref="fl-d2"/>
      </object_component>
      <object_component id="oc-228">
         <name>.debug_info</name>
         <load_address>0x115cc</load_address>
         <run_address>0x115cc</run_address>
         <size>0x18f</size>
         <input_file_ref idref="fl-d2"/>
      </object_component>
      <object_component id="oc-81">
         <name>.debug_info</name>
         <load_address>0x1175b</load_address>
         <run_address>0x1175b</run_address>
         <size>0x3b2</size>
         <input_file_ref idref="fl-d3"/>
      </object_component>
      <object_component id="oc-2a">
         <name>.debug_info</name>
         <load_address>0x11b0d</load_address>
         <run_address>0x11b0d</run_address>
         <size>0x10c</size>
         <input_file_ref idref="fl-d3"/>
      </object_component>
      <object_component id="oc-354">
         <name>.debug_info</name>
         <load_address>0x11c19</load_address>
         <run_address>0x11c19</run_address>
         <size>0x13f</size>
         <input_file_ref idref="fl-d3"/>
      </object_component>
      <object_component id="oc-23b">
         <name>.debug_info</name>
         <load_address>0x11d58</load_address>
         <run_address>0x11d58</run_address>
         <size>0x168</size>
         <input_file_ref idref="fl-d3"/>
      </object_component>
      <object_component id="oc-2de">
         <name>.debug_info</name>
         <load_address>0x11ec0</load_address>
         <run_address>0x11ec0</run_address>
         <size>0x18e</size>
         <input_file_ref idref="fl-d3"/>
      </object_component>
      <object_component id="oc-2e4">
         <name>.debug_info</name>
         <load_address>0x1204e</load_address>
         <run_address>0x1204e</run_address>
         <size>0x19f</size>
         <input_file_ref idref="fl-d3"/>
      </object_component>
      <object_component id="oc-235">
         <name>.debug_info</name>
         <load_address>0x121ed</load_address>
         <run_address>0x121ed</run_address>
         <size>0x203</size>
         <input_file_ref idref="fl-d3"/>
      </object_component>
      <object_component id="oc-35a">
         <name>.debug_info</name>
         <load_address>0x123f0</load_address>
         <run_address>0x123f0</run_address>
         <size>0x1db</size>
         <input_file_ref idref="fl-d3"/>
      </object_component>
      <object_component id="oc-2eb">
         <name>.debug_info</name>
         <load_address>0x125cb</load_address>
         <run_address>0x125cb</run_address>
         <size>0x299</size>
         <input_file_ref idref="fl-d3"/>
      </object_component>
      <object_component id="oc-f7">
         <name>.debug_info</name>
         <load_address>0x12864</load_address>
         <run_address>0x12864</run_address>
         <size>0xb2</size>
         <input_file_ref idref="fl-d3"/>
      </object_component>
      <object_component id="oc-2d">
         <name>.debug_info</name>
         <load_address>0x12916</load_address>
         <run_address>0x12916</run_address>
         <size>0x10b</size>
         <input_file_ref idref="fl-d4"/>
      </object_component>
      <object_component id="oc-5b">
         <name>.debug_info</name>
         <load_address>0x12a21</load_address>
         <run_address>0x12a21</run_address>
         <size>0x1a9</size>
         <input_file_ref idref="fl-d4"/>
      </object_component>
      <object_component id="oc-344">
         <name>.debug_info</name>
         <load_address>0x12bca</load_address>
         <run_address>0x12bca</run_address>
         <size>0x402</size>
         <input_file_ref idref="fl-d5"/>
      </object_component>
      <object_component id="oc-2b8">
         <name>.debug_info</name>
         <load_address>0x12fcc</load_address>
         <run_address>0x12fcc</run_address>
         <size>0x245</size>
         <input_file_ref idref="fl-d5"/>
      </object_component>
      <object_component id="oc-334">
         <name>.debug_info</name>
         <load_address>0x13211</load_address>
         <run_address>0x13211</run_address>
         <size>0x120</size>
         <input_file_ref idref="fl-d5"/>
      </object_component>
      <object_component id="oc-21f">
         <name>.debug_info</name>
         <load_address>0x13331</load_address>
         <run_address>0x13331</run_address>
         <size>0x445</size>
         <input_file_ref idref="fl-d6"/>
      </object_component>
      <object_component id="oc-1a5">
         <name>.debug_info</name>
         <load_address>0x13776</load_address>
         <run_address>0x13776</run_address>
         <size>0x2db</size>
         <input_file_ref idref="fl-d6"/>
      </object_component>
      <object_component id="oc-2b2">
         <name>.debug_info</name>
         <load_address>0x13a51</load_address>
         <run_address>0x13a51</run_address>
         <size>0xea</size>
         <input_file_ref idref="fl-d6"/>
      </object_component>
      <object_component id="oc-2ad">
         <name>.debug_info</name>
         <load_address>0x13b3b</load_address>
         <run_address>0x13b3b</run_address>
         <size>0x2c</size>
         <input_file_ref idref="fl-d6"/>
      </object_component>
      <object_component id="oc-2db">
         <name>.debug_info</name>
         <load_address>0x13b67</load_address>
         <run_address>0x13b67</run_address>
         <size>0x3a5</size>
         <input_file_ref idref="fl-d7"/>
      </object_component>
      <object_component id="oc-22d">
         <name>.debug_info</name>
         <load_address>0x13f0c</load_address>
         <run_address>0x13f0c</run_address>
         <size>0x1f3</size>
         <input_file_ref idref="fl-d7"/>
      </object_component>
      <object_component id="oc-34c">
         <name>.debug_info</name>
         <load_address>0x140ff</load_address>
         <run_address>0x140ff</run_address>
         <size>0x347</size>
         <input_file_ref idref="fl-d8"/>
      </object_component>
      <object_component id="oc-2c8">
         <name>.debug_info</name>
         <load_address>0x14446</load_address>
         <run_address>0x14446</run_address>
         <size>0x18a</size>
         <input_file_ref idref="fl-d8"/>
      </object_component>
      <object_component id="oc-27b">
         <name>.debug_info</name>
         <load_address>0x145d0</load_address>
         <run_address>0x145d0</run_address>
         <size>0x42c</size>
         <input_file_ref idref="fl-d9"/>
      </object_component>
      <object_component id="oc-212">
         <name>.debug_info</name>
         <load_address>0x149fc</load_address>
         <run_address>0x149fc</run_address>
         <size>0x192</size>
         <input_file_ref idref="fl-d9"/>
      </object_component>
      <object_component id="oc-33c">
         <name>.debug_info</name>
         <load_address>0x14b8e</load_address>
         <run_address>0x14b8e</run_address>
         <size>0x1eb</size>
         <input_file_ref idref="fl-d9"/>
      </object_component>
      <object_component id="oc-3c">
         <name>.debug_info</name>
         <load_address>0x14d79</load_address>
         <run_address>0x14d79</run_address>
         <size>0x119</size>
         <input_file_ref idref="fl-da"/>
      </object_component>
      <object_component id="oc-1ec">
         <name>.debug_info</name>
         <load_address>0x14e92</load_address>
         <run_address>0x14e92</run_address>
         <size>0x4b3</size>
         <input_file_ref idref="fl-db"/>
      </object_component>
      <object_component id="oc-14e">
         <name>.debug_info</name>
         <load_address>0x15345</load_address>
         <run_address>0x15345</run_address>
         <size>0x1a6</size>
         <input_file_ref idref="fl-db"/>
      </object_component>
      <object_component id="oc-263">
         <name>.debug_info</name>
         <load_address>0x154eb</load_address>
         <run_address>0x154eb</run_address>
         <size>0x39</size>
         <input_file_ref idref="fl-db"/>
      </object_component>
      <object_component id="oc-2f8">
         <name>.debug_info</name>
         <load_address>0x15524</load_address>
         <run_address>0x15524</run_address>
         <size>0x39</size>
         <input_file_ref idref="fl-db"/>
      </object_component>
      <object_component id="oc-268">
         <name>.debug_info</name>
         <load_address>0x1555d</load_address>
         <run_address>0x1555d</run_address>
         <size>0x39</size>
         <input_file_ref idref="fl-db"/>
      </object_component>
      <object_component id="oc-26d">
         <name>.debug_info</name>
         <load_address>0x15596</load_address>
         <run_address>0x15596</run_address>
         <size>0xcd</size>
         <input_file_ref idref="fl-db"/>
      </object_component>
      <object_component id="oc-a1">
         <name>.debug_info</name>
         <load_address>0x15663</load_address>
         <run_address>0x15663</run_address>
         <size>0x153</size>
         <input_file_ref idref="fl-dc"/>
      </object_component>
      <object_component id="oc-398">
         <name>.debug_info</name>
         <load_address>0x157b6</load_address>
         <run_address>0x157b6</run_address>
         <size>0x29a</size>
         <input_file_ref idref="fl-df"/>
      </object_component>
      <object_component id="oc-37d">
         <name>.debug_info</name>
         <load_address>0x15a50</load_address>
         <run_address>0x15a50</run_address>
         <size>0x262</size>
         <input_file_ref idref="fl-df"/>
      </object_component>
      <object_component id="oc-305">
         <name>.debug_info</name>
         <load_address>0x15cb2</load_address>
         <run_address>0x15cb2</run_address>
         <size>0x28a</size>
         <input_file_ref idref="fl-e0"/>
      </object_component>
      <object_component id="oc-276">
         <name>.debug_info</name>
         <load_address>0x15f3c</load_address>
         <run_address>0x15f3c</run_address>
         <size>0x273</size>
         <input_file_ref idref="fl-e0"/>
      </object_component>
      <object_component id="oc-27d">
         <name>.debug_info</name>
         <load_address>0x161af</load_address>
         <run_address>0x161af</run_address>
         <size>0x2af</size>
         <input_file_ref idref="fl-e1"/>
      </object_component>
      <object_component id="oc-216">
         <name>.debug_info</name>
         <load_address>0x1645e</load_address>
         <run_address>0x1645e</run_address>
         <size>0x277</size>
         <input_file_ref idref="fl-e1"/>
      </object_component>
      <object_component id="oc-385">
         <name>.debug_info</name>
         <load_address>0x166d5</load_address>
         <run_address>0x166d5</run_address>
         <size>0x397</size>
         <input_file_ref idref="fl-e2"/>
      </object_component>
      <object_component id="oc-348">
         <name>.debug_info</name>
         <load_address>0x16a6c</load_address>
         <run_address>0x16a6c</run_address>
         <size>0x18f</size>
         <input_file_ref idref="fl-e2"/>
      </object_component>
      <object_component id="oc-2aa">
         <name>.debug_info</name>
         <load_address>0x16bfb</load_address>
         <run_address>0x16bfb</run_address>
         <size>0x337</size>
         <input_file_ref idref="fl-e3"/>
      </object_component>
      <object_component id="oc-21c">
         <name>.debug_info</name>
         <load_address>0x16f32</load_address>
         <run_address>0x16f32</run_address>
         <size>0x109</size>
         <input_file_ref idref="fl-e3"/>
      </object_component>
      <object_component id="oc-341">
         <name>.debug_info</name>
         <load_address>0x1703b</load_address>
         <run_address>0x1703b</run_address>
         <size>0x109</size>
         <input_file_ref idref="fl-e3"/>
      </object_component>
      <object_component id="oc-34e">
         <name>.debug_info</name>
         <load_address>0x17144</load_address>
         <run_address>0x17144</run_address>
         <size>0x3cf</size>
         <input_file_ref idref="fl-e5"/>
      </object_component>
      <object_component id="oc-2cf">
         <name>.debug_info</name>
         <load_address>0x17513</load_address>
         <run_address>0x17513</run_address>
         <size>0x195</size>
         <input_file_ref idref="fl-e5"/>
      </object_component>
      <object_component id="oc-350">
         <name>.debug_info</name>
         <load_address>0x176a8</load_address>
         <run_address>0x176a8</run_address>
         <size>0x3d1</size>
         <input_file_ref idref="fl-e6"/>
      </object_component>
      <object_component id="oc-2d4">
         <name>.debug_info</name>
         <load_address>0x17a79</load_address>
         <run_address>0x17a79</run_address>
         <size>0x1a5</size>
         <input_file_ref idref="fl-e6"/>
      </object_component>
      <object_component id="oc-321">
         <name>.debug_info</name>
         <load_address>0x17c1e</load_address>
         <run_address>0x17c1e</run_address>
         <size>0x373</size>
         <input_file_ref idref="fl-e7"/>
      </object_component>
      <object_component id="oc-285">
         <name>.debug_info</name>
         <load_address>0x17f91</load_address>
         <run_address>0x17f91</run_address>
         <size>0x1bc</size>
         <input_file_ref idref="fl-e7"/>
      </object_component>
      <object_component id="oc-327">
         <name>.debug_info</name>
         <load_address>0x1814d</load_address>
         <run_address>0x1814d</run_address>
         <size>0x378</size>
         <input_file_ref idref="fl-e8"/>
      </object_component>
      <object_component id="oc-297">
         <name>.debug_info</name>
         <load_address>0x184c5</load_address>
         <run_address>0x184c5</run_address>
         <size>0x210</size>
         <input_file_ref idref="fl-e8"/>
      </object_component>
      <object_component id="oc-31d">
         <name>.debug_info</name>
         <load_address>0x186d5</load_address>
         <run_address>0x186d5</run_address>
         <size>0x3a3</size>
         <input_file_ref idref="fl-e9"/>
      </object_component>
      <object_component id="oc-27f">
         <name>.debug_info</name>
         <load_address>0x18a78</load_address>
         <run_address>0x18a78</run_address>
         <size>0x20c</size>
         <input_file_ref idref="fl-e9"/>
      </object_component>
      <object_component id="oc-323">
         <name>.debug_info</name>
         <load_address>0x18c84</load_address>
         <run_address>0x18c84</run_address>
         <size>0x377</size>
         <input_file_ref idref="fl-ea"/>
      </object_component>
      <object_component id="oc-28b">
         <name>.debug_info</name>
         <load_address>0x18ffb</load_address>
         <run_address>0x18ffb</run_address>
         <size>0x1fb</size>
         <input_file_ref idref="fl-ea"/>
      </object_component>
      <object_component id="oc-331">
         <name>.debug_info</name>
         <load_address>0x191f6</load_address>
         <run_address>0x191f6</run_address>
         <size>0x3d5</size>
         <input_file_ref idref="fl-eb"/>
      </object_component>
      <object_component id="oc-2a3">
         <name>.debug_info</name>
         <load_address>0x195cb</load_address>
         <run_address>0x195cb</run_address>
         <size>0x236</size>
         <input_file_ref idref="fl-eb"/>
      </object_component>
      <object_component id="oc-329">
         <name>.debug_info</name>
         <load_address>0x19801</load_address>
         <run_address>0x19801</run_address>
         <size>0x396</size>
         <input_file_ref idref="fl-ec"/>
      </object_component>
      <object_component id="oc-29d">
         <name>.debug_info</name>
         <load_address>0x19b97</load_address>
         <run_address>0x19b97</run_address>
         <size>0x1c6</size>
         <input_file_ref idref="fl-ec"/>
      </object_component>
      <object_component id="oc-325">
         <name>.debug_info</name>
         <load_address>0x19d5d</load_address>
         <run_address>0x19d5d</run_address>
         <size>0x378</size>
         <input_file_ref idref="fl-ed"/>
      </object_component>
      <object_component id="oc-294">
         <name>.debug_info</name>
         <load_address>0x1a0d5</load_address>
         <run_address>0x1a0d5</run_address>
         <size>0x200</size>
         <input_file_ref idref="fl-ed"/>
      </object_component>
      <object_component id="oc-367">
         <name>.debug_info</name>
         <load_address>0x1a2d5</load_address>
         <run_address>0x1a2d5</run_address>
         <size>0x2bb</size>
         <input_file_ref idref="fl-ee"/>
      </object_component>
      <object_component id="oc-364">
         <name>.debug_info</name>
         <load_address>0x1a590</load_address>
         <run_address>0x1a590</run_address>
         <size>0x108</size>
         <input_file_ref idref="fl-ee"/>
      </object_component>
      <object_component id="oc-313">
         <name>.debug_info</name>
         <load_address>0x1a698</load_address>
         <run_address>0x1a698</run_address>
         <size>0x1df</size>
         <input_file_ref idref="fl-ee"/>
      </object_component>
      <object_component id="oc-318">
         <name>.debug_info</name>
         <load_address>0x1a877</load_address>
         <run_address>0x1a877</run_address>
         <size>0x19a</size>
         <input_file_ref idref="fl-ee"/>
      </object_component>
      <object_component id="oc-376">
         <name>.debug_info</name>
         <load_address>0x1aa11</load_address>
         <run_address>0x1aa11</run_address>
         <size>0x2a4</size>
         <input_file_ref idref="fl-ef"/>
      </object_component>
      <object_component id="oc-32d">
         <name>.debug_info</name>
         <load_address>0x1acb5</load_address>
         <run_address>0x1acb5</run_address>
[...]
      </symbol>
      <symbol id="sm-3d7">
         <name>OPT3101_GetMeasurement</name>
         <value>0x1115</value>
         <object_component_ref idref="oc-76"/>
      </symbol>
      <symbol id="sm-3d8">
         <name>OPT3101_CalibrateInternalCrosstalk</name>
         <value>0xf57</value>
         <object_component_ref idref="oc-76"/>
      </symbol>
      <symbol id="sm-3d9">
         <name>OPT3101_Setup</name>
         <value>0xe2d</value>
         <object_component_ref idref="oc-76"/>
      </symbol>
      <symbol id="sm-3da">
         <name>OPT3101_MeasurementError</name>
         <value>0x109f</value>
         <object_component_ref idref="oc-76"/>
      </symbol>
      <symbol id="sm-3db">
         <name>OPT3101_ArmInterrupts</name>
         <value>0x1197</value>
         <object_component_ref idref="oc-76"/>
      </symbol>
      <symbol id="sm-3dc">
         <name>OPT3101_ReadRegister</name>
         <value>0xd65</value>
         <object_component_ref idref="oc-76"/>
      </symbol>
      <symbol id="sm-3dd">
         <name>OPT3101_GetDistanceMillimeters</name>
         <value>0x10e7</value>
         <object_component_ref idref="oc-76"/>
      </symbol>
      <symbol id="sm-3de">
         <name>OPT3101_Init</name>
         <value>0xdcf</value>
         <object_component_ref idref="oc-76"/>
      </symbol>
      <symbol id="sm-3df">
         <name>OPT3101_GetAmplitude</name>
         <value>0x10c9</value>
         <object_component_ref idref="oc-76"/>
      </symbol>
      <symbol id="sm-3e0">
         <name>PORT6_IRQHandler</name>
         <value>0x11ed</value>
         <object_component_ref idref="oc-76"/>
      </symbol>
      <symbol id="sm-3e1">
         <name>OPT3101_StartMeasurementChannel</name>
         <value>0x1047</value>
         <object_component_ref idref="oc-76"/>
      </symbol>
      <symbol id="sm-3e2">
         <name>OPT3101_GetPhase</name>
         <value>0x10dd</value>
         <object_component_ref idref="oc-76"/>
      </symbol>
      <symbol id="sm-3e3">
         <name>OPT3101_WriteRegister</name>
         <value>0xd95</value>
         <object_component_ref idref="oc-76"/>
      </symbol>
      <symbol id="sm-3e4">
         <name>OPT3101_GetTxChannel</name>
         <value>0x10bf</value>
         <object_component_ref idref="oc-76"/>
      </symbol>
      <symbol id="sm-440">
         <name>__TI_cleanup</name>
         <value>0x30c1</value>
         <object_component_ref idref="oc-23f"/>
      </symbol>
      <symbol id="sm-441">
         <name>freopen</name>
         <value>0x315d</value>
         <object_component_ref idref="oc-1ad"/>
      </symbol>
      <symbol id="sm-442">
         <name>fopen</name>
         <value>0x2909</value>
         <object_component_ref idref="oc-1a7"/>
      </symbol>
      <symbol id="sm-463">
         <name>setvbuf</name>
         <value>0x25e5</value>
         <object_component_ref idref="oc-1b3"/>
      </symbol>
      <symbol id="sm-472">
         <name>__aeabi_memset</name>
         <value>0x2a43</value>
         <object_component_ref idref="oc-9a"/>
      </symbol>
      <symbol id="sm-473">
         <name>memset</name>
         <value>0x2a49</value>
         <object_component_ref idref="oc-9a"/>
      </symbol>
      <symbol id="sm-474">
         <name>__aeabi_memset8</name>
         <value>0x2a43</value>
         <object_component_ref idref="oc-9a"/>
      </symbol>
      <symbol id="sm-475">
         <name>__aeabi_memset4</name>
         <value>0x2a43</value>
         <object_component_ref idref="oc-9a"/>
      </symbol>
      <symbol id="sm-476">
         <name>__aeabi_memclr8</name>
         <value>0x2a41</value>
         <object_component_ref idref="oc-9a"/>
      </symbol>
      <symbol id="sm-477">
         <name>__aeabi_memclr4</name>
         <value>0x2a41</value>
         <object_component_ref idref="oc-9a"/>
      </symbol>
      <symbol id="sm-478">
         <name>__aeabi_memclr</name>
         <value>0x2a41</value>
         <object_component_ref idref="oc-9a"/>
      </symbol>
      <symbol id="sm-48f">
         <name>__TI_zero_init</name>
         <value>0x32ef</value>
         <object_component_ref idref="oc-4c"/>
      </symbol>
      <symbol id="sm-4a6">
         <name>__TI_decompress_none</name>
         <value>0x32d3</value>
         <object_component_ref idref="oc-1d"/>
      </symbol>
      <symbol id="sm-4c9">
         <name>__TI_decompress_lzss</name>
         <value>0x2c75</value>
         <object_component_ref idref="oc-17"/>
      </symbol>
      <symbol id="sm-4ef">
         <name>C$$EXIT</name>
         <value>0x3307</value>
         <object_component_ref idref="oc-140"/>
      </symbol>
      <symbol id="sm-4f0">
         <name>abort</name>
         <value>0x3307</value>
         <object_component_ref idref="oc-140"/>
      </symbol>
      <symbol id="sm-4f1">
         <name>__TI_dtors_ptr</name>
         <value>0x2000396c</value>
         <object_component_ref idref="oc-1e2"/>
      </symbol>
      <symbol id="sm-4f2">
         <name>__TI_cleanup_ptr</name>
         <value>0x20003968</value>
         <object_component_ref idref="oc-1e2"/>
      </symbol>
      <symbol id="sm-4f3">
         <name>__TI_enable_exit_profile_output</name>
         <value>0x20003970</value>
         <object_component_ref idref="oc-1e2"/>
      </symbol>
      <symbol id="sm-4f4">
         <name>exit</name>
         <value>0x2ef9</value>
         <object_component_ref idref="oc-146"/>
      </symbol>
      <symbol id="sm-509">
         <name>_nop</name>
         <value>0x2abb</value>
         <object_component_ref idref="oc-255"/>
      </symbol>
      <symbol id="sm-50a">
         <name>_lock</name>
         <value>0x20003974</value>
         <object_component_ref idref="oc-1e5"/>
      </symbol>
      <symbol id="sm-50b">
         <name>_unlock</name>
         <value>0x20003978</value>
         <object_component_ref idref="oc-1e5"/>
      </symbol>
      <symbol id="sm-520">
         <name>__TI_tmpnams</name>
         <value>0x20003220</value>
      </symbol>
      <symbol id="sm-521">
         <name>__aeabi_stdout</name>
         <value>0x20003960</value>
         <object_component_ref idref="oc-227"/>
      </symbol>
      <symbol id="sm-522">
         <name>__aeabi_stderr</name>
         <value>0x20003964</value>
         <object_component_ref idref="oc-227"/>
      </symbol>
      <symbol id="sm-523">
         <name>__aeabi_stdin</name>
         <value>0x2000395c</value>
         <object_component_ref idref="oc-227"/>
      </symbol>
      <symbol id="sm-524">
         <name>_ftable</name>
         <value>0x20003778</value>
         <object_component_ref idref="oc-1b9"/>
      </symbol>
      <symbol id="sm-525">
         <name>__TI_ft_end</name>
         <value>0x20003958</value>
         <object_component_ref idref="oc-227"/>
      </symbol>
      <symbol id="sm-5a9">
         <name>_sys_memory</name>
         <value>0x20003378</value>
         <object_component_ref idref="oc-29"/>
      </symbol>
      <symbol id="sm-5aa">
         <name>free</name>
         <value>0x2501</value>
         <object_component_ref idref="oc-233"/>
      </symbol>
      <symbol id="sm-5ab">
         <name>memalign</name>
         <value>0x2309</value>
         <object_component_ref idref="oc-2e9"/>
      </symbol>
      <symbol id="sm-5ac">
         <name>malloc</name>
         <value>0x32fb</value>
         <object_component_ref idref="oc-239"/>
      </symbol>
      <symbol id="sm-5ad">
         <name>aligned_alloc</name>
         <value>0x2309</value>
         <object_component_ref idref="oc-2e9"/>
      </symbol>
      <symbol id="sm-5c0">
         <name>__stack</name>
         <value>0x2000fe00</value>
         <object_component_ref idref="oc-2c"/>
      </symbol>
      <symbol id="sm-5c1">
         <name>_c_int00_noargs</name>
         <value>0x3129</value>
         <object_component_ref idref="oc-58"/>
      </symbol>
      <symbol id="sm-5e3">
         <name>open</name>
         <value>0x2795</value>
         <object_component_ref idref="oc-2b7"/>
      </symbol>
      <symbol id="sm-608">
         <name>add_device</name>
         <value>0x2851</value>
         <object_component_ref idref="oc-1a1"/>
      </symbol>
      <symbol id="sm-61d">
         <name>__TI_closefile</name>
         <value>0x2abd</value>
         <object_component_ref idref="oc-22c"/>
      </symbol>
      <symbol id="sm-62d">
         <name>__TI_doflush</name>
         <value>0x2ead</value>
         <object_component_ref idref="oc-2c7"/>
      </symbol>
      <symbol id="sm-64b">
         <name>finddevice</name>
         <value>0x3191</value>
         <object_component_ref idref="oc-20e"/>
      </symbol>
      <symbol id="sm-64c">
         <name>getdevice</name>
         <value>0x300d</value>
         <object_component_ref idref="oc-339"/>
      </symbol>
      <symbol id="sm-667">
         <name>memcpy</name>
         <value>0x29a5</value>
         <object_component_ref idref="oc-3a"/>
      </symbol>
      <symbol id="sm-668">
         <name>__aeabi_memcpy</name>
         <value>0x29a5</value>
         <object_component_ref idref="oc-3a"/>
      </symbol>
      <symbol id="sm-669">
         <name>__aeabi_memcpy8</name>
         <value>0x29a5</value>
         <object_component_ref idref="oc-3a"/>
      </symbol>
      <symbol id="sm-66a">
         <name>__aeabi_memcpy4</name>
         <value>0x29a5</value>
         <object_component_ref idref="oc-3a"/>
      </symbol>
      <symbol id="sm-692">
         <name>__TI_auto_init_nobinit_nopinit</name>
         <value>0x2fc9</value>
         <object_component_ref idref="oc-14c"/>
      </symbol>
      <symbol id="sm-69c">
         <name>_system_pre_init</name>
         <value>0x3303</value>
         <object_component_ref idref="oc-a0"/>
      </symbol>
      <symbol id="sm-6ae">
         <name>strchr</name>
         <value>0x3295</value>
         <object_component_ref idref="oc-379"/>
      </symbol>
      <symbol id="sm-6bd">
         <name>strcmp</name>
         <value>0x327d</value>
         <object_component_ref idref="oc-274"/>
      </symbol>
      <symbol id="sm-6cd">
         <name>strncpy</name>
         <value>0x3089</value>
         <object_component_ref idref="oc-214"/>
      </symbol>
      <symbol id="sm-6dd">
         <name>write</name>
         <value>0x3215</value>
         <object_component_ref idref="oc-345"/>
      </symbol>
      <symbol id="sm-6ee">
         <name>_stream</name>
         <value>0x200038e0</value>
         <object_component_ref idref="oc-340"/>
      </symbol>
      <symbol id="sm-6ef">
         <name>_device</name>
         <value>0x20003868</value>
         <object_component_ref idref="oc-21b"/>
      </symbol>
      <symbol id="sm-704">
         <name>close</name>
         <value>0x2da1</value>
         <object_component_ref idref="oc-2cd"/>
      </symbol>
      <symbol id="sm-714">
         <name>unlink</name>
         <value>0x31c1</value>
         <object_component_ref idref="oc-2d3"/>
      </symbol>
      <symbol id="sm-725">
         <name>HOSTclose</name>
         <value>0x2f41</value>
         <object_component_ref idref="oc-284"/>
      </symbol>
      <symbol id="sm-736">
         <name>HOSTlseek</name>
         <value>0x2c0d</value>
         <object_component_ref idref="oc-296"/>
      </symbol>
      <symbol id="sm-748">
         <name>parmbuf</name>
         <value>0x20003300</value>
      </symbol>
      <symbol id="sm-749">
         <name>HOSTopen</name>
         <value>0x2d41</value>
         <object_component_ref idref="oc-27e"/>
      </symbol>
      <symbol id="sm-75a">
         <name>HOSTread</name>
         <value>0x2dfd</value>
         <object_component_ref idref="oc-28a"/>
      </symbol>
      <symbol id="sm-76b">
         <name>HOSTrename</name>
         <value>0x2ba1</value>
         <object_component_ref idref="oc-2a2"/>
      </symbol>
      <symbol id="sm-77c">
         <name>HOSTunlink</name>
         <value>0x2f85</value>
         <object_component_ref idref="oc-29c"/>
      </symbol>
      <symbol id="sm-78d">
         <name>HOSTwrite</name>
         <value>0x2e55</value>
         <object_component_ref idref="oc-290"/>
      </symbol>
      <symbol id="sm-7b1">
         <name>__TI_readmsg</name>
         <value>0x30f5</value>
         <object_component_ref idref="oc-316"/>
      </symbol>
      <symbol id="sm-7b2">
         <name>C$$IO$$</name>
         <value>0x307f</value>
         <object_component_ref idref="oc-310"/>
      </symbol>
      <symbol id="sm-7b3">
         <name>__CIOBUF_</name>
         <value>0x20003000</value>
         <object_component_ref idref="oc-363"/>
      </symbol>
      <symbol id="sm-7b4">
         <name>__TI_writemsg</name>
         <value>0x3051</value>
         <object_component_ref idref="oc-310"/>
      </symbol>
      <symbol id="sm-7c2">
         <name>strcpy</name>
         <value>0x32ab</value>
         <object_component_ref idref="oc-32a"/>
      </symbol>
      <symbol id="sm-7d0">
         <name>strlen</name>
         <value>0x32bf</value>
         <object_component_ref idref="oc-30a"/>
      </symbol>
      <symbol id="sm-7d1">
         <name>__TI_static_base__</name>
         <value>0x0</value>
      </symbol>
      <symbol id="sm-7d4">
         <name>__mpu_init</name>
         <value>0x0</value>
      </symbol>
      <symbol id="sm-7d5">
         <name>_system_post_cinit</name>
         <value>0x0</value>
      </symbol>
      <symbol id="sm-7d6">
         <name>NMI_Handler</name>
         <value>0x32ed</value>
      </symbol>
      <symbol id="sm-7d7">
         <name>HardFault_Handler</name>
         <value>0x32ed</value>
      </symbol>
      <symbol id="sm-7d8">
         <name>MemManage_Handler</name>
         <value>0x32ed</value>
      </symbol>
      <symbol id="sm-7d9">
         <name>BusFault_Handler</name>
         <value>0x32ed</value>
      </symbol>
      <symbol id="sm-7da">
         <name>UsageFault_Handler</name>
         <value>0x32ed</value>
      </symbol>
      <symbol id="sm-7db">
         <name>SVC_Handler</name>
         <value>0x32ed</value>
      </symbol>
      <symbol id="sm-7dc">
         <name>DebugMon_Handler</name>
         <value>0x32ed</value>
      </symbol>
      <symbol id="sm-7dd">
         <name>PendSV_Handler</name>
         <value>0x32ed</value>
      </symbol>
      <symbol id="sm-7de">
         <name>SysTick_Handler</name>
         <value>0x32ed</value>
      </symbol>
      <symbol id="sm-7df">
         <name>PSS_IRQHandler</name>
         <value>0x32ed</value>
      </symbol>
      <symbol id="sm-7e0">
         <name>CS_IRQHandler</name>
         <value>0x32ed</value>
      </symbol>
      <symbol id="sm-7e1">
         <name>PCM_IRQHandler</name>
         <value>0x32ed</value>
      </symbol>
      <symbol id="sm-7e2">
         <name>WDT_A_IRQHandler</name>
         <value>0x32ed</value>
      </symbol>
      <symbol id="sm-7e3">
         <name>FPU_IRQHandler</name>
         <value>0x32ed</value>
      </symbol>
      <symbol id="sm-7e4">
         <name>FLCTL_IRQHandler</name>
         <value>0x32ed</value>
      </symbol>
      <symbol id="sm-7e5">
         <name>COMP_E0_IRQHandler</name>
         <value>0x32ed</value>
      </symbol>
      <symbol id="sm-7e6">
         <name>COMP_E1_IRQHandler</name>
         <value>0x32ed</value>
      </symbol>
      <symbol id="sm-7e7">
         <name>TA0_0_IRQHandler</name>
         <value>0x32ed</value>
      </symbol>
      <symbol id="sm-7e8">
         <name>TA0_N_IRQHandler</name>
         <value>0x32ed</value>
      </symbol>
      <symbol id="sm-7e9">
         <name>TA1_0_IRQHandler</name>
         <value>0x32ed</value>
      </symbol>
      <symbol id="sm-7ea">
         <name>TA1_N_IRQHandler</name>
         <value>0x32ed</value>
      </symbol>
      <symbol id="sm-7eb">
         <name>TA2_0_IRQHandler</name>
         <value>0x32ed</value>
      </symbol>
      <symbol id="sm-7ec">
         <name>TA2_N_IRQHandler</name>
         <value>0x32ed</value>
      </symbol>
      <symbol id="sm-7ed">
         <name>TA3_0_IRQHandler</name>
         <value>0x32ed</value>
      </symbol>
      <symbol id="sm-7ee">
         <name>TA3_N_IRQHandler</name>
         <value>0x32ed</value>
      </symbol>
      <symbol id="sm-7ef">
         <name>EUSCIA0_IRQHandler</name>
         <value>0x32ed</value>
      </symbol>
      <symbol id="sm-7f0">
         <name>EUSCIA1_IRQHandler</name>
         <value>0x32ed</value>
      </symbol>
      <symbol id="sm-7f1">
         <name>EUSCIA2_IRQHandler</name>
         <value>0x2003</value>
      </symbol>
      <symbol id="sm-7f2">
         <name>EUSCIA3_IRQHandler</name>
         <value>0x32ed</value>
      </symbol>
      <symbol id="sm-7f3">
         <name>EUSCIB0_IRQHandler</name>
         <value>0x32ed</value>
      </symbol>
      <symbol id="sm-7f4">
         <name>EUSCIB1_IRQHandler</name>
         <value>0x32ed</value>
      </symbol>
      <symbol id="sm-7f5">
         <name>EUSCIB2_IRQHandler</name>
         <value>0x32ed</value>
      </symbol>
      <symbol id="sm-7f6">
         <name>EUSCIB3_IRQHandler</name>
         <value>0x32ed</value>
      </symbol>
      <symbol id="sm-7f7">
         <name>ADC14_IRQHandler</name>
         <value>0x32ed</value>
      </symbol>
      <symbol id="sm-7f8">
         <name>T32_INT1_IRQHandler</name>
         <value>0x32ed</value>
      </symbol>
      <symbol id="sm-7f9">
         <name>T32_INT2_IRQHandler</name>
         <value>0x32ed</value>
      </symbol>
      <symbol id="sm-7fa">
         <name>T32_INTC_IRQHandler</name>
         <value>0x32ed</value>
      </symbol>
      <symbol id="sm-7fb">
         <name>AES256_IRQHandler</name>
         <value>0x32ed</value>
      </symbol>
      <symbol id="sm-7fc">
         <name>RTC_C_IRQHandler</name>
         <value>0x32ed</value>
      </symbol>
      <symbol id="sm-7fd">
         <name>DMA_ERR_IRQHandler</name>
         <value>0x32ed</value>
      </symbol>
      <symbol id="sm-7fe">
         <name>DMA_INT3_IRQHandler</name>
         <value>0x32ed</value>
      </symbol>
      <symbol id="sm-7ff">
         <name>DMA_INT2_IRQHandler</name>
         <value>0x32ed</value>
      </symbol>
      <symbol id="sm-800">
         <name>DMA_INT1_IRQHandler</name>
         <value>0x32ed</value>
      </symbol>
      <symbol id="sm-801">
         <name>DMA_INT0_IRQHandler</name>
         <value>0x32ed</value>
      </symbol>
      <symbol id="sm-802">
         <name>PORT1_IRQHandler</name>
         <value>0x32ed</value>
      </symbol>
      <symbol id="sm-803">
         <name>PORT2_IRQHandler</name>
         <value>0x32ed</value>
      </symbol>
      <symbol id="sm-804">
         <name>PORT3_IRQHandler</name>
         <value>0x32ed</value>
      </symbol>
      <symbol id="sm-805">
         <name>PORT4_IRQHandler</name>
         <value>0x32ed</value>
      </symbol>
      <symbol id="sm-806">
         <name>PORT5_IRQHandler</name>
         <value>0x32ed</value>
      </symbol>
      <symbol id="sm-807">
         <name>PORT6_IRQHandler</name>
         <value>0x11ed</value>
      </symbol>
      <symbol id="sm-808">
         <name>remove</name>
         <value>0x31c1</value>
      </symbol>
   </symbol_table>
   <title>Link successful</title>
</link_info>
