******************************************************************************
                  TI ARM Linker PC v20.2.7                     
******************************************************************************
>> Linked Mon Apr 24 17:30:46 2023

OUTPUT FILE NAME:   <Lab21_OPT3101.out>
ENTRY POINT SYMBOL: "_c_int00_noargs"  address: 00012d89


MEMORY CONFIGURATION

         name            origin    length      used     unused   attr    fill
----------------------  --------  ---------  --------  --------  ----  --------
  MAIN                  00000000   00040000  0001653e  00029ac2  R  X
  INFO                  00200000   00004000  00000000  00004000  R  X
  SRAM_CODE             01000000   00010000  00004a49  0000b5b7  RW X
  SRAM_DATA             20000000   00010000  00004a49  0000b5b7  RW  


SEGMENT ALLOCATION MAP

run origin  load origin   length   init length attrs members
----------  ----------- ---------- ----------- ----- -------
00000000    00000000    00016540   00016540    r-x
  00000000    00000000    000000e4   000000e4    r-- .intvecs
  000000e4    000000e4    00013014   00013014    r-x .text
  000130f8    000130f8    0000331e   0000331e    r-- .const
  00016418    00016418    00000128   00000128    r-- .cinit
20000000    20000000    00004850   00000000    rw-
  20000000    20000000    000000e4   00000000    rw- .vtable
  200000e4    200000e4    00004095   00000000    rw- .bss
  20004180    20004180    00000400   00000000    rw- .sysmem
  20004580    20004580    000002d0   00000000    rw- .data
2000fe00    2000fe00    00000200   00000000    rw-
  2000fe00    2000fe00    00000200   00000000    rw- .stack


SECTION ALLOCATION MAP

 output                                  attributes/
section   page    origin      length       input sections
--------  ----  ----------  ----------   ----------------
.intvecs   0    00000000    000000e4     
                  00000000    000000e4     startup_msp432p401r_ccs.obj (.intvecs:retain)

.text      0    000000e4    00013014     
                  000000e4    00002034     driver.obj (.text)
                  00002118    00001598     flash.obj (.text)
                  000036b0    000014a0     Lab21_OPT3101_TestMain.obj (.text)
                  00004b50    00001340     SSD1306.obj (.text)
                  00005e90    00000ed4     socket.obj (.text)
                  00006d64    00000d7c     cs.obj (.text)
                  00007ae0    00000b3c     netapp.obj (.text)
                  0000861c    00000ad0     odometry.obj (.text)
                  000090ec    00000ac0     wlan.obj (.text)
                  00009bac    00000a4e     rtsv7M4_T_le_v4SPD16_eabi.lib : _printfi.c.obj (.text:__TI_printfi)
                  0000a5fa    00000002                                   : _lock.c.obj (.text:_nop)
                  0000a5fc    000009fc     MQTTClient.obj (.text)
                  0000aff8    00000838     pcm.obj (.text)
                  0000b830    00000678     UART0.obj (.text)
                  0000bea8    000005b8     device.obj (.text)
                  0000c460    0000051c     opt3101.obj (.text)
                  0000c97c    00000508     rtc_c.obj (.text)
                  0000ce84    00000480     gpio.obj (.text)
                  0000d304    000003f8     MQTTPacket.obj (.text)
                  0000d6fc    000003f0     interrupt.obj (.text)
                  0000daec    000003ac     MQTTConnectClient.obj (.text)
                  0000de98    000003a4     I2CB1.obj (.text)
                  0000e23c    000003a0     LPF.obj (.text)
                  0000e5dc    00000388     MQTTCC3100.obj (.text)
                  0000e964    00000344     board.obj (.text)
                  0000eca8    00000334     system_msp432p401r.obj (.text)
                  0000efdc    00000270     rtsv7M4_T_le_v4SPD16_eabi.lib : _printfi.c.obj (.text:_pconv_a)
                  0000f24c    00000244     sysctl.obj (.text)
                  0000f490    00000230     fixed.obj (.text)
                  0000f6c0    00000218     MQTTSerializePublish.obj (.text)
                  0000f8d8    00000218     MQTTSubscribeClient.obj (.text)
                  0000faf0    00000214     spi_cc3100.obj (.text)
                  0000fd04    000001e0     Clock.obj (.text)
                  0000fee4    000001d0     rtsv7M4_T_le_v4SPD16_eabi.lib : _printfi.c.obj (.text:_pconv_g)
                  000100b4    000001b6                                   : fd_add_t2.asm.obj (.text)
                  0001026a    00000002                                   : div0.asm.obj (.text)
                  0001026c    000001a4     UART1.obj (.text)
                  00010410    000001a0     MQTTUnsubscribeClient.obj (.text)
                  000105b0    00000184     crc32.obj (.text)
                  00010734    0000017c     Motor.obj (.text)
                  000108b0    0000013c     Tachometer.obj (.text)
                  000109ec    0000013c     rtsv7M4_T_le_v4SPD16_eabi.lib : _printfi.c.obj (.text:_pconv_e)
                  00010b28    00000138     MQTTDeserializePublish.obj (.text)
                  00010c60    00000136     rtsv7M4_T_le_v4SPD16_eabi.lib : fd_div_t2.asm.obj (.text)
                  00010d96    00000002     --HOLE-- [fill = 0]
                  00010d98    00000130     nonos.obj (.text)
                  00010ec8    00000124     rtsv7M4_T_le_v4SPD16_eabi.lib : _printfi.c.obj (.text:fcvt)
                  00010fec    00000114                                   : fputs.c.obj (.text:fputs)
                  00011100    00000110                                   : fopen.c.obj (.text:_openfile)
                  00011210    00000110     netcfg.obj (.text)
                  00011320    00000110     rtsv7M4_T_le_v4SPD16_eabi.lib : s_scalbn.c.obj (.text:scalbn)
                  00011430    00000100                                   : memory.c.obj (.text:aligned_alloc)
                  00011530    000000fc                                   : fd_mul_t2.asm.obj (.text)
                  0001162c    000000f8     LaunchPad.obj (.text)
                  00011724    000000e4     rtsv7M4_T_le_v4SPD16_eabi.lib : memory.c.obj (.text:free)
                  00011808    000000dc                                   : setvbuf.c.obj (.text:setvbuf)
                  000118e4    000000d8     wdt_a.obj (.text)
                  000119bc    000000d4     PWM.obj (.text)
                  00011a90    000000bc     Bump.obj (.text)
                  00011b4c    000000bc     rtsv7M4_T_le_v4SPD16_eabi.lib : open.c.obj (.text:open)
                  00011c08    000000b8                                   : add_device.c.obj (.text:add_device)
                  00011cc0    000000b1                                   : _printfi.c.obj (.text:_ltostr)
                  00011d71    00000003     --HOLE-- [fill = 0]
                  00011d74    0000009c                                   : fopen.c.obj (.text:fopen)
                  00011e10    0000009c                                   : memcpy_t2.asm.obj (.text)
                  00011eac    00000096                                   : ull_div_t2.asm.obj (.text)
                  00011f42    00000002     --HOLE-- [fill = 0]
                  00011f44    0000008c                                   : fputc.c.obj (.text:fputc)
                  00011fd0    00000086                                   : fd_cmp_t2.asm.obj (.text:__aeabi_cdcmple)
                  00012056    00000086                                   : fd_cmp_t2.asm.obj (.text:__aeabi_cdrcmple)
                  000120dc    00000080     flowcont.obj (.text)
                  0001215c    0000007a     rtsv7M4_T_le_v4SPD16_eabi.lib : memset_t2.asm.obj (.text)
                  000121d6    00000002     --HOLE-- [fill = 0]
                  000121d8    00000074                                   : fclose.c.obj (.text:__TI_closefile)
                  0001224c    00000074     systick.obj (.text)
                  000122c0    00000070     rtsv7M4_T_le_v4SPD16_eabi.lib : memory.c.obj (.text:split)
                  00012330    0000006e                                   : _printfi.c.obj (.text:_mcpy)
                  0001239e    00000002     --HOLE-- [fill = 0]
                  000123a0    0000006c                                   : hostrename.c.obj (.text:HOSTrename)
                  0001240c    00000068                                   : hostlseek.c.obj (.text:HOSTlseek)
                  00012474    00000068                                   : copy_decompress_lzss.c.obj (.text:decompress:lzss:__TI_decompress_lzss)
                  000124dc    00000068                                   : printf.c.obj (.text:printf)
                  00012544    00000064                                   : s_frexp.c.obj (.text:frexp)
                  000125a8    00000064                                   : fseek.c.obj (.text:fseek)
                  0001260c    00000062                                   : _io_perm.c.obj (.text:__TI_wrt_ok)
                  0001266e    00000002     --HOLE-- [fill = 0]
                  00012670    00000060                                   : hostopen.c.obj (.text:HOSTopen)
                  000126d0    0000005c                                   : close.c.obj (.text:close)
                  0001272c    00000058                                   : hostread.c.obj (.text:HOSTread)
                  00012784    00000058                                   : hostwrite.c.obj (.text:HOSTwrite)
                  000127dc    00000058     blinker.obj (.text)
                  00012834    00000056     rtsv7M4_T_le_v4SPD16_eabi.lib : _printfi.c.obj (.text:_pconv_f)
                  0001288a    00000054                                   : _ltoa.c.obj (.text:__TI_ltoa)
                  000128de    00000052                                   : _printfi.c.obj (.text:_ecpy)
                  00012930    0000004c                                   : fflush.c.obj (.text:__TI_doflush)
                  0001297c    0000004c                                   : atoi.c.obj (.text:atoi)
                  000129c8    0000004c                                   : snprintf.c.obj (.text:snprintf)
                  00012a14    00000048                                   : exit.c.obj (.text:exit)
                  00012a5c    00000048                                   : fd_toi_t2.asm.obj (.text)
                  00012aa4    00000044                                   : hostclose.c.obj (.text:HOSTclose)
                  00012ae8    00000044                                   : hostunlink.c.obj (.text:HOSTunlink)
                  00012b2c    00000044                                   : autoinit.c.obj (.text:__TI_auto_init_nobinit_nopinit:__TI_auto_init_nobinit_nopinit)
                  00012b70    00000044                                   : getdevice.c.obj (.text:getdevice)
                  00012bb4    00000040     cli_uart.obj (.text)
                  00012bf4    00000040     rtsv7M4_T_le_v4SPD16_eabi.lib : sprintf.c.obj (.text:sprintf)
                  00012c34    0000003e                                   : _printfi.c.obj (.text:_fcpy)
                  00012c72    0000003e     cpu.obj (.text)
                  00012cb0    00000038     rtsv7M4_T_le_v4SPD16_eabi.lib : trgmsg.c.obj (.text:__TI_writemsg)
                  00012ce8    00000036                                   : strncpy.c.obj (.text:strncpy)
                  00012d1e    00000002     --HOLE-- [fill = 0]
                  00012d20    00000034                                   : fopen.c.obj (.text:__TI_cleanup)
                  00012d54    00000034                                   : trgmsg.c.obj (.text:__TI_readmsg)
                  00012d88    00000034                                   : boot_cortex_m.c.obj (.text:_c_int00_noargs:_c_int00_noargs)
                  00012dbc    00000034                                   : fopen.c.obj (.text:freopen)
                  00012df0    00000030                                   : snprintf.c.obj (.text:_outs)
                  00012e20    00000030                                   : getdevice.c.obj (.text:finddevice)
                  00012e50    0000002e                                   : i_tofd_t2.asm.obj (.text)
                  00012e7e    0000002c                                   : strncmp.c.obj (.text:strncmp)
                  00012eaa    00000002     --HOLE-- [fill = 0]
                  00012eac    0000002c                                   : unlink.c.obj (.text:unlink)
                  00012ed8    00000028     TA3InputCapture.obj (.text)
                  00012f00    00000028     rtsv7M4_T_le_v4SPD16_eabi.lib : memory.c.obj (.text:free_list_insert)
                  00012f28    00000028                                   : lseek.c.obj (.text:lseek)
                  00012f50    00000028                                   : write.c.obj (.text:write)
                  00012f78    00000024     CortexM.obj (.text)
                  00012f9c    00000020     rtsv7M4_T_le_v4SPD16_eabi.lib : memchr.c.obj (.text:memchr)
                  00012fbc    0000001c                                   : memory.c.obj (.text:free_list_remove)
                  00012fd8    0000001c                                   : memccpy.c.obj (.text:memccpy)
                  00012ff4    0000001a                                   : s_copysign.c.obj (.text:copysign)
                  0001300e    00000018                                   : snprintf.c.obj (.text:_outc)
                  00013026    00000018                                   : sprintf.c.obj (.text:_outs)
                  0001303e    00000018                                   : strcmp.c.obj (.text:strcmp)
                  00013056    00000016                                   : strchr.c.obj (.text:strchr)
                  0001306c    00000014                                   : strcpy.c.obj (.text:strcpy)
                  00013080    00000014                                   : strlen.c.obj (.text:strlen)
                  00013094    00000012                                   : wcslen.c.obj (.text:wcslen)
                  000130a6    0000000e                                   : copy_decompress_none.c.obj (.text:decompress:none:__TI_decompress_none)
                  000130b4    0000000e     startup_msp432p401r_ccs.obj (.text)
                  000130c2    0000000c     rtsv7M4_T_le_v4SPD16_eabi.lib : copy_zero_init.c.obj (.text:decompress:ZI:__TI_zero_init)
                  000130ce    0000000a                                   : sprintf.c.obj (.text:_outc)
                  000130d8    00000008                                   : errno.c.obj (.text:__aeabi_errno_addr)
                  000130e0    00000008                                   : memory.c.obj (.text:malloc)
                  000130e8    00000004                                   : printf.c.obj (.text:_outc)
                  000130ec    00000004                                   : printf.c.obj (.text:_outs)
                  000130f0    00000004                                   : pre_init.c.obj (.text:_system_pre_init)
                  000130f4    00000004                                   : exit.c.obj (.text:abort:abort)

.const     0    000130f8    0000331e     
                  000130f8    00002000     fixed.obj (.const:SinTab2)
                  000150f8    00000c48     fixed.obj (.const:SinTab)
                  00015d40    000001e0     SSD1306.obj (.const:ASCII)
                  00015f20    00000101     rtsv7M4_T_le_v4SPD16_eabi.lib : ctype.c.obj (.const:.string:_ctypes_)
                  00016021    00000003     SSD1306.obj (.const:.string:init4b)
                  00016024    000000b0     wlan.obj (.const:$P$T0$1)
                  000160d4    00000058     Lab21_OPT3101_TestMain.obj (.const:$P$T0$1)
                  0001612c    00000058     MQTTClient.obj (.const:$P$T1$2)
                  00016184    00000050     interrupt.obj (.const:g_pulRegs)
                  000161d4    00000038     driver.obj (.const:_SlActionLookupTable)
                  0001620c    0000002c     Lab21_OPT3101_TestMain.obj (.const:$P$T1$2)
                  00016238    00000020     interrupt.obj (.const:g_pulPriority)
                  00016258    0000001c     gpio.obj (.const:GPIO_PORT_TO_INT)
                  00016274    00000014     Lab21_OPT3101_TestMain.obj (.const:$P$T2$3)
                  00016288    0000000c     MQTTClient.obj (.const:$P$T2$3)
                  00016294    0000000c     Lab21_OPT3101_TestMain.obj (.const:$P$T3$4)
                  000162a0    0000000c     MQTTClient.obj (.const:$P$T3$4)
                  000162ac    0000000c     MQTTClient.obj (.const:$P$T4$5)
                  000162b8    00000008     SSD1306.obj (.const:.string:postmask)
                  000162c0    00000008     SSD1306.obj (.const:.string:premask)
                  000162c8    00000008     driver.obj (.const:g_H2NCnysPattern)
                  000162d0    00000008     driver.obj (.const:g_H2NSyncPattern)
                  000162d8    00000008     interrupt.obj (.const:g_pulDisRegs)
                  000162e0    00000008     interrupt.obj (.const:g_pulEnRegs)
                  000162e8    00000008     interrupt.obj (.const:g_pulPendRegs)
                  000162f0    00000008     interrupt.obj (.const:g_pulUnpendRegs)
                  000162f8    00000006     SSD1306.obj (.const:.string:init5)
                  000162fe    00000005     SSD1306.obj (.const:.string:dlist1)
                  00016303    00000001     --HOLE-- [fill = 0]
                  00016304    00000004     MQTTClient.obj (.const:$P$T0$1)
                  00016308    00000004     MQTTConnectClient.obj (.const:$P$T0$1)
                  0001630c    00000004     MQTTDeserializePublish.obj (.const:$P$T0$1)
                  00016310    00000004     MQTTPacket.obj (.const:$P$T0$1)
                  00016314    00000004     MQTTSerializePublish.obj (.const:$P$T0$1)
                  00016318    00000004     MQTTSubscribeClient.obj (.const:$P$T0$1)
                  0001631c    00000004     MQTTUnsubscribeClient.obj (.const:$P$T0$1)
                  00016320    00000004     driver.obj (.const:$P$T0$1)
                  00016324    00000004     netapp.obj (.const:$P$T0$1)
                  00016328    00000004     socket.obj (.const:$P$T0$1)
                  0001632c    00000004     MQTTConnectClient.obj (.const:$P$T1$2)
                  00016330    00000004     MQTTDeserializePublish.obj (.const:$P$T1$2)
                  00016334    00000004     MQTTSerializePublish.obj (.const:$P$T1$2)
                  00016338    00000004     MQTTSubscribeClient.obj (.const:$P$T1$2)
                  0001633c    00000004     socket.obj (.const:$P$T1$2)
                  00016340    00000004     wlan.obj (.const:$P$T1$2)
                  00016344    00000004     MQTTConnectClient.obj (.const:$P$T2$3)
                  00016348    00000004     socket.obj (.const:$P$T2$3)
                  0001634c    00000004     wlan.obj (.const:$P$T2$3)
                  00016350    00000004     MQTTConnectClient.obj (.const:$P$T3$4)
                  00016354    00000004     wlan.obj (.const:$P$T3$4)
                  00016358    00000004     MQTTConnectClient.obj (.const:$P$T4$5)
                  0001635c    00000004     SSD1306.obj (.const:.string:init1)
                  00016360    00000004     SSD1306.obj (.const:.string:init2)
                  00016364    00000004     SSD1306.obj (.const:.string:init3)
                  00016368    00000004     socket.obj (.const:_SlAcceptCmdCtrl)
                  0001636c    00000004     device.obj (.const:_SlDeviceGetCmdCtrl)
                  00016370    00000004     device.obj (.const:_SlDeviceSetCmdCtrl)
                  00016374    00000004     device.obj (.const:_SlEventMaskGetCmdCtrl)
                  00016378    00000004     device.obj (.const:_SlEventMaskSetCmdCtrl)
                  0001637c    00000004     netapp.obj (.const:_SlGetHostByNameCtrl)
                  00016380    00000004     netapp.obj (.const:_SlGetHostByServiceCtrl)
                  00016384    00000004     netapp.obj (.const:_SlGetServiceListeCtrl)
                  00016388    00000004     socket.obj (.const:_SlGetSockOptCmdCtrl)
                  0001638c    00000004     socket.obj (.const:_SlListenCmdCtrl)
                  00016390    00000004     netapp.obj (.const:_SlNetAppGetCmdCtrl)
                  00016394    00000004     netapp.obj (.const:_SlNetAppSendTokenValueCmdCtrl)
                  00016398    00000004     netapp.obj (.const:_SlNetAppSetCmdCtrl)
                  0001639c    00000004     netapp.obj (.const:_SlNetAppStartCtrl)
                  000163a0    00000004     netapp.obj (.const:_SlNetAppStopCtrl)
                  000163a4    00000004     netcfg.obj (.const:_SlNetCfgGetCmdCtrl)
                  000163a8    00000004     netcfg.obj (.const:_SlNetCfgSetCmdCtrl)
                  000163ac    00000004     wlan.obj (.const:_SlPolicyGetCmdCtrl)
                  000163b0    00000004     wlan.obj (.const:_SlPolicySetCmdCtrl)
                  000163b4    00000004     wlan.obj (.const:_SlProfileDelCmdCtrl)
                  000163b8    00000004     wlan.obj (.const:_SlProfileGetCmdCtrl)
                  000163bc    00000004     socket.obj (.const:_SlRecvCmdCtrl)
                  000163c0    00000004     socket.obj (.const:_SlRecvfomCmdCtrl)
                  000163c4    00000004     netapp.obj (.const:_SlRegisterServiceCtrl)
                  000163c8    00000004     wlan.obj (.const:_SlRxFilterAddtCmdCtrl)
                  000163cc    00000004     wlan.obj (.const:_SlRxFilterGetCmdCtrl)
                  000163d0    00000004     wlan.obj (.const:_SlRxFilterSetCmdCtrl)
                  000163d4    00000004     socket.obj (.const:_SlSelectCmdCtrl)
                  000163d8    00000004     socket.obj (.const:_SlSendCmdCtrl)
                  000163dc    00000004     socket.obj (.const:_SlSetSockOptCmdCtrl)
                  000163e0    00000004     wlan.obj (.const:_SlSmartConfigStartCmdCtrl)
                  000163e4    00000004     socket.obj (.const:_SlSockCloseCmdCtrl)
                  000163e8    00000004     socket.obj (.const:_SlSockSocketCmdCtrl)
                  000163ec    00000004     device.obj (.const:_SlStopCmdCtrl)
                  000163f0    00000004     wlan.obj (.const:_SlWlanCfgGetCmdCtrl)
                  000163f4    00000004     wlan.obj (.const:_SlWlanCfgSetCmdCtrl)
                  000163f8    00000004     wlan.obj (.const:_SlWlanGetNetworkListCtrl)
                  000163fc    00000004     wlan.obj (.const:_SlWlanSetModeCmdCtrl)
                  00016400    00000003     SSD1306.obj (.const:.string:scrollList1b)
                  00016403    00000003     SSD1306.obj (.const:.string:scrollList2b)
                  00016406    00000002     SSD1306.obj (.const:.string:scrollList1a)
                  00016408    00000002     SSD1306.obj (.const:.string:scrollList2a)
                  0001640a    00000002     SSD1306.obj (.const:.string:scrollList3a)
                  0001640c    00000002     SSD1306.obj (.const:.string:scrollList3b)
                  0001640e    00000002     SSD1306.obj (.const:.string:scrollList3c)
                  00016410    00000002     SSD1306.obj (.const:.string:scrollList4a)
                  00016412    00000002     SSD1306.obj (.const:.string:scrollList4b)
                  00016414    00000002     SSD1306.obj (.const:.string:scrollList4c)

.cinit     0    00016418    00000128     
                  00016418    000000f2     (.cinit..data.load) [load image, compression = lzss]
                  0001650a    00000002     --HOLE-- [fill = 0]
                  0001650c    0000000c     (__TI_handler_table)
                  00016518    00000008     (.cinit..bss.load) [load image, compression = zero_init]
                  00016520    00000008     (.cinit..vtable.load) [load image, compression = zero_init]
                  00016528    00000018     (__TI_cinit_table)

.init_array 
*          0    00000000    00000000     UNINITIALIZED

.binit     0    00000000    00000000     

.vtable    0    20000000    000000e4     UNINITIALIZED
                  20000000    000000e4     interrupt.obj (.vtable)

.bss       0    200000e4    00004095     UNINITIALIZED
                  200000e4    00001000     (.common:x)
                  200010e4    00001000     (.common:x2)
                  200020e4    00001000     (.common:x3)
                  200030e4    00000648     (.common:g_AppData)
                  2000372c    00000400     (.common:buffer)
                  20003b2c    00000164     (.common:g_StatMem)
                  20003c90    00000120     rtsv7M4_T_le_v4SPD16_eabi.lib : trgmsg.c.obj (.bss:_CIOBUF_)
                  20003db0    00000100     (.common:RxFIFO)
                  20003eb0    000000a0     (.common:__TI_tmpnams)
                  20003f50    0000005c     (.common:hMQTTClient)
                  20003fac    00000028     (.common:g__SlNonOsCB)
                  20003fd4    00000014     (.common:LeftTach)
                  20003fe8    00000014     (.common:RightTach)
                  20003ffc    00000014     (.common:macStr)
                  20004010    00000010     (.common:n)
                  20004020    0000000c     (.common:Amplitudes)
                  2000402c    0000000c     (.common:ChannelCount)
                  20004038    0000000c     (.common:Distances)
                  20004044    0000000c     (.common:FilteredDistances)
                  20004050    0000000c     (.common:uniqueID)
                  2000405c    00000008     cs.obj (.bss)
                  20004064    00000008     opt3101.obj (.bss)
                  2000406c    00000008     (.common:Messageb)
                  20004074    00000008     (.common:macAddressVal)
                  2000407c    00000008     (.common:parmbuf)
                  20004084    00000004     MQTTPacket.obj (.bss)
                  20004088    00000004     (.common:CenterDistance)
                  2000408c    00000004     (.common:Error)
                  20004090    00000004     (.common:I1)
                  20004094    00000004     (.common:ISRLast)
                  20004098    00000004     (.common:ISRPeriod)
                  2000409c    00000004     (.common:ISRTime)
                  200040a0    00000004     (.common:L)
                  200040a4    00000004     (.common:LPFSum)
                  200040a8    00000004     (.common:LPFSum2)
                  200040ac    00000004     (.common:LPFSum3)
                  200040b0    00000004     (.common:LastLeftSteps)
                  200040b4    00000004     (.common:LastRightSteps)
                  200040b8    00000004     (.common:LeftDistance)
                  200040bc    00000004     (.common:LeftSteps)
                  200040c0    00000004     (.common:Lr)
                  200040c4    00000004     (.common:Messageindexb)
                  200040c8    00000004     (.common:MilliTimer)
                  200040cc    00000004     (.common:MyTheta)
                  200040d0    00000004     (.common:MyX)
                  200040d4    00000004     (.common:MyY)
                  200040d8    00000004     (.common:PTxChan)
                  200040dc    00000004     (.common:Pamplitudes)
                  200040e0    00000004     (.common:Pdistances)
                  200040e4    00000004     (.common:Pt)
                  200040e8    00000004     (.common:Pt2)
                  200040ec    00000004     (.common:Pt3)
                  200040f0    00000004     (.common:R)
                  200040f4    00000004     (.common:RightDistance)
                  200040f8    00000004     (.common:RightSteps)
                  200040fc    00000004     (.common:Robottheta)
                  20004100    00000004     (.common:Robotx)
                  20004104    00000004     (.common:Roboty)
                  20004108    00000004     (.common:Rr)
                  2000410c    00000004     (.common:RxFifoLost)
                  20004110    00000004     (.common:RxGetI)
                  20004114    00000004     (.common:RxPutI)
                  20004118    00000004     (.common:Size)
                  2000411c    00000004     (.common:TotalLeftSteps)
                  20004120    00000004     (.common:TotalRightSteps)
                  20004124    00000004     (.common:TxChannel)
                  20004128    00000004     (.common:UL)
                  2000412c    00000004     (.common:UR)
                  20004130    00000004     (.common:badCount)
                  20004134    00000004     (.common:desiredTh)
                  20004138    00000004     (.common:desiredX)
                  2000413c    00000004     (.common:desiredY)
                  20004140    00000004     (.common:dtheta)
                  20004144    00000004     (.common:dz)
                  20004148    00000004     (.common:goal)
                  2000414c    00000004     (.common:lastgoal)
                  20004150    00000004     (.common:rotation)
                  20004154    00000004     (.common:u1)
                  20004158    00000004     (.common:u2)
                  2000415c    00000004     (.common:u3)
                  20004160    00000004     (.common:vccstate)
                  20004164    00000002     (.common:ActualL)
                  20004166    00000002     (.common:ActualR)
                  20004168    00000002     (.common:StartX)
                  2000416a    00000002     (.common:StartY)
                  2000416c    00000002     (.common:Tachometer_FirstLeftTime)
                  2000416e    00000002     (.common:Tachometer_FirstRightTime)
                  20004170    00000002     (.common:Tachometer_SecondLeftTime)
                  20004172    00000002     (.common:Tachometer_SecondRightTime)
                  20004174    00000001     (.common:Action)
                  20004175    00000001     (.common:Goal)
                  20004176    00000001     (.common:IntIsMasked)
                  20004177    00000001     (.common:LeftDir)
                  20004178    00000001     (.common:RightDir)

.sysmem    0    20004180    00000400     UNINITIALIZED
                  20004180    00000010     rtsv7M4_T_le_v4SPD16_eabi.lib : memory.c.obj (.sysmem)
                  20004190    000003f0     --HOLE--

.data      0    20004580    000002d0     UNINITIALIZED
                  20004580    000000f0     rtsv7M4_T_le_v4SPD16_eabi.lib : defs.c.obj (.data:_ftable)
                  20004670    00000078                                   : host_device.c.obj (.data:_device)
                  200046e8    00000050                                   : host_device.c.obj (.data:_stream)
                  20004738    00000040     flash.obj (.data:__getBurstProgramRegs)
                  20004778    00000030     gpio.obj (.data:GPIO_PORT_TO_BASE)
                  200047a8    00000028     Lab21_OPT3101_TestMain.obj (.data)
                  200047d0    00000018     Clock.obj (.data)
                  200047e8    00000010     rtsv7M4_T_le_v4SPD16_eabi.lib : defs.c.obj (.data)
                  200047f8    0000000c                                   : exit.c.obj (.data:$O1$$)
                  20004804    0000000a     Tachometer.obj (.data)
                  2000480e    00000002     --HOLE--
                  20004810    00000009     driver.obj (.data)
                  20004819    00000003     --HOLE--
                  2000481c    00000008     rtsv7M4_T_le_v4SPD16_eabi.lib : _lock.c.obj (.data:$O1$$)
                  20004824    00000008                                   : memory.c.obj (.data:$O1$$)
                  2000482c    00000008     odometry.obj (.data)
                  20004834    00000004     SSD1306.obj (.data)
                  20004838    00000004     board.obj (.data)
                  2000483c    00000004     rtsv7M4_T_le_v4SPD16_eabi.lib : add_device.c.obj (.data)
                  20004840    00000004                                   : errno.c.obj (.data)
                  20004844    00000004                                   : fopen.c.obj (.data)
                  20004848    00000004                                   : open.c.obj (.data)
                  2000484c    00000004     system_msp432p401r.obj (.data)

.stack     0    2000fe00    00000200     UNINITIALIZED
                  2000fe00    00000004     rtsv7M4_T_le_v4SPD16_eabi.lib : boot_cortex_m.c.obj (.stack)
                  2000fe04    000001fc     --HOLE--

__llvm_prf_cnts 
*          0    20000000    00000000     UNINITIALIZED

MODULE SUMMARY

       Module                        code    ro data   rw data
       ------                        ----    -------   -------
    .\
       Lab21_OPT3101_TestMain.obj    5280    164       3828   
       system_msp432p401r.obj        820     0         8      
       startup_msp432p401r_ccs.obj   14      228       0      
    +--+-----------------------------+-------+---------+---------+
       Total:                        6114    392       3836   
                                                              
    .\board\
       board.obj                     836     0         10     
    +--+-----------------------------+-------+---------+---------+
       Total:                        836     0         10     
                                                              
    .\cli_uart\
       cli_uart.obj                  64      0         0      
    +--+-----------------------------+-------+---------+---------+
       Total:                        64      0         0      
                                                              
    .\driverlib\MSP432P4xx\
       flash.obj                     5528    0         128    
       cs.obj                        3452    0         16     
       pcm.obj                       2104    0         0      
       interrupt.obj                 1008    144       456    
       rtc_c.obj                     1288    0         0      
       gpio.obj                      1152    28        96     
       sysctl.obj                    580     0         0      
       crc32.obj                     388     0         0      
       wdt_a.obj                     216     0         0      
       systick.obj                   116     0         0      
       cpu.obj                       62      0         0      
    +--+-----------------------------+-------+---------+---------+
       Total:                        15894   172       696    
                                                              
    .\inc\
       LPF.obj                       928     0         24664  
       fixed.obj                     560     11336     0      
       SSD1306.obj                   4928    544       2080   
       odometry.obj                  2768    0         196    
       UART0.obj                     1656    0         24     
       opt3101.obj                   1308    0         88     
       UART1.obj                     420     0         536    
       I2CB1.obj                     932     0         0      
       Clock.obj                     480     0         48     
       Motor.obj                     380     0         0      
       Tachometer.obj                316     0         36     
       LaunchPad.obj                 248     0         0      
       PWM.obj                       212     0         0      
       Bump.obj                      188     0         0      
       blinker.obj                   88      0         0      
       TA3InputCapture.obj           40      0         0      
       CortexM.obj                   36      0         0      
    +--+-----------------------------+-------+---------+---------+
       Total:                        15488   11880     27672  
                                                              
    .\mqtt\
       MQTTClient.obj                2556    128       0      
       MQTTPacket.obj                1016    4         8      
       MQTTConnectClient.obj         940     20        0      
       MQTTCC3100.obj                904     0         8      
       MQTTSerializePublish.obj      536     8         0      
       MQTTSubscribeClient.obj       536     8         0      
       MQTTUnsubscribeClient.obj     416     4         0      
       MQTTDeserializePublish.obj    312     8         0      
    +--+-----------------------------+-------+---------+---------+
       Total:                        7216    180       16     
                                                              
    .\simplelink\source\
       driver.obj                    8244    76        730    
       socket.obj                    3796    52        0      
       wlan.obj                      2752    236       0      
       netapp.obj                    2876    40        0      
       device.obj                    1464    20        0      
       nonos.obj                     304     0         80     
       netcfg.obj                    272     8         0      
       flowcont.obj                  128     0         0      
    +--+-----------------------------+-------+---------+---------+
       Total:                        19836   432       810    
                                                              
    .\spi_cc3100\
       spi_cc3100.obj                532     0         0      
    +--+-----------------------------+-------+---------+---------+
       Total:                        532     0         0      
                                                              
    C:\ti\ccs1220\ccs\tools\compiler\ti-cgt-arm_20.2.7.LTS\lib\rtsv7M4_T_le_v4SPD16_eabi.lib
       _printfi.c.obj                4851    0         0      
       defs.c.obj                    0       0         832    
       memory.c.obj                  672     0         16     
       trgmsg.c.obj                  108     0         576    
       fopen.c.obj                   532     0         8      
       fd_add_t2.asm.obj             438     0         0      
       host_device.c.obj             0       0         400    
       fd_div_t2.asm.obj             310     0         0      
       fputs.c.obj                   276     0         0      
       s_scalbn.c.obj                272     0         0      
       fd_cmp_t2.asm.obj             268     0         0      
       ctype.c.obj                   0       257       0      
       fd_mul_t2.asm.obj             252     0         0      
       setvbuf.c.obj                 220     0         0      
       open.c.obj                    188     0         8      
       add_device.c.obj              184     0         8      
       memcpy_t2.asm.obj             156     0         0      
       ull_div_t2.asm.obj            150     0         0      
       snprintf.c.obj                148     0         0      
       fputc.c.obj                   140     0         0      
       memset_t2.asm.obj             122     0         0      
       fclose.c.obj                  116     0         0      
       getdevice.c.obj               116     0         0      
       hostopen.c.obj                96      0         16     
       printf.c.obj                  112     0         0      
       hostrename.c.obj              108     0         0      
       copy_decompress_lzss.c.obj    104     0         0      
       hostlseek.c.obj               104     0         0      
       exit.c.obj                    76      0         24     
       fseek.c.obj                   100     0         0      
       s_frexp.c.obj                 100     0         0      
       _io_perm.c.obj                98      0         0      
       sprintf.c.obj                 98      0         0      
       close.c.obj                   92      0         0      
       hostread.c.obj                88      0         0      
       hostwrite.c.obj               88      0         0      
       _ltoa.c.obj                   84      0         0      
       atoi.c.obj                    76      0         0      
       fflush.c.obj                  76      0         0      
       fd_toi_t2.asm.obj             72      0         0      
       autoinit.c.obj                68      0         0      
       hostclose.c.obj               68      0         0      
       hostunlink.c.obj              68      0         0      
       strncpy.c.obj                 54      0         0      
       boot_cortex_m.c.obj           52      0         0      
       i_tofd_t2.asm.obj             46      0         0      
       strncmp.c.obj                 44      0         0      
       unlink.c.obj                  44      0         0      
       lseek.c.obj                   40      0         0      
       write.c.obj                   40      0         0      
       memchr.c.obj                  32      0         0      
       memccpy.c.obj                 28      0         0      
       s_copysign.c.obj              26      0         0      
       strcmp.c.obj                  24      0         0      
       strchr.c.obj                  22      0         0      
       strcpy.c.obj                  20      0         0      
       strlen.c.obj                  20      0         0      
       _lock.c.obj                   2       0         16     
       wcslen.c.obj                  18      0         0      
       errno.c.obj                   8       0         8      
       copy_decompress_none.c.obj    14      0         0      
       copy_zero_init.c.obj          12      0         0      
       pre_init.c.obj                4       0         0      
       div0.asm.obj                  2       0         0      
    +--+-----------------------------+-------+---------+---------+
       Total:                        11847   257       1912   
                                                              
       Heap:                         0       0         2048   
       Stack:                        0       0         1024   
       Linker Generated:             0       294       0      
    +--+-----------------------------+-------+---------+---------+
       Grand Total:                  77827   13607     38024  


LINKER GENERATED COPY TABLES

__TI_cinit_table @ 00016528 records: 3, size/record: 8, table size: 24
	.data: load addr=00016418, load size=000000f2 bytes, run addr=20004580, run size=000002d0 bytes, compression=lzss
	.bss: load addr=00016518, load size=00000008 bytes, run addr=200000e4, run size=00004095 bytes, compression=zero_init
	.vtable: load addr=00016520, load size=00000008 bytes, run addr=20000000, run size=000000e4 bytes, compression=zero_init


LINKER GENERATED HANDLER TABLE

__TI_handler_table @ 0001650c records: 3, size/record: 4, table size: 12
	index: 0, handler: __TI_zero_init
	index: 1, handler: __TI_decompress_lzss
	index: 2, handler: __TI_decompress_none


GLOBAL SYMBOLS: SORTED ALPHABETICALLY BY Name 

address   name                                       
-------   ----                                       
000130c1  ADC14_IRQHandler                           
000130c1  AES256_IRQHandler                          
20004174  Action                                     
20004164  ActualL                                    
20004166  ActualR                                    
20004020  Amplitudes                                 
000127dd  Blinker_Init                               
00012807  Blinker_Output                             
00011a91  Bump_Init                                  
00011ac5  Bump_Read                                  
000130c1  BusFault_Handler                           
000130f5  C$$EXIT                                    
00012cdf  C$$IO$$                                    
0000e9b3  CC3100_InterruptDisable                    
0000e991  CC3100_InterruptEnable                     
0000ec5b  CC3100_UART_ISR                            
0000e979  CC3100_disable                             
0000e985  CC3100_enable                              
00012bed  CLI_Configure                              
00012bc1  CLI_Read                                   
00012bd7  CLI_Write                                  
000130c1  COMP_E0_IRQHandler                         
000130c1  COMP_E1_IRQHandler                         
200047d8  CPMwait                                    
00012ca7  CPU_basepriGet                             
00012c99  CPU_basepriSet                             
00012c73  CPU_cpsid                                  
00012c89  CPU_cpsie                                  
00012c7f  CPU_primask                                
00012c95  CPU_wfi                                    
000106b9  CRC32_getResult                            
000106e5  CRC32_getResultReversed                    
00010607  CRC32_set16BitData                         
00010675  CRC32_set16BitDataReversed                 
0001062d  CRC32_set32BitData                         
00010699  CRC32_set32BitDataReversed                 
000105e1  CRC32_set8BitData                          
00010651  CRC32_set8BitDataReversed                  
000105b1  CRC32_setSeed                              
000130c1  CS_IRQHandler                              
00007a65  CS_clearInterruptFlag                      
0000730d  CS_disableClockRequest                     
000073f3  CS_disableDCOExternalResistor              
00007939  CS_disableFaultCounter                     
00007a23  CS_disableInterrupt                        
000072e5  CS_enableClockRequest                      
00007355  CS_enableDCOExternalResistor               
0000790d  CS_enableFaultCounter                      
00007a01  CS_enableInterrupt                         
000078a5  CS_getACLK                                 
00007865  CS_getBCLK                                 
000074ed  CS_getDCOFrequency                         
00007a4b  CS_getEnabledInterruptStatus               
00007881  CS_getHSMCLK                               
00007a45  CS_getInterruptStatus                      
000078eb  CS_getMCLK                                 
000078c9  CS_getSMCLK                                
00007005  CS_initClockSignal                         
00007a87  CS_registerInterrupt                       
00007965  CS_resetFaultCounter                       
00007411  CS_setDCOCenteredFrequency                 
0000737d  CS_setDCOExternalResistorCalibration       
0000768d  CS_setDCOFrequency                         
00006fc9  CS_setExternalClockSourceFrequency         
0000732f  CS_setReferenceOscillatorFrequency         
000079b1  CS_startFaultCounter                       
00007109  CS_startHFXT                               
0000712d  CS_startHFXTWithTimeout                    
000071f1  CS_startLFXT                               
00007215  CS_startLFXTWithTimeout                    
00007449  CS_tuneDCOFrequency                        
00007a9b  CS_unregisterInterrupt                     
20004088  CenterDistance                             
2000402c  ChannelCount                               
0000908d  CheckGoal                                  
200047d0  ClockFrequency                             
0000fe59  Clock_Delay1ms                             
0000fe2f  Clock_Delay1us                             
0000fe1b  Clock_GetFreq                              
0000fd05  Clock_Init48MHz                            
0000e8b9  ConnectNetwork                             
00003883  Controller                                 
00003b69  Controller_Right                           
0000813d  CopyPingResultsToReport                    
200047e4  Crystalstable                              
20004834  CurrentX                                   
20004836  CurrentY                                   
000130c1  DMA_ERR_IRQHandler                         
000130c1  DMA_INT0_IRQHandler                        
000130c1  DMA_INT1_IRQHandler                        
000130c1  DMA_INT2_IRQHandler                        
000130c1  DMA_INT3_IRQHandler                        
000130c1  DebugMon_Handler                           
000130c1  Default_Handler                            
0000ec05  Delay                                      
00012f79  DisableInterrupts                          
000089dd  Display                                    
20004038  Distances                                  
00012bb5  EUSCIA0_IRQHandler                         
00012bb5  EUSCIA0_IRQHandler                         
000130c1  EUSCIA1_IRQHandler                         
00010397  EUSCIA2_IRQHandler                         
00010397  EUSCIA2_IRQHandler                         
000130c1  EUSCIA3_IRQHandler                         
000130c1  EUSCIB0_IRQHandler                         
000130c1  EUSCIB1_IRQHandler                         
000130c1  EUSCIB2_IRQHandler                         
000130c1  EUSCIB3_IRQHandler                         
00012f7f  EnableInterrupts                           
00012f8f  EndCritical                                
2000408c  Error                                      
000130c1  FLCTL_IRQHandler                           
000130c1  FPU_IRQHandler                             
20004044  FilteredDistances                          
0000315f  FlashCtl_clearInterruptFlag                
00003023  FlashCtl_clearProgramVerification          
00003135  FlashCtl_disableInterrupt                  
00002695  FlashCtl_disableReadBuffering              
0000308d  FlashCtl_disableWordProgramming            
00003121  FlashCtl_enableInterrupt                   
00002641  FlashCtl_enableReadBuffering               
0000305d  FlashCtl_enableWordProgramming             
00002cc1  FlashCtl_eraseSector                       
0000314f  FlashCtl_getEnabledInterruptStatus         
00003149  FlashCtl_getInterruptStatus                
000022c3  FlashCtl_getMemoryInfo                     
00002b25  FlashCtl_getReadMode                       
000030f3  FlashCtl_getWaitState                      
00002b4f  FlashCtl_initiateMassErase                 
00002de5  FlashCtl_initiateSectorErase               
000027c5  FlashCtl_isSectorProtected                 
00003095  FlashCtl_isWordProgrammingEnabled          
00002b75  FlashCtl_performMassErase                  
00002e7d  FlashCtl_programMemory                     
00002765  FlashCtl_protectSector                     
00003173  FlashCtl_registerInterrupt                 
00002fe9  FlashCtl_setProgramVerification            
00002ab9  FlashCtl_setReadMode                       
000030b5  FlashCtl_setWaitState                      
000026f5  FlashCtl_unprotectSector                   
00003187  FlashCtl_unregisterInterrupt               
00002851  FlashCtl_verifyMemory                      
00008b6d  Forward                                    
00008c25  ForwardUntilCrash                          
00008fe5  ForwardUntilThStatus                       
00008c65  ForwardUntilX                              
00008d07  ForwardUntilXStart                         
00008d6d  ForwardUntilXStatus                        
00008ddd  ForwardUntilY                              
00008e61  ForwardUntilYStart                         
00008e8f  ForwardUntilYStatus                        
0000d1a7  GPIO_clearInterruptFlag                    
0000d167  GPIO_disableInterrupt                      
0000d145  GPIO_enableInterrupt                       
0000d1ff  GPIO_getEnabledInterruptStatus             
0000d117  GPIO_getInputPinValue                      
0000d189  GPIO_getInterruptStatus                    
0000d1c9  GPIO_interruptEdgeSelect                   
0000d2bf  GPIO_registerInterrupt                     
0000cebf  GPIO_setAsInputPin                         
0000d073  GPIO_setAsInputPinWithPullDownResistor     
0000d0c5  GPIO_setAsInputPinWithPullUpResistor       
0000ce85  GPIO_setAsOutputPin                        
0000cf89  GPIO_setAsPeripheralModuleFunctionInputPin 
0000cf05  GPIO_setAsPeripheralModuleFunctionOutputPin
0000d27b  GPIO_setDriveStrengthHigh                  
0000d29d  GPIO_setDriveStrengthLow                   
0000d00d  GPIO_setOutputHighOnPin                    
0000d02f  GPIO_setOutputLowOnPin                     
0000d051  GPIO_toggleOutputOnPin                     
0000d2df  GPIO_unregisterInterrupt                   
0000eb51  GetLEDStatus                               
20004175  Goal                                       
00012aa5  HOSTclose                                  
0001240d  HOSTlseek                                  
00012671  HOSTopen                                   
0001272d  HOSTread                                   
000123a1  HOSTrename                                 
00012ae9  HOSTunlink                                 
00012785  HOSTwrite                                  
000130c1  HardFault_Handler                          
00008b8d  HardLeft                                   
00008bad  HardRight                                  
20004090  I1                                         
0000de99  I2CB1_Init                                 
0000df5f  I2CB1_Recv                                 
0000e1b3  I2CB1_Recv1                                
0000dee7  I2CB1_Send                                 
0000dfdb  I2CB1_Send1                                
0000e037  I2CB1_Send2                                
0000e0a7  I2CB1_Send3                                
0000e125  I2CB1_Send4                                
200047e0  IFlags                                     
20004094  ISRLast                                    
20004098  ISRPeriod                                  
2000409c  ISRTime                                    
0000e65f  InitTimer                                  
20004176  IntIsMasked                                
0000d8bf  Interrupt_disableInterrupt                 
0000d70f  Interrupt_disableMaster                    
0000dabd  Interrupt_disableSleepOnIsrExit            
0000d84d  Interrupt_enableInterrupt                  
0000d6ff  Interrupt_enableMaster                     
0000daab  Interrupt_enableSleepOnIsrExit             
0000d827  Interrupt_getPriority                      
0000d79f  Interrupt_getPriorityGrouping              
0000da8b  Interrupt_getPriorityMask                  
0000daa5  Interrupt_getVectorTableAddress            
0000d931  Interrupt_isEnabled                        
0000d9bd  Interrupt_pendInterrupt                    
0000d71f  Interrupt_registerInterrupt                
0000d7d7  Interrupt_setPriority                      
0000d785  Interrupt_setPriorityGrouping              
0000da7b  Interrupt_setPriorityMask                  
0000da95  Interrupt_setVectorTableAddress            
0000da2d  Interrupt_unpendInterrupt                  
0000d771  Interrupt_unregisterInterrupt              
200047c4  Ki                                         
200047c8  Kp                                         
200040a0  L                                          
200040a4  LPFSum                                     
200040a8  LPFSum2                                    
200040ac  LPFSum3                                    
0000e351  LPF_Calc                                   
0000e3f9  LPF_Calc2                                  
0000e4bd  LPF_Calc3                                  
0000e291  LPF_Calc_old                               
0000e2f3  LPF_Init                                   
0000e3a5  LPF_Init2                                  
0000e45b  LPF_Init3                                  
0000e23d  LPF_Init_old                               
200040b0  LastLeftSteps                              
200040b4  LastRightSteps                             
0001162d  LaunchPad_Init                             
0001169d  LaunchPad_Input                            
000116bb  LaunchPad_LED                              
000116d9  LaunchPad_Output                           
00003867  Left                                       
20004177  LeftDir                                    
200040b8  LeftDistance                               
200040bc  LeftSteps                                  
20003fd4  LeftTach                                   
200040c0  Lr                                         
0000a6bb  MQTTClient                                 
0000ac01  MQTTConnect                                
00010be1  MQTTDeserialize_ack                        
0000dd5f  MQTTDeserialize_connack                    
00010b29  MQTTDeserialize_publish                    
0000fa3f  MQTTDeserialize_suback                     
0001056b  MQTTDeserialize_unsuback                   
0000afa7  MQTTDisconnect                             
0000d35b  MQTTPacket_decode                          
0000d441  MQTTPacket_decodeBuf                       
0000d305  MQTTPacket_encode                          
0000d61d  MQTTPacket_equals                          
0000d3c3  MQTTPacket_len                             
0000d681  MQTTPacket_read                            
0000ae7d  MQTTPublish                                
0000f7d5  MQTTSerialize_ack                          
0000dba5  MQTTSerialize_connect                      
0000daed  MQTTSerialize_connectLength                
0000de4f  MQTTSerialize_disconnect                   
0000de65  MQTTSerialize_pingreq                      
0000f85f  MQTTSerialize_puback                       
0000f8ad  MQTTSerialize_pubcomp                      
0000f6ff  MQTTSerialize_publish                      
0000f6c1  MQTTSerialize_publishLength                
0000f883  MQTTSerialize_pubrel                       
0000f93d  MQTTSerialize_subscribe                    
0000f8d9  MQTTSerialize_subscribeLength              
00010475  MQTTSerialize_unsubscribe                  
00010411  MQTTSerialize_unsubscribeLength            
0000dde7  MQTTSerialize_zero                         
0000accb  MQTTSubscribe                              
0000add3  MQTTUnsubscribe                            
0000ab8d  MQTTYield                                  
0000d5f1  MQTTstrlen                                 
0000e9c7  MaskIntHdlr                                
0000e525  Median                                     
000130c1  MemManage_Handler                          
2000406c  Messageb                                   
200040c4  Messageindexb                              
200040c8  MilliTimer                                 
200047c0  Mode                                       
2000482c  MotorFast                                  
20004830  MotorSlow                                  
00010869  Motor_Backward                             
000107e3  Motor_Forward                              
00010735  Motor_Init                                 
00010839  Motor_Left                                 
00010809  Motor_Right                                
000107d3  Motor_Stop                                 
200040cc  MyTheta                                    
200040d0  MyX                                        
200040d4  MyY                                        
000130c1  NMI_Handler                                
0000a5fd  NewMessageData                             
0000e76b  NewNetwork                                 
0000c893  OPT3101_ArmInterrupts                      
0000c653  OPT3101_CalibrateInternalCrosstalk         
0000c7f9  OPT3101_CheckDistanceSensor                
0000c7c5  OPT3101_GetAmplitude                       
0000c7e3  OPT3101_GetDistanceMillimeters             
0000c811  OPT3101_GetMeasurement                     
0000c7d9  OPT3101_GetPhase                           
0000c7bb  OPT3101_GetTxChannel                       
0000c4cb  OPT3101_Init                               
0000c79b  OPT3101_MeasurementError                   
0000c783  OPT3101_ReadMeasurement                    
0000c461  OPT3101_ReadRegister                       
0000c529  OPT3101_Setup                              
0000c735  OPT3101_StartMeasurement                   
0000c743  OPT3101_StartMeasurementChannel            
0000c491  OPT3101_WriteRegister                      
00008909  Odometry_Get                               
000088f9  Odometry_GetAngle                          
000088ed  Odometry_GetX                              
000088f3  Odometry_GetY                              
00008635  Odometry_Init                              
0000861d  Odometry_SetPower                          
00008655  Odometry_Update                            
000130c1  PCM_IRQHandler                             
0000b7d3  PCM_clearInterruptFlag                     
0000b7a9  PCM_disableInterrupt                       
0000b781  PCM_disableRudeMode                        
0000b795  PCM_enableInterrupt                        
0000b76f  PCM_enableRudeMode                         
0000b17b  PCM_getCoreVoltageLevel                    
0000b7c3  PCM_getEnabledInterruptStatus              
0000b7bd  PCM_getInterruptStatus                     
0000b121  PCM_getPowerMode                           
0000b763  PCM_getPowerState                          
0000b695  PCM_gotoLPM0                               
0000b6b3  PCM_gotoLPM0InterruptSafe                  
0000b6cf  PCM_gotoLPM3                               
0000b747  PCM_gotoLPM3InterruptSafe                  
0000b669  PCM_gotoLPM4                               
0000b679  PCM_gotoLPM4InterruptSafe                  
0000b7e7  PCM_registerInterrupt                      
0000b0ef  PCM_setCoreVoltageLevel                    
0000b111  PCM_setCoreVoltageLevelNonBlocking         
0000b0ff  PCM_setCoreVoltageLevelWithTimeout         
0000b321  PCM_setPowerMode                           
0000b331  PCM_setPowerModeNonBlocking                
0000b341  PCM_setPowerModeWithTimeout                
0000b5f3  PCM_setPowerState                          
0000b615  PCM_setPowerStateNonBlocking               
0000b603  PCM_setPowerStateWithTimeout               
0000b625  PCM_shutdownDevice                         
0000b7fb  PCM_unregisterInterrupt                    
000130c1  PORT1_IRQHandler                           
0000ec35  PORT2_IRQHandler                           
0000ec35  PORT2_IRQHandler                           
000130c1  PORT3_IRQHandler                           
000130c1  PORT4_IRQHandler                           
000130c1  PORT5_IRQHandler                           
0000c8e9  PORT6_IRQHandler                           
0000c8e9  PORT6_IRQHandler                           
000130c1  PSS_IRQHandler                             
200040d8  PTxChan                                    
00011a49  PWM_DutyLeft                               
00011a29  PWM_DutyRight                              
000119bd  PWM_InitRL                                 
200040dc  Pamplitudes                                
00003c7d  Pause                                      
200040e0  Pdistances                                 
000130c1  PendSV_Handler                             
0000ec03  Port1_ISR                                  
200047dc  Postwait                                   
200047d4  Prewait                                    
200040e4  Pt                                         
200040e8  Pt2                                        
200040ec  Pt3                                        
200040f0  R                                          
000130c1  RTC_C_IRQHandler                           
0000cdd9  RTC_C_clearInterruptFlag                   
0000cc23  RTC_C_convertBCDToBinary                   
0000cc3b  RTC_C_convertBinaryToBCD                   
0000cb7f  RTC_C_definePrescaleEvent                  
0000cca9  RTC_C_disableInterrupt                     
0000cc53  RTC_C_enableInterrupt                      
0000cab1  RTC_C_getCalendarTime                      
0000cd79  RTC_C_getEnabledInterruptStatus            
0000cd11  RTC_C_getInterruptStatus                   
0000cba7  RTC_C_getPrescaleValue                     
0000c99b  RTC_C_holdClock                            
0000ca3f  RTC_C_initCalendar                         
0000ce1f  RTC_C_registerInterrupt                    
0000cb17  RTC_C_setCalendarAlarm                     
0000cb4f  RTC_C_setCalendarEvent                     
0000c9e9  RTC_C_setCalibrationData                   
0000c9b9  RTC_C_setCalibrationFrequency              
0000cbd3  RTC_C_setPrescaleValue                     
0000ca15  RTC_C_setTemperatureCompensation           
0000c97d  RTC_C_startClock                           
0000ce3d  RTC_C_unregisterInterrupt                  
000130b5  Reset_Handler                              
00003845  Right                                      
20004178  RightDir                                   
200040f4  RightDistance                              
200040f8  RightSteps                                 
20003fe8  RightTach                                  
200040fc  Robottheta                                 
20004100  Robotx                                     
20004104  Roboty                                     
20004108  Rr                                         
20003db0  RxFIFO                                     
2000410c  RxFifoLost                                 
000102c5  RxFifo_Get                                 
0001026d  RxFifo_Init                                
0001027f  RxFifo_Put                                 
20004110  RxGetI                                     
20004114  RxPutI                                     
200047ac  S1buttonDebounce                           
200047b0  S2buttonDebounce                           
00006c67  SL_FD_CLR                                  
00006c8d  SL_FD_ISSET                                
00006c45  SL_FD_SET                                  
00006cb5  SL_FD_ZERO                                 
00004f6d  SSD1306_Clear                              
00004f2d  SSD1306_ClearBuffer                        
00005989  SSD1306_Dim                                
00005843  SSD1306_DisplayBuffer                      
00004e2f  SSD1306_DrawChar                           
00005205  SSD1306_DrawFastHLine                      
00005429  SSD1306_DrawFastVLine                      
00004fc1  SSD1306_DrawFullImage                      
00004cc1  SSD1306_DrawPixel                          
00004edd  SSD1306_DrawString                         
0000583f  SSD1306_GetBuffer                          
00005741  SSD1306_GetPixel                           
00004bbb  SSD1306_Init                               
00005973  SSD1306_InvertDisplay                      
00005a35  SSD1306_OutChar                            
00005d37  SSD1306_OutHex7                            
00005b71  SSD1306_OutSDec                            
00005c49  SSD1306_OutSFix1                           
00005b5b  SSD1306_OutString                          
00005b65  SSD1306_OutUDec                            
00005d95  SSD1306_OutUDec16                          
00005e31  SSD1306_OutUDec2                           
00005b95  SSD1306_OutUFix1                           
00005d6d  SSD1306_OutUHex7                           
00005025  SSD1306_PrintBMP                           
000059bb  SSD1306_SetCursor                          
00005317  SSD1306_drawFastHLineInternal              
00005541  SSD1306_drawFastVLineInternal              
00005929  SSD1306_startscrolldiagleft                
000058e5  SSD1306_startscrolldiagright               
000058af  SSD1306_startscrollleft                    
0000587d  SSD1306_startscrollright                   
00005969  SSD1306_stopscroll                         
000130c1  SVC_Handler                                
0000ebbf  SelAntenna                                 
200047cc  SetPoint                                   
0000379d  SimpleLinkGeneralEventHandler              
0000378f  SimpleLinkHttpServerCallback               
0000375f  SimpleLinkNetAppEventHandler               
000037a9  SimpleLinkSockEventHandler                 
000036f3  SimpleLinkWlanEventHandler                 
000150f8  SinTab                                     
000130f8  SinTab2                                    
20004118  Size                                       
00008bcd  SoftLeft                                   
00008eff  SoftLeftUntilTh                            
00008fa9  SoftLeftUntilThStart                       
00008bf1  SoftRight                                  
00012f85  StartCritical                              
20004168  StartX                                     
2000416a  StartY                                     
00008b57  StopUntilBumperTouched                     
0000f43f  SysCtl_disableGlitchFilter                 
0000f2cf  SysCtl_disableNMISource                    
0000f3d7  SysCtl_disablePeripheralAtCPUHalt          
0000f319  SysCtl_disableSRAMBank                     
0000f39d  SysCtl_disableSRAMBankRetention            
0000f433  SysCtl_enableGlitchFilter                  
0000f2e3  SysCtl_enableNMISource                     
0000f3c3  SysCtl_enablePeripheralAtCPUHalt           
0000f2fd  SysCtl_enableSRAMBank                      
0000f381  SysCtl_enableSRAMBankRetention             
0000f2c9  SysCtl_getFlashSize                        
0000f2f7  SysCtl_getNMISourceStatus                  
0000f2c3  SysCtl_getSRAMSize                         
0000f24d  SysCtl_getTLVInfo                          
0000f44b  SysCtl_getTempCalibrationConstant          
0000f3b9  SysCtl_rebootDevice                        
0000f40f  SysCtl_setWDTPasswordViolationResetType    
0000f3eb  SysCtl_setWDTTimeoutResetType              
0000e5dd  SysTick_Handler                            
0000e5dd  SysTick_Handler                            
00012289  SysTick_disableInterrupt                   
00012259  SysTick_disableModule                      
0001227d  SysTick_enableInterrupt                    
0001224d  SysTick_enableModule                       
000122a7  SysTick_getPeriod                          
000122af  SysTick_getValue                           
00012265  SysTick_registerInterrupt                  
00012295  SysTick_setPeriod                          
00012273  SysTick_unregisterInterrupt                
2000484c  SystemCoreClock                            
0000eca9  SystemCoreClockUpdate                      
0000ef21  SystemInit                                 
000130c1  T32_INT1_IRQHandler                        
000130c1  T32_INT2_IRQHandler                        
000130c1  T32_INTC_IRQHandler                        
000130c1  TA0_0_IRQHandler                           
000130c1  TA0_N_IRQHandler                           
000130c1  TA1_0_IRQHandler                           
000130c1  TA1_N_IRQHandler                           
000130c1  TA2_0_IRQHandler                           
000130c1  TA2_N_IRQHandler                           
00012ef1  TA3_0_IRQHandler                           
00012ef1  TA3_0_IRQHandler                           
00012ef3  TA3_N_IRQHandler                           
00012ef3  TA3_N_IRQHandler                           
0000e791  TLSConnectNetwork                          
2000416c  Tachometer_FirstLeftTime                   
2000416e  Tachometer_FirstRightTime                  
00010967  Tachometer_Get                             
0001093d  Tachometer_Init                            
2000480d  Tachometer_LeftDir                         
20004808  Tachometer_LeftSteps                       
2000480c  Tachometer_RightDir                        
20004804  Tachometer_RightSteps                      
20004170  Tachometer_SecondLeftTime                  
20004172  Tachometer_SecondRightTime                 
00012ee5  TimerA3Capture_Init01                      
00012ef5  TimerA3Capture_Init02                      
2000411c  TotalLeftSteps                             
20004120  TotalRightSteps                            
20004124  TxChannel                                  
0000b879  UART0_InChar                               
0000bcbd  UART0_InString                             
0000b89f  UART0_InUDec                               
0000bb71  UART0_InUHex                               
0000b831  UART0_Init                                 
0000be1d  UART0_Initprintf                           
0000b889  UART0_OutChar                              
0000b92d  UART0_OutSDec                              
0000b895  UART0_OutString                            
0000b923  UART0_OutUDec                              
0000ba73  UART0_OutUDec4                             
0000baa7  UART0_OutUDec5                             
0000bad9  UART0_OutUFix1                             
0000bb25  UART0_OutUFix2                             
0000bc35  UART0_OutUHex                              
0000bca1  UART0_OutUHex2                             
000103cb  UART1_FinishOutput                         
00010369  UART1_InChar                               
000102fb  UART1_InStatus                             
0001030b  UART1_Init                                 
0001037b  UART1_OutChar                              
000103ad  UART1_OutString                            
20004128  UL                                         
2000412c  UR                                         
0000381b  UartClear                                  
000037e9  UartSetCur                                 
0000e9cf  UnMaskIntHdlr                              
00008969  UpdatePosition                             
000130c1  UsageFault_Handler                         
4000480c  WDTCTL_SYM                                 
000130c1  WDT_A_IRQHandler                           
00011925  WDT_A_clearTimer                           
000118e5  WDT_A_holdTimer                            
00011961  WDT_A_initIntervalTimer                    
00011945  WDT_A_initWatchdogTimer                    
00011995  WDT_A_registerInterrupt                    
0001197d  WDT_A_setPasswordViolationReset            
00011989  WDT_A_setTimeoutReset                      
00011905  WDT_A_startTimer                           
000119a9  WDT_A_unregisterInterrupt                  
00012f97  WaitForInterrupt                           
00008ae3  WaitUntilBumperTouched                     
00016368  _SlAcceptCmdCtrl                           
000161d4  _SlActionLookupTable                       
00000fb1  _SlAsyncEventGenericHandler                
0001636c  _SlDeviceGetCmdCtrl                        
00016370  _SlDeviceSetCmdCtrl                        
000019c9  _SlDrvBasicCmd                             
00001677  _SlDrvClassifyRxMsg                        
000002af  _SlDrvCmdOp                                
0000035f  _SlDrvCmdSend                              
000003b5  _SlDrvDataReadOp                           
000005b9  _SlDrvDataWriteOp                          
0000c3df  _SlDrvDeviceEventHandler                   
000001c9  _SlDrvDriverCBDeinit                       
000000e5  _SlDrvDriverCBInit                         
0001211b  _SlDrvFlowContDeinit                       
000120dd  _SlDrvFlowContInit                         
00000979  _SlDrvMsgRead                              
00001499  _SlDrvMsgReadCmdCtx                        
00001593  _SlDrvMsgReadSpawnCtx                      
00000785  _SlDrvMsgWrite                             
0000850d  _SlDrvNetAppEventHandler                   
00001ec1  _SlDrvObjDeInit                            
00001e45  _SlDrvObjInit                              
00001c39  _SlDrvReleasePoolObj                       
000017c5  _SlDrvRxHdrRead                            
0000026d  _SlDrvRxIrqHandler                         
0000177d  _SlDrvShiftDWord                           
00001a31  _SlDrvWaitForPoolObj                       
00016374  _SlEventMaskGetCmdCtrl                     
00016378  _SlEventMaskSetCmdCtrl                     
00001f9f  _SlFindAndSetActiveObj                     
0001637c  _SlGetHostByNameCtrl                       
00016380  _SlGetHostByServiceCtrl                    
00016384  _SlGetServiceListeCtrl                     
00016388  _SlGetSockOptCmdCtrl                       
0001638c  _SlListenCmdCtrl                           
00016390  _SlNetAppGetCmdCtrl                        
00016394  _SlNetAppSendTokenValueCmdCtrl             
00016398  _SlNetAppSetCmdCtrl                        
0001639c  _SlNetAppStartCtrl                         
000163a0  _SlNetAppStopCtrl                          
000163a4  _SlNetCfgGetCmdCtrl                        
000163a8  _SlNetCfgSetCmdCtrl                        
00010e5d  _SlNonOsMainLoopTask                       
00010db1  _SlNonOsSemGet                             
00010d99  _SlNonOsSemSet                             
00010e0d  _SlNonOsSpawn                              
000163ac  _SlPolicyGetCmdCtrl                        
000163b0  _SlPolicySetCmdCtrl                        
000163b4  _SlProfileDelCmdCtrl                       
000163b8  _SlProfileGetCmdCtrl                       
000163bc  _SlRecvCmdCtrl                             
000163c0  _SlRecvfomCmdCtrl                          
000163c4  _SlRegisterServiceCtrl                     
00001ee1  _SlRemoveFromList                          
000163c8  _SlRxFilterAddtCmdCtrl                     
000163cc  _SlRxFilterGetCmdCtrl                      
000163d0  _SlRxFilterSetCmdCtrl                      
000163d4  _SlSelectCmdCtrl                           
000163d8  _SlSendCmdCtrl                             
000163dc  _SlSetSockOptCmdCtrl                       
000163e0  _SlSmartConfigStartCmdCtrl                 
000163e4  _SlSockCloseCmdCtrl                        
000163e8  _SlSockSocketCmdCtrl                       
000163ec  _SlStopCmdCtrl                             
000163f0  _SlWlanCfgGetCmdCtrl                       
000163f4  _SlWlanCfgSetCmdCtrl                       
000163f8  _SlWlanGetNetworkListCtrl                  
000163fc  _SlWlanSetModeCmdCtrl                      
20003c90  __CIOBUF_                                  
0000358b  __FlashCtl_remaskBurstDataPost             
00003471  __FlashCtl_remaskBurstDataPre              
000032b5  __FlashCtl_remaskData32Post                
00003399  __FlashCtl_remaskData32Pre                 
00003197  __FlashCtl_remaskData8Post                 
00003217  __FlashCtl_remaskData8Pre                  
20010000  __STACK_END                                
00000200  __STACK_SIZE                               
00000400  __SYSMEM_SIZE                              
00016528  __TI_CINIT_Base                            
00016540  __TI_CINIT_Limit                           
0001650c  __TI_Handler_Table_Base                    
00016518  __TI_Handler_Table_Limit                   
00012b2d  __TI_auto_init_nobinit_nopinit             
00012d21  __TI_cleanup                               
[...]
00011925  WDT_A_clearTimer                           
00011945  WDT_A_initWatchdogTimer                    
00011961  WDT_A_initIntervalTimer                    
0001197d  WDT_A_setPasswordViolationReset            
00011989  WDT_A_setTimeoutReset                      
00011995  WDT_A_registerInterrupt                    
000119a9  WDT_A_unregisterInterrupt                  
000119bd  PWM_InitRL                                 
00011a29  PWM_DutyRight                              
00011a49  PWM_DutyLeft                               
00011a91  Bump_Init                                  
00011ac5  Bump_Read                                  
00011b4d  open                                       
00011c09  add_device                                 
00011d75  fopen                                      
00011e11  __aeabi_memcpy                             
00011e11  __aeabi_memcpy4                            
00011e11  __aeabi_memcpy8                            
00011e11  memcpy                                     
00011ead  __aeabi_uldivmod                           
00011f45  fputc                                      
00011f45  putc                                       
00011fd1  __aeabi_cdcmpeq                            
00011fd1  __aeabi_cdcmple                            
00012057  __aeabi_cdrcmple                           
000120dd  _SlDrvFlowContInit                         
0001211b  _SlDrvFlowContDeinit                       
0001215d  __aeabi_memclr                             
0001215d  __aeabi_memclr4                            
0001215d  __aeabi_memclr8                            
0001215f  __aeabi_memset                             
0001215f  __aeabi_memset4                            
0001215f  __aeabi_memset8                            
00012165  memset                                     
000121d9  __TI_closefile                             
0001224d  SysTick_enableModule                       
00012259  SysTick_disableModule                      
00012265  SysTick_registerInterrupt                  
00012273  SysTick_unregisterInterrupt                
0001227d  SysTick_enableInterrupt                    
00012289  SysTick_disableInterrupt                   
00012295  SysTick_setPeriod                          
000122a7  SysTick_getPeriod                          
000122af  SysTick_getValue                           
000123a1  HOSTrename                                 
0001240d  HOSTlseek                                  
00012475  __TI_decompress_lzss                       
000124dd  printf                                     
00012545  frexp                                      
00012545  frexpl                                     
000125a9  fseek                                      
0001260d  __TI_wrt_ok                                
00012671  HOSTopen                                   
000126d1  close                                      
0001272d  HOSTread                                   
00012785  HOSTwrite                                  
000127dd  Blinker_Init                               
00012807  Blinker_Output                             
0001288b  __TI_ltoa                                  
00012931  __TI_doflush                               
0001297d  atoi                                       
000129c9  snprintf                                   
00012a15  exit                                       
00012a5d  __aeabi_d2iz                               
00012aa5  HOSTclose                                  
00012ae9  HOSTunlink                                 
00012b2d  __TI_auto_init_nobinit_nopinit             
00012b71  getdevice                                  
00012bb5  EUSCIA0_IRQHandler                         
00012bb5  EUSCIA0_IRQHandler                         
00012bc1  CLI_Read                                   
00012bd7  CLI_Write                                  
00012bed  CLI_Configure                              
00012bf5  sprintf                                    
00012c73  CPU_cpsid                                  
00012c7f  CPU_primask                                
00012c89  CPU_cpsie                                  
00012c95  CPU_wfi                                    
00012c99  CPU_basepriSet                             
00012ca7  CPU_basepriGet                             
00012cb1  __TI_writemsg                              
00012cdf  C$$IO$$                                    
00012ce9  strncpy                                    
00012d21  __TI_cleanup                               
00012d55  __TI_readmsg                               
00012d89  _c_int00_noargs                            
00012dbd  freopen                                    
00012e21  finddevice                                 
00012e51  __aeabi_i2d                                
00012e7f  strncmp                                    
00012ead  remove                                     
00012ead  unlink                                     
00012ed9  ta3dummy                                   
00012ee5  TimerA3Capture_Init01                      
00012ef1  TA3_0_IRQHandler                           
00012ef1  TA3_0_IRQHandler                           
00012ef3  TA3_N_IRQHandler                           
00012ef3  TA3_N_IRQHandler                           
00012ef5  TimerA3Capture_Init02                      
00012f29  lseek                                      
00012f51  write                                      
00012f79  DisableInterrupts                          
00012f7f  EnableInterrupts                           
00012f85  StartCritical                              
00012f8f  EndCritical                                
00012f97  WaitForInterrupt                           
00012f9d  memchr                                     
00012fd9  memccpy                                    
00012ff5  copysign                                   
00012ff5  copysignl                                  
0001303f  strcmp                                     
00013057  strchr                                     
0001306d  strcpy                                     
00013081  strlen                                     
00013095  wcslen                                     
000130a7  __TI_decompress_none                       
000130b5  Reset_Handler                              
000130c1  ADC14_IRQHandler                           
000130c1  AES256_IRQHandler                          
000130c1  BusFault_Handler                           
000130c1  COMP_E0_IRQHandler                         
000130c1  COMP_E1_IRQHandler                         
000130c1  CS_IRQHandler                              
000130c1  DMA_ERR_IRQHandler                         
000130c1  DMA_INT0_IRQHandler                        
000130c1  DMA_INT1_IRQHandler                        
000130c1  DMA_INT2_IRQHandler                        
000130c1  DMA_INT3_IRQHandler                        
000130c1  DebugMon_Handler                           
000130c1  Default_Handler                            
000130c1  EUSCIA1_IRQHandler                         
000130c1  EUSCIA3_IRQHandler                         
000130c1  EUSCIB0_IRQHandler                         
000130c1  EUSCIB1_IRQHandler                         
000130c1  EUSCIB2_IRQHandler                         
000130c1  EUSCIB3_IRQHandler                         
000130c1  FLCTL_IRQHandler                           
000130c1  FPU_IRQHandler                             
000130c1  HardFault_Handler                          
000130c1  MemManage_Handler                          
000130c1  NMI_Handler                                
000130c1  PCM_IRQHandler                             
000130c1  PORT1_IRQHandler                           
000130c1  PORT3_IRQHandler                           
000130c1  PORT4_IRQHandler                           
000130c1  PORT5_IRQHandler                           
000130c1  PSS_IRQHandler                             
000130c1  PendSV_Handler                             
000130c1  RTC_C_IRQHandler                           
000130c1  SVC_Handler                                
000130c1  T32_INT1_IRQHandler                        
000130c1  T32_INT2_IRQHandler                        
000130c1  T32_INTC_IRQHandler                        
000130c1  TA0_0_IRQHandler                           
000130c1  TA0_N_IRQHandler                           
000130c1  TA1_0_IRQHandler                           
000130c1  TA1_N_IRQHandler                           
000130c1  TA2_0_IRQHandler                           
000130c1  TA2_N_IRQHandler                           
000130c1  UsageFault_Handler                         
000130c1  WDT_A_IRQHandler                           
000130c3  __TI_zero_init                             
000130d9  __aeabi_errno_addr                         
000130e1  malloc                                     
000130f1  _system_pre_init                           
000130f5  C$$EXIT                                    
000130f5  abort                                      
000130f8  SinTab2                                    
000150f8  SinTab                                     
00015f20  _ctypes_                                   
000161d4  _SlActionLookupTable                       
000162c8  g_H2NCnysPattern                           
000162d0  g_H2NSyncPattern                           
00016368  _SlAcceptCmdCtrl                           
0001636c  _SlDeviceGetCmdCtrl                        
00016370  _SlDeviceSetCmdCtrl                        
00016374  _SlEventMaskGetCmdCtrl                     
00016378  _SlEventMaskSetCmdCtrl                     
0001637c  _SlGetHostByNameCtrl                       
00016380  _SlGetHostByServiceCtrl                    
00016384  _SlGetServiceListeCtrl                     
00016388  _SlGetSockOptCmdCtrl                       
0001638c  _SlListenCmdCtrl                           
00016390  _SlNetAppGetCmdCtrl                        
00016394  _SlNetAppSendTokenValueCmdCtrl             
00016398  _SlNetAppSetCmdCtrl                        
0001639c  _SlNetAppStartCtrl                         
000163a0  _SlNetAppStopCtrl                          
000163a4  _SlNetCfgGetCmdCtrl                        
000163a8  _SlNetCfgSetCmdCtrl                        
000163ac  _SlPolicyGetCmdCtrl                        
000163b0  _SlPolicySetCmdCtrl                        
000163b4  _SlProfileDelCmdCtrl                       
000163b8  _SlProfileGetCmdCtrl                       
000163bc  _SlRecvCmdCtrl                             
000163c0  _SlRecvfomCmdCtrl                          
000163c4  _SlRegisterServiceCtrl                     
000163c8  _SlRxFilterAddtCmdCtrl                     
000163cc  _SlRxFilterGetCmdCtrl                      
000163d0  _SlRxFilterSetCmdCtrl                      
000163d4  _SlSelectCmdCtrl                           
000163d8  _SlSendCmdCtrl                             
000163dc  _SlSetSockOptCmdCtrl                       
000163e0  _SlSmartConfigStartCmdCtrl                 
000163e4  _SlSockCloseCmdCtrl                        
000163e8  _SlSockSocketCmdCtrl                       
000163ec  _SlStopCmdCtrl                             
000163f0  _SlWlanCfgGetCmdCtrl                       
000163f4  _SlWlanCfgSetCmdCtrl                       
000163f8  _SlWlanGetNetworkListCtrl                  
000163fc  _SlWlanSetModeCmdCtrl                      
0001650c  __TI_Handler_Table_Base                    
00016518  __TI_Handler_Table_Limit                   
00016528  __TI_CINIT_Base                            
00016540  __TI_CINIT_Limit                           
20000000  __start___llvm_prf_cnts                    
20000000  __stop___llvm_prf_cnts                     
20000000  g_pfnRAMVectors                            
200000e4  x                                          
200010e4  x2                                         
200020e4  x3                                         
200030e4  g_AppData                                  
2000372c  buffer                                     
20003b2c  g_StatMem                                  
20003c90  __CIOBUF_                                  
20003db0  RxFIFO                                     
20003eb0  __TI_tmpnams                               
20003f50  hMQTTClient                                
20003fac  g__SlNonOsCB                               
20003fd4  LeftTach                                   
20003fe8  RightTach                                  
20003ffc  macStr                                     
20004010  n                                          
20004020  Amplitudes                                 
2000402c  ChannelCount                               
20004038  Distances                                  
20004044  FilteredDistances                          
20004050  uniqueID                                   
2000406c  Messageb                                   
20004074  macAddressVal                              
2000407c  parmbuf                                    
20004088  CenterDistance                             
2000408c  Error                                      
20004090  I1                                         
20004094  ISRLast                                    
20004098  ISRPeriod                                  
2000409c  ISRTime                                    
200040a0  L                                          
200040a4  LPFSum                                     
200040a8  LPFSum2                                    
200040ac  LPFSum3                                    
200040b0  LastLeftSteps                              
200040b4  LastRightSteps                             
200040b8  LeftDistance                               
200040bc  LeftSteps                                  
200040c0  Lr                                         
200040c4  Messageindexb                              
200040c8  MilliTimer                                 
200040cc  MyTheta                                    
200040d0  MyX                                        
200040d4  MyY                                        
200040d8  PTxChan                                    
200040dc  Pamplitudes                                
200040e0  Pdistances                                 
200040e4  Pt                                         
200040e8  Pt2                                        
200040ec  Pt3                                        
200040f0  R                                          
200040f4  RightDistance                              
200040f8  RightSteps                                 
200040fc  Robottheta                                 
20004100  Robotx                                     
20004104  Roboty                                     
20004108  Rr                                         
2000410c  RxFifoLost                                 
20004110  RxGetI                                     
20004114  RxPutI                                     
20004118  Size                                       
2000411c  TotalLeftSteps                             
20004120  TotalRightSteps                            
20004124  TxChannel                                  
20004128  UL                                         
2000412c  UR                                         
20004130  badCount                                   
20004134  desiredTh                                  
20004138  desiredX                                   
2000413c  desiredY                                   
20004140  dtheta                                     
20004144  dz                                         
20004148  goal                                       
2000414c  lastgoal                                   
20004150  rotation                                   
20004154  u1                                         
20004158  u2                                         
2000415c  u3                                         
20004160  vccstate                                   
20004164  ActualL                                    
20004166  ActualR                                    
20004168  StartX                                     
2000416a  StartY                                     
2000416c  Tachometer_FirstLeftTime                   
2000416e  Tachometer_FirstRightTime                  
20004170  Tachometer_SecondLeftTime                  
20004172  Tachometer_SecondRightTime                 
20004174  Action                                     
20004175  Goal                                       
20004176  IntIsMasked                                
20004177  LeftDir                                    
20004178  RightDir                                   
20004180  _sys_memory                                
20004580  _ftable                                    
20004670  _device                                    
200046e8  _stream                                    
200047a8  runFlag                                    
200047ac  S1buttonDebounce                           
200047b0  S2buttonDebounce                           
200047b4  publishID                                  
200047b8  macAddressLen                              
200047bc  g_Status                                   
200047c0  Mode                                       
200047c4  Ki                                         
200047c8  Kp                                         
200047cc  SetPoint                                   
200047d0  ClockFrequency                             
200047d4  Prewait                                    
200047d8  CPMwait                                    
200047dc  Postwait                                   
200047e0  IFlags                                     
200047e4  Crystalstable                              
200047e8  __TI_ft_end                                
200047ec  __aeabi_stdin                              
200047f0  __aeabi_stdout                             
200047f4  __aeabi_stderr                             
200047f8  __TI_cleanup_ptr                           
200047fc  __TI_dtors_ptr                             
20004800  __TI_enable_exit_profile_output            
20004804  Tachometer_RightSteps                      
20004808  Tachometer_LeftSteps                       
2000480c  Tachometer_RightDir                        
2000480d  Tachometer_LeftDir                         
20004810  g_pCB                                      
20004814  pPingCallBackFunc                          
20004818  gFirstCmdMode                              
2000481c  _lock                                      
20004820  _unlock                                    
2000482c  MotorFast                                  
20004830  MotorSlow                                  
20004834  CurrentX                                   
20004836  CurrentY                                   
20004838  pIraEventHandler                           
20004840  errno                                      
2000484c  SystemCoreClock                            
2000fe00  __stack                                    
20010000  __STACK_END                                
4000480c  WDTCTL_SYM                                 
ffffffff  __TI_pprof_out_hndl                        
ffffffff  __TI_prof_data_size                        
ffffffff  __TI_prof_data_start                       
ffffffff  __binit__                                  
ffffffff  __c_args__                                 
ffffffff  binit                                      
UNDEFED   __mpu_init                                 
UNDEFED   _system_post_cinit                         

[938 symbols]
