******************************************************************************
                  TI ARM Linker PC v20.2.7                     
******************************************************************************
>> Linked Thu Apr 20 10:37:02 2023

OUTPUT FILE NAME:   <Lab21_OPT3101.out>
ENTRY POINT SYMBOL: "_c_int00_noargs"  address: 00003189


MEMORY CONFIGURATION

         name            origin    length      used     unused   attr    fill
----------------------  --------  ---------  --------  --------  ----  --------
  MAIN                  00000000   00040000  00003470  0003cb90  R  X
  INFO                  00200000   00004000  00000000  00004000  R  X
  SRAM_CODE             01000000   00010000  00003ad4  0000c52c  RW X
  SRAM_DATA             20000000   00010000  00003ad4  0000c52c  RW  


SEGMENT ALLOCATION MAP

run origin  load origin   length   init length attrs members
----------  ----------- ---------- ----------- ----- -------
00000000    00000000    00003470   00003470    r-x
  00000000    00000000    000000e4   000000e4    r-- .intvecs
  000000e4    000000e4    0000312c   0000312c    r-x .text
  00003210    00003210    00000220   00000220    r-- .const
  00003430    00003430    00000040   00000040    r-- .cinit
20000000    20000000    000038d8   00000000    rw-
  20000000    20000000    000034a4   00000000    rw- .bss
  200034a8    200034a8    00000400   00000000    rw- .sysmem
  200038a8    200038a8    00000030   00000000    rw- .data
2000fe00    2000fe00    00000200   00000000    rw-
  2000fe00    2000fe00    00000200   00000000    rw- .stack


SECTION ALLOCATION MAP

 output                                  attributes/
section   page    origin      length       input sections
--------  ----  ----------  ----------   ----------------
.intvecs   0    00000000    000000e4     
                  00000000    000000e4     startup_msp432p401r_ccs.obj (.intvecs:retain)

.text      0    000000e4    0000312c     
                  000000e4    00001340     SSD1306.obj (.text)
                  00001424    000005d4     Lab21_OPT3101_TestMain.obj (.text)
                  000019f8    0000051c     opt3101.obj (.text)
                  00001f14    000003a4     I2CB1.obj (.text)
                  000022b8    000003a0     LPF.obj (.text)
                  00002658    00000334     system_msp432p401r.obj (.text)
                  0000298c    000001e0     Clock.obj (.text)
                  00002b6c    0000017c     Motor.obj (.text)
                  00002ce8    00000110     Bump.obj (.text)
                  00002df8    000000f8     LaunchPad.obj (.text)
                  00002ef0    000000d4     PWM.obj (.text)
                  00002fc4    0000009c     rtsv7M4_T_le_v4SPD16_eabi.lib : memcpy_t2.asm.obj (.text)
                  00003060    0000007a                                   : memset_t2.asm.obj (.text)
                  000030da    00000068                                   : copy_decompress_lzss.c.obj (.text:decompress:lzss:__TI_decompress_lzss)
                  00003142    00000002     --HOLE-- [fill = 0]
                  00003144    00000044                                   : autoinit.c.obj (.text:__TI_auto_init_nobinit_nopinit:__TI_auto_init_nobinit_nopinit)
                  00003188    00000034                                   : boot_cortex_m.c.obj (.text:_c_int00_noargs:_c_int00_noargs)
                  000031bc    00000024     CortexM.obj (.text)
                  000031e0    0000000e     rtsv7M4_T_le_v4SPD16_eabi.lib : copy_decompress_none.c.obj (.text:decompress:none:__TI_decompress_none)
                  000031ee    0000000e     startup_msp432p401r_ccs.obj (.text)
                  000031fc    0000000c     rtsv7M4_T_le_v4SPD16_eabi.lib : copy_zero_init.c.obj (.text:decompress:ZI:__TI_zero_init)
                  00003208    00000004                                   : pre_init.c.obj (.text:_system_pre_init)
                  0000320c    00000004                                   : exit.c.obj (.text:abort:abort)

.const     0    00003210    00000220     
                  00003210    000001e0     SSD1306.obj (.const:ASCII)
                  000033f0    00000008     SSD1306.obj (.const:.string:postmask)
                  000033f8    00000008     SSD1306.obj (.const:.string:premask)
                  00003400    00000006     SSD1306.obj (.const:.string:init5)
                  00003406    00000005     SSD1306.obj (.const:.string:dlist1)
                  0000340b    00000004     SSD1306.obj (.const:.string:init1)
                  0000340f    00000004     SSD1306.obj (.const:.string:init2)
                  00003413    00000004     SSD1306.obj (.const:.string:init3)
                  00003417    00000003     SSD1306.obj (.const:.string:init4b)
                  0000341a    00000003     SSD1306.obj (.const:.string:scrollList1b)
                  0000341d    00000003     SSD1306.obj (.const:.string:scrollList2b)
                  00003420    00000002     SSD1306.obj (.const:.string:scrollList1a)
                  00003422    00000002     SSD1306.obj (.const:.string:scrollList2a)
                  00003424    00000002     SSD1306.obj (.const:.string:scrollList3a)
                  00003426    00000002     SSD1306.obj (.const:.string:scrollList3b)
                  00003428    00000002     SSD1306.obj (.const:.string:scrollList3c)
                  0000342a    00000002     SSD1306.obj (.const:.string:scrollList4a)
                  0000342c    00000002     SSD1306.obj (.const:.string:scrollList4b)
                  0000342e    00000002     SSD1306.obj (.const:.string:scrollList4c)

.cinit     0    00003430    00000040     
                  00003430    00000017     (.cinit..data.load) [load image, compression = lzss]
                  00003447    00000001     --HOLE-- [fill = 0]
                  00003448    0000000c     (__TI_handler_table)
                  00003454    00000004     --HOLE-- [fill = 0]
                  00003458    00000008     (.cinit..bss.load) [load image, compression = zero_init]
                  00003460    00000010     (__TI_cinit_table)

.init_array 
*          0    00000000    00000000     UNINITIALIZED

.binit     0    00000000    00000000     

.bss       0    20000000    000034a4     UNINITIALIZED
                  20000000    00001000     (.common:x)
                  20001000    00001000     (.common:x2)
                  20002000    00001000     (.common:x3)
                  20003000    00000400     (.common:buffer)
                  20003400    0000000c     (.common:Amplitudes)
                  2000340c    0000000c     (.common:ChannelCount)
                  20003418    0000000c     (.common:Distances)
                  20003424    0000000c     (.common:FilteredDistances)
                  20003430    00000008     opt3101.obj (.bss)
                  20003438    00000004     (.common:CenterDistance)
                  2000343c    00000004     (.common:Error)
                  20003440    00000004     (.common:I1)
                  20003444    00000004     (.common:ISRLast)
                  20003448    00000004     (.common:ISRPeriod)
                  2000344c    00000004     (.common:ISRTime)
                  20003450    00000004     (.common:LPFSum)
                  20003454    00000004     (.common:LPFSum2)
                  20003458    00000004     (.common:LPFSum3)
                  2000345c    00000004     (.common:LeftDistance)
                  20003460    00000004     (.common:PTxChan)
                  20003464    00000004     (.common:Pamplitudes)
                  20003468    00000004     (.common:Pdistances)
                  2000346c    00000004     (.common:Pt)
                  20003470    00000004     (.common:Pt2)
                  20003474    00000004     (.common:Pt3)
                  20003478    00000004     (.common:RightDistance)
                  2000347c    00000004     (.common:Size)
                  20003480    00000004     (.common:TxChannel)
                  20003484    00000004     (.common:UL)
                  20003488    00000004     (.common:UR)
                  2000348c    00000004     (.common:rotation)
                  20003490    00000004     (.common:u1)
                  20003494    00000004     (.common:u2)
                  20003498    00000004     (.common:u3)
                  2000349c    00000004     (.common:vccstate)
                  200034a0    00000002     (.common:StartX)
                  200034a2    00000002     (.common:StartY)

.sysmem    0    200034a8    00000400     UNINITIALIZED
                  200034a8    00000010     rtsv7M4_T_le_v4SPD16_eabi.lib : memory.c.obj (.sysmem)
                  200034b8    000003f0     --HOLE--

.data      0    200038a8    00000030     UNINITIALIZED
                  200038a8    00000018     Clock.obj (.data)
                  200038c0    00000010     Lab21_OPT3101_TestMain.obj (.data)
                  200038d0    00000004     SSD1306.obj (.data)
                  200038d4    00000004     system_msp432p401r.obj (.data)

.stack     0    2000fe00    00000200     UNINITIALIZED
                  2000fe00    00000004     rtsv7M4_T_le_v4SPD16_eabi.lib : boot_cortex_m.c.obj (.stack)
                  2000fe04    000001fc     --HOLE--

__llvm_prf_cnts 
*          0    20000000    00000000     UNINITIALIZED

MODULE SUMMARY

       Module                        code    ro data   rw data
       ------                        ----    -------   -------
    .\
       LPF.obj                       928     0         24664  
       SSD1306.obj                   4928    544       2080   
       Lab21_OPT3101_TestMain.obj    1492    0         160    
       opt3101.obj                   1308    0         88     
       I2CB1.obj                     932     0         0      
       system_msp432p401r.obj        820     0         8      
       Clock.obj                     480     0         48     
       Motor.obj                     380     0         0      
       Bump.obj                      272     0         0      
       LaunchPad.obj                 248     0         0      
       startup_msp432p401r_ccs.obj   14      228       0      
       PWM.obj                       212     0         0      
       CortexM.obj                   36      0         0      
    +--+-----------------------------+-------+---------+---------+
       Total:                        12050   772       27048  
                                                              
    C:\ti\ccs1220\ccs\tools\compiler\ti-cgt-arm_20.2.7.LTS\lib\rtsv7M4_T_le_v4SPD16_eabi.lib
       memcpy_t2.asm.obj             156     0         0      
       memset_t2.asm.obj             122     0         0      
       copy_decompress_lzss.c.obj    104     0         0      
       autoinit.c.obj                68      0         0      
       boot_cortex_m.c.obj           52      0         0      
       copy_decompress_none.c.obj    14      0         0      
       copy_zero_init.c.obj          12      0         0      
       exit.c.obj                    4       0         0      
       pre_init.c.obj                4       0         0      
    +--+-----------------------------+-------+---------+---------+
       Total:                        536     0         0      
                                                              
       Heap:                         0       0         2048   
       Stack:                        0       0         1024   
       Linker Generated:             0       59        0      
    +--+-----------------------------+-------+---------+---------+
       Grand Total:                  12586   831       30120  


LINKER GENERATED COPY TABLES

__TI_cinit_table @ 00003460 records: 2, size/record: 8, table size: 16
	.data: load addr=00003430, load size=00000017 bytes, run addr=200038a8, run size=00000030 bytes, compression=lzss
	.bss: load addr=00003458, load size=00000008 bytes, run addr=20000000, run size=000034a4 bytes, compression=zero_init


LINKER GENERATED HANDLER TABLE

__TI_handler_table @ 00003448 records: 3, size/record: 4, table size: 12
	index: 0, handler: __TI_decompress_lzss
	index: 1, handler: __TI_decompress_none
	index: 2, handler: __TI_zero_init


GLOBAL SYMBOLS: SORTED ALPHABETICALLY BY Name 

address   name                              
-------   ----                              
000031fb  ADC14_IRQHandler                  
000031fb  AES256_IRQHandler                 
20003400  Amplitudes                        
00002ce9  Bump_Init                         
00002d1d  Bump_Read                         
000031fb  BusFault_Handler                  
0000320d  C$$EXIT                           
000031fb  COMP_E0_IRQHandler                
000031fb  COMP_E1_IRQHandler                
200038b0  CPMwait                           
000031fb  CS_IRQHandler                     
20003438  CenterDistance                    
2000340c  ChannelCount                      
200038a8  ClockFrequency                    
00002ae1  Clock_Delay1ms                    
00002ab7  Clock_Delay1us                    
00002aa3  Clock_GetFreq                     
0000298d  Clock_Init48MHz                   
00001489  Controller                        
0000156f  Controller_Right                  
200038bc  Crystalstable                     
200038d0  CurrentX                          
200038d2  CurrentY                          
000031fb  DMA_ERR_IRQHandler                
000031fb  DMA_INT0_IRQHandler               
000031fb  DMA_INT1_IRQHandler               
000031fb  DMA_INT2_IRQHandler               
000031fb  DMA_INT3_IRQHandler               
000031fb  DebugMon_Handler                  
000031fb  Default_Handler                   
000031bd  DisableInterrupts                 
20003418  Distances                         
000031fb  EUSCIA0_IRQHandler                
000031fb  EUSCIA1_IRQHandler                
000031fb  EUSCIA2_IRQHandler                
000031fb  EUSCIA3_IRQHandler                
000031fb  EUSCIB0_IRQHandler                
000031fb  EUSCIB1_IRQHandler                
000031fb  EUSCIB2_IRQHandler                
000031fb  EUSCIB3_IRQHandler                
000031c3  EnableInterrupts                  
000031d3  EndCritical                       
2000343c  Error                             
000031fb  FLCTL_IRQHandler                  
000031fb  FPU_IRQHandler                    
20003424  FilteredDistances                 
000031fb  HardFault_Handler                 
20003440  I1                                
00001f15  I2CB1_Init                        
00001fdb  I2CB1_Recv                        
0000222f  I2CB1_Recv1                       
00001f63  I2CB1_Send                        
00002057  I2CB1_Send1                       
000020b3  I2CB1_Send2                       
00002123  I2CB1_Send3                       
000021a1  I2CB1_Send4                       
200038b8  IFlags                            
20003444  ISRLast                           
20003448  ISRPeriod                         
2000344c  ISRTime                           
200038c4  Ki                                
200038c8  Kp                                
20003450  LPFSum                            
20003454  LPFSum2                           
20003458  LPFSum3                           
000023cd  LPF_Calc                          
00002475  LPF_Calc2                         
00002539  LPF_Calc3                         
0000230d  LPF_Calc_old                      
0000236f  LPF_Init                          
00002421  LPF_Init2                         
000024d7  LPF_Init3                         
000022b9  LPF_Init_old                      
00002df9  LaunchPad_Init                    
00002e69  LaunchPad_Input                   
00002e87  LaunchPad_LED                     
00002ea5  LaunchPad_Output                  
0000146d  Left                              
2000345c  LeftDistance                      
000025a1  Median                            
000031fb  MemManage_Handler                 
200038c0  Mode                              
00002ca1  Motor_Backward                    
00002c1b  Motor_Forward                     
00002b6d  Motor_Init                        
00002c71  Motor_Left                        
00002c41  Motor_Right                       
00002c0b  Motor_Stop                        
000031fb  NMI_Handler                       
00001425  OLEDinit                          
00001e2b  OPT3101_ArmInterrupts             
00001beb  OPT3101_CalibrateInternalCrosstalk
00001d91  OPT3101_CheckDistanceSensor       
00001d5d  OPT3101_GetAmplitude              
00001d7b  OPT3101_GetDistanceMillimeters    
00001da9  OPT3101_GetMeasurement            
00001d71  OPT3101_GetPhase                  
00001d53  OPT3101_GetTxChannel              
00001a63  OPT3101_Init                      
00001d33  OPT3101_MeasurementError          
00001d1b  OPT3101_ReadMeasurement           
000019f9  OPT3101_ReadRegister              
00001ac1  OPT3101_Setup                     
00001ccd  OPT3101_StartMeasurement          
00001cdb  OPT3101_StartMeasurementChannel   
00001a29  OPT3101_WriteRegister             
000031fb  PCM_IRQHandler                    
000031fb  PORT1_IRQHandler                  
000031fb  PORT2_IRQHandler                  
000031fb  PORT3_IRQHandler                  
000031fb  PORT4_IRQHandler                  
000031fb  PORT5_IRQHandler                  
00001e81  PORT6_IRQHandler                  
00001e81  PORT6_IRQHandler                  
000031fb  PSS_IRQHandler                    
20003460  PTxChan                           
00002f7d  PWM_DutyLeft                      
00002f5d  PWM_DutyRight                     
00002ef1  PWM_InitRL                        
20003464  Pamplitudes                       
0000165d  Pause                             
20003468  Pdistances                        
000031fb  PendSV_Handler                    
200038b4  Postwait                          
200038ac  Prewait                           
2000346c  Pt                                
20003470  Pt2                               
20003474  Pt3                               
000031fb  RTC_C_IRQHandler                  
000031ef  Reset_Handler                     
0000144b  Right                             
20003478  RightDistance                     
00000501  SSD1306_Clear                     
000004c1  SSD1306_ClearBuffer               
00000f1d  SSD1306_Dim                       
00000dd7  SSD1306_DisplayBuffer             
000003c3  SSD1306_DrawChar                  
00000799  SSD1306_DrawFastHLine             
000009bd  SSD1306_DrawFastVLine             
00000555  SSD1306_DrawFullImage             
00000255  SSD1306_DrawPixel                 
00000471  SSD1306_DrawString                
00000dd3  SSD1306_GetBuffer                 
00000cd5  SSD1306_GetPixel                  
0000014f  SSD1306_Init                      
00000f07  SSD1306_InvertDisplay             
00000fc9  SSD1306_OutChar                   
000012cb  SSD1306_OutHex7                   
00001105  SSD1306_OutSDec                   
000011dd  SSD1306_OutSFix1                  
000010ef  SSD1306_OutString                 
000010f9  SSD1306_OutUDec                   
00001329  SSD1306_OutUDec16                 
000013c5  SSD1306_OutUDec2                  
00001129  SSD1306_OutUFix1                  
00001301  SSD1306_OutUHex7                  
000005b9  SSD1306_PrintBMP                  
00000f4f  SSD1306_SetCursor                 
000008ab  SSD1306_drawFastHLineInternal     
00000ad5  SSD1306_drawFastVLineInternal     
00000ebd  SSD1306_startscrolldiagleft       
00000e79  SSD1306_startscrolldiagright      
00000e43  SSD1306_startscrollleft           
00000e11  SSD1306_startscrollright          
00000efd  SSD1306_stopscroll                
000031fb  SVC_Handler                       
200038cc  SetPoint                          
2000347c  Size                              
000031c9  StartCritical                     
200034a0  StartX                            
200034a2  StartY                            
000031fb  SysTick_Handler                   
200038d4  SystemCoreClock                   
00002659  SystemCoreClockUpdate             
000028d1  SystemInit                        
000031fb  T32_INT1_IRQHandler               
000031fb  T32_INT2_IRQHandler               
000031fb  T32_INTC_IRQHandler               
000031fb  TA0_0_IRQHandler                  
000031fb  TA0_N_IRQHandler                  
000031fb  TA1_0_IRQHandler                  
000031fb  TA1_N_IRQHandler                  
000031fb  TA2_0_IRQHandler                  
000031fb  TA2_N_IRQHandler                  
000031fb  TA3_0_IRQHandler                  
000031fb  TA3_N_IRQHandler                  
20003480  TxChannel                         
20003484  UL                                
20003488  UR                                
000031fb  UsageFault_Handler                
4000480c  WDTCTL_SYM                        
000031fb  WDT_A_IRQHandler                  
000031db  WaitForInterrupt                  
20010000  __STACK_END                       
00000200  __STACK_SIZE                      
00000400  __SYSMEM_SIZE                     
00003460  __TI_CINIT_Base                   
00003470  __TI_CINIT_Limit                  
00003448  __TI_Handler_Table_Base           
00003454  __TI_Handler_Table_Limit          
00003145  __TI_auto_init_nobinit_nopinit    
000030db  __TI_decompress_lzss              
000031e1  __TI_decompress_none              
ffffffff  __TI_pprof_out_hndl               
ffffffff  __TI_prof_data_size               
ffffffff  __TI_prof_data_start              
00000000  __TI_static_base__                
000031fd  __TI_zero_init                    
00003061  __aeabi_memclr                    
00003061  __aeabi_memclr4                   
00003061  __aeabi_memclr8                   
00002fc5  __aeabi_memcpy                    
00002fc5  __aeabi_memcpy4                   
00002fc5  __aeabi_memcpy8                   
00003063  __aeabi_memset                    
00003063  __aeabi_memset4                   
00003063  __aeabi_memset8                   
ffffffff  __binit__                         
ffffffff  __c_args__                        
UNDEFED   __mpu_init                        
2000fe00  __stack                           
20000000  __start___llvm_prf_cnts           
20000000  __stop___llvm_prf_cnts            
00003189  _c_int00_noargs                   
200034a8  _sys_memory                       
UNDEFED   _system_post_cinit                
00003209  _system_pre_init                  
0000320d  abort                             
ffffffff  binit                             
20003000  buffer                            
00002aa9  delay                             
00000000  interruptVectors                  
00001731  main                              
00002fc5  memcpy                            
00003069  memset                            
0000142f  pollDistanceSensor                
2000348c  rotation                          
000000f1  ssd1306_Testcommandwrite          
00000107  ssd1306_command                   
00000117  ssd1306_command1                  
00000127  ssd1306_commandList               
20003490  u1                                
20003494  u2                                
20003498  u3                                
2000349c  vccstate                          
20000000  x                                 
20001000  x2                                
20002000  x3                                


GLOBAL SYMBOLS: SORTED BY Symbol Address 

address   name                              
-------   ----                              
00000000  __TI_static_base__                
00000000  interruptVectors                  
000000f1  ssd1306_Testcommandwrite          
00000107  ssd1306_command                   
00000117  ssd1306_command1                  
00000127  ssd1306_commandList               
0000014f  SSD1306_Init                      
00000200  __STACK_SIZE                      
00000255  SSD1306_DrawPixel                 
000003c3  SSD1306_DrawChar                  
00000400  __SYSMEM_SIZE                     
00000471  SSD1306_DrawString                
000004c1  SSD1306_ClearBuffer               
00000501  SSD1306_Clear                     
00000555  SSD1306_DrawFullImage             
000005b9  SSD1306_PrintBMP                  
00000799  SSD1306_DrawFastHLine             
000008ab  SSD1306_drawFastHLineInternal     
000009bd  SSD1306_DrawFastVLine             
00000ad5  SSD1306_drawFastVLineInternal     
00000cd5  SSD1306_GetPixel                  
00000dd3  SSD1306_GetBuffer                 
00000dd7  SSD1306_DisplayBuffer             
00000e11  SSD1306_startscrollright          
00000e43  SSD1306_startscrollleft           
00000e79  SSD1306_startscrolldiagright      
00000ebd  SSD1306_startscrolldiagleft       
00000efd  SSD1306_stopscroll                
00000f07  SSD1306_InvertDisplay             
00000f1d  SSD1306_Dim                       
00000f4f  SSD1306_SetCursor                 
00000fc9  SSD1306_OutChar                   
000010ef  SSD1306_OutString                 
000010f9  SSD1306_OutUDec                   
00001105  SSD1306_OutSDec                   
00001129  SSD1306_OutUFix1                  
000011dd  SSD1306_OutSFix1                  
000012cb  SSD1306_OutHex7                   
00001301  SSD1306_OutUHex7                  
00001329  SSD1306_OutUDec16                 
000013c5  SSD1306_OutUDec2                  
00001425  OLEDinit                          
0000142f  pollDistanceSensor                
0000144b  Right                             
0000146d  Left                              
00001489  Controller                        
0000156f  Controller_Right                  
0000165d  Pause                             
00001731  main                              
000019f9  OPT3101_ReadRegister              
00001a29  OPT3101_WriteRegister             
00001a63  OPT3101_Init                      
00001ac1  OPT3101_Setup                     
00001beb  OPT3101_CalibrateInternalCrosstalk
00001ccd  OPT3101_StartMeasurement          
00001cdb  OPT3101_StartMeasurementChannel   
00001d1b  OPT3101_ReadMeasurement           
00001d33  OPT3101_MeasurementError          
00001d53  OPT3101_GetTxChannel              
00001d5d  OPT3101_GetAmplitude              
00001d71  OPT3101_GetPhase                  
00001d7b  OPT3101_GetDistanceMillimeters    
00001d91  OPT3101_CheckDistanceSensor       
00001da9  OPT3101_GetMeasurement            
00001e2b  OPT3101_ArmInterrupts             
00001e81  PORT6_IRQHandler                  
00001e81  PORT6_IRQHandler                  
00001f15  I2CB1_Init                        
00001f63  I2CB1_Send                        
00001fdb  I2CB1_Recv                        
00002057  I2CB1_Send1                       
000020b3  I2CB1_Send2                       
00002123  I2CB1_Send3                       
000021a1  I2CB1_Send4                       
0000222f  I2CB1_Recv1                       
000022b9  LPF_Init_old                      
0000230d  LPF_Calc_old                      
0000236f  LPF_Init                          
000023cd  LPF_Calc                          
00002421  LPF_Init2                         
00002475  LPF_Calc2                         
000024d7  LPF_Init3                         
00002539  LPF_Calc3                         
000025a1  Median                            
00002659  SystemCoreClockUpdate             
000028d1  SystemInit                        
0000298d  Clock_Init48MHz                   
00002aa3  Clock_GetFreq                     
00002aa9  delay                             
00002ab7  Clock_Delay1us                    
00002ae1  Clock_Delay1ms                    
00002b6d  Motor_Init                        
00002c0b  Motor_Stop                        
00002c1b  Motor_Forward                     
00002c41  Motor_Right                       
00002c71  Motor_Left                        
00002ca1  Motor_Backward                    
00002ce9  Bump_Init                         
00002d1d  Bump_Read                         
00002df9  LaunchPad_Init                    
00002e69  LaunchPad_Input                   
00002e87  LaunchPad_LED                     
00002ea5  LaunchPad_Output                  
00002ef1  PWM_InitRL                        
00002f5d  PWM_DutyRight                     
00002f7d  PWM_DutyLeft                      
00002fc5  __aeabi_memcpy                    
00002fc5  __aeabi_memcpy4                   
00002fc5  __aeabi_memcpy8                   
00002fc5  memcpy                            
00003061  __aeabi_memclr                    
00003061  __aeabi_memclr4                   
00003061  __aeabi_memclr8                   
00003063  __aeabi_memset                    
00003063  __aeabi_memset4                   
00003063  __aeabi_memset8                   
00003069  memset                            
000030db  __TI_decompress_lzss              
00003145  __TI_auto_init_nobinit_nopinit    
00003189  _c_int00_noargs                   
000031bd  DisableInterrupts                 
000031c3  EnableInterrupts                  
000031c9  StartCritical                     
000031d3  EndCritical                       
000031db  WaitForInterrupt                  
000031e1  __TI_decompress_none              
000031ef  Reset_Handler                     
000031fb  ADC14_IRQHandler                  
000031fb  AES256_IRQHandler                 
000031fb  BusFault_Handler                  
000031fb  COMP_E0_IRQHandler                
000031fb  COMP_E1_IRQHandler                
000031fb  CS_IRQHandler                     
000031fb  DMA_ERR_IRQHandler                
000031fb  DMA_INT0_IRQHandler               
000031fb  DMA_INT1_IRQHandler               
000031fb  DMA_INT2_IRQHandler               
000031fb  DMA_INT3_IRQHandler               
000031fb  DebugMon_Handler                  
000031fb  Default_Handler                   
000031fb  EUSCIA0_IRQHandler                
000031fb  EUSCIA1_IRQHandler                
000031fb  EUSCIA2_IRQHandler                
000031fb  EUSCIA3_IRQHandler                
000031fb  EUSCIB0_IRQHandler                
000031fb  EUSCIB1_IRQHandler                
000031fb  EUSCIB2_IRQHandler                
000031fb  EUSCIB3_IRQHandler                
000031fb  FLCTL_IRQHandler                  
000031fb  FPU_IRQHandler                    
000031fb  HardFault_Handler                 
000031fb  MemManage_Handler                 
000031fb  NMI_Handler                       
000031fb  PCM_IRQHandler                    
000031fb  PORT1_IRQHandler                  
000031fb  PORT2_IRQHandler                  
000031fb  PORT3_IRQHandler                  
000031fb  PORT4_IRQHandler                  
000031fb  PORT5_IRQHandler                  
000031fb  PSS_IRQHandler                    
000031fb  PendSV_Handler                    
000031fb  RTC_C_IRQHandler                  
000031fb  SVC_Handler                       
000031fb  SysTick_Handler                   
000031fb  T32_INT1_IRQHandler               
000031fb  T32_INT2_IRQHandler               
000031fb  T32_INTC_IRQHandler               
000031fb  TA0_0_IRQHandler                  
000031fb  TA0_N_IRQHandler                  
000031fb  TA1_0_IRQHandler                  
000031fb  TA1_N_IRQHandler                  
000031fb  TA2_0_IRQHandler                  
000031fb  TA2_N_IRQHandler                  
000031fb  TA3_0_IRQHandler                  
000031fb  TA3_N_IRQHandler                  
000031fb  UsageFault_Handler                
000031fb  WDT_A_IRQHandler                  
000031fd  __TI_zero_init                    
00003209  _system_pre_init                  
0000320d  C$$EXIT                           
0000320d  abort                             
00003448  __TI_Handler_Table_Base           
00003454  __TI_Handler_Table_Limit          
00003460  __TI_CINIT_Base                   
00003470  __TI_CINIT_Limit                  
20000000  __start___llvm_prf_cnts           
20000000  __stop___llvm_prf_cnts            
20000000  x                                 
20001000  x2                                
20002000  x3                                
20003000  buffer                            
20003400  Amplitudes                        
2000340c  ChannelCount                      
20003418  Distances                         
20003424  FilteredDistances                 
20003438  CenterDistance                    
2000343c  Error                             
20003440  I1                                
20003444  ISRLast                           
20003448  ISRPeriod                         
2000344c  ISRTime                           
20003450  LPFSum                            
20003454  LPFSum2                           
20003458  LPFSum3                           
2000345c  LeftDistance                      
20003460  PTxChan                           
20003464  Pamplitudes                       
20003468  Pdistances                        
2000346c  Pt                                
20003470  Pt2                               
20003474  Pt3                               
20003478  RightDistance                     
2000347c  Size                              
20003480  TxChannel                         
20003484  UL                                
20003488  UR                                
2000348c  rotation                          
20003490  u1                                
20003494  u2                                
20003498  u3                                
2000349c  vccstate                          
200034a0  StartX                            
200034a2  StartY                            
200034a8  _sys_memory                       
200038a8  ClockFrequency                    
200038ac  Prewait                           
200038b0  CPMwait                           
200038b4  Postwait                          
200038b8  IFlags                            
200038bc  Crystalstable                     
200038c0  Mode                              
200038c4  Ki                                
200038c8  Kp                                
200038cc  SetPoint                          
200038d0  CurrentX                          
200038d2  CurrentY                          
200038d4  SystemCoreClock                   
2000fe00  __stack                           
20010000  __STACK_END                       
4000480c  WDTCTL_SYM                        
ffffffff  __TI_pprof_out_hndl               
ffffffff  __TI_prof_data_size               
ffffffff  __TI_prof_data_start              
ffffffff  __binit__                         
ffffffff  __c_args__                        
ffffffff  binit                             
UNDEFED   __mpu_init                        
UNDEFED   _system_post_cinit                

[248 symbols]
