******************************************************************************
                  TI ARM Linker PC v20.2.7                     
******************************************************************************
>> Linked Fri Apr 21 14:55:30 2023

OUTPUT FILE NAME:   <Lab21_OPT3101.out>
ENTRY POINT SYMBOL: "_c_int00_noargs"  address: 000032f5


MEMORY CONFIGURATION

         name            origin    length      used     unused   attr    fill
----------------------  --------  ---------  --------  --------  ----  --------
  MAIN                  00000000   00040000  000035d4  0003ca2c  R  X
  INFO                  00200000   00004000  00000000  00004000  R  X
  SRAM_CODE             01000000   00010000  00003be0  0000c420  RW X
  SRAM_DATA             20000000   00010000  00003be0  0000c420  RW  


SEGMENT ALLOCATION MAP

run origin  load origin   length   init length attrs members
----------  ----------- ---------- ----------- ----- -------
00000000    00000000    000035d8   000035d8    r-x
  00000000    00000000    000000e4   000000e4    r-- .intvecs
  000000e4    000000e4    00003298   00003298    r-x .text
  0000337c    0000337c    00000220   00000220    r-- .const
  000035a0    000035a0    00000038   00000038    r-- .cinit
20000000    20000000    000039e0   00000000    rw-
  20000000    20000000    000035b0   00000000    rw- .bss
  200035b0    200035b0    00000400   00000000    rw- .sysmem
  200039b0    200039b0    00000030   00000000    rw- .data
2000fe00    2000fe00    00000200   00000000    rw-
  2000fe00    2000fe00    00000200   00000000    rw- .stack


SECTION ALLOCATION MAP

 output                                  attributes/
section   page    origin      length       input sections
--------  ----  ----------  ----------   ----------------
.intvecs   0    00000000    000000e4     
                  00000000    000000e4     startup_msp432p401r_ccs.obj (.intvecs:retain)

.text      0    000000e4    00003298     
                  000000e4    00001340     SSD1306.obj (.text)
                  00001424    0000059c     Lab21_OPT3101_TestMain.obj (.text)
                  000019c0    0000051c     opt3101.obj (.text)
                  00001edc    000003a4     I2CB1.obj (.text)
                  00002280    000003a0     LPF.obj (.text)
                  00002620    00000334     system_msp432p401r.obj (.text)
                  00002954    000001e0     Clock.obj (.text)
                  00002b34    000001a4     UART1.obj (.text)
                  00002cd8    0000017c     Motor.obj (.text)
                  00002e54    00000110     Bump.obj (.text)
                  00002f64    000000f8     LaunchPad.obj (.text)
                  0000305c    000000d4     PWM.obj (.text)
                  00003130    0000009c     rtsv7M4_T_le_v4SPD16_eabi.lib : memcpy_t2.asm.obj (.text)
                  000031cc    0000007a                                   : memset_t2.asm.obj (.text)
                  00003246    00000068                                   : copy_decompress_lzss.c.obj (.text:decompress:lzss:__TI_decompress_lzss)
                  000032ae    00000002     --HOLE-- [fill = 0]
                  000032b0    00000044                                   : autoinit.c.obj (.text:__TI_auto_init_nobinit_nopinit:__TI_auto_init_nobinit_nopinit)
                  000032f4    00000034                                   : boot_cortex_m.c.obj (.text:_c_int00_noargs:_c_int00_noargs)
                  00003328    00000024     CortexM.obj (.text)
                  0000334c    0000000e     rtsv7M4_T_le_v4SPD16_eabi.lib : copy_decompress_none.c.obj (.text:decompress:none:__TI_decompress_none)
                  0000335a    0000000e     startup_msp432p401r_ccs.obj (.text)
                  00003368    0000000c     rtsv7M4_T_le_v4SPD16_eabi.lib : copy_zero_init.c.obj (.text:decompress:ZI:__TI_zero_init)
                  00003374    00000004                                   : pre_init.c.obj (.text:_system_pre_init)
                  00003378    00000004                                   : exit.c.obj (.text:abort:abort)

.const     0    0000337c    00000220     
                  0000337c    000001e0     SSD1306.obj (.const:ASCII)
                  0000355c    00000008     SSD1306.obj (.const:.string:postmask)
                  00003564    00000008     SSD1306.obj (.const:.string:premask)
                  0000356c    00000006     SSD1306.obj (.const:.string:init5)
                  00003572    00000005     SSD1306.obj (.const:.string:dlist1)
                  00003577    00000004     SSD1306.obj (.const:.string:init1)
                  0000357b    00000004     SSD1306.obj (.const:.string:init2)
                  0000357f    00000004     SSD1306.obj (.const:.string:init3)
                  00003583    00000003     SSD1306.obj (.const:.string:init4b)
                  00003586    00000003     SSD1306.obj (.const:.string:scrollList1b)
                  00003589    00000003     SSD1306.obj (.const:.string:scrollList2b)
                  0000358c    00000002     SSD1306.obj (.const:.string:scrollList1a)
                  0000358e    00000002     SSD1306.obj (.const:.string:scrollList2a)
                  00003590    00000002     SSD1306.obj (.const:.string:scrollList3a)
                  00003592    00000002     SSD1306.obj (.const:.string:scrollList3b)
                  00003594    00000002     SSD1306.obj (.const:.string:scrollList3c)
                  00003596    00000002     SSD1306.obj (.const:.string:scrollList4a)
                  00003598    00000002     SSD1306.obj (.const:.string:scrollList4b)
                  0000359a    00000002     SSD1306.obj (.const:.string:scrollList4c)

.cinit     0    000035a0    00000038     
                  000035a0    00000014     (.cinit..data.load) [load image, compression = lzss]
                  000035b4    0000000c     (__TI_handler_table)
                  000035c0    00000008     (.cinit..bss.load) [load image, compression = zero_init]
                  000035c8    00000010     (__TI_cinit_table)

.init_array 
*          0    00000000    00000000     UNINITIALIZED

.binit     0    00000000    00000000     

.bss       0    20000000    000035b0     UNINITIALIZED
                  20000000    00001000     (.common:x)
                  20001000    00001000     (.common:x2)
                  20002000    00001000     (.common:x3)
                  20003000    00000400     (.common:buffer)
                  20003400    00000100     (.common:RxFIFO)
                  20003500    0000000c     (.common:Amplitudes)
                  2000350c    0000000c     (.common:ChannelCount)
                  20003518    0000000c     (.common:Distances)
                  20003524    0000000c     (.common:FilteredDistances)
                  20003530    00000008     opt3101.obj (.bss)
                  20003538    00000004     (.common:CenterDistance)
                  2000353c    00000004     (.common:Error)
                  20003540    00000004     (.common:I1)
                  20003544    00000004     (.common:ISRLast)
                  20003548    00000004     (.common:ISRPeriod)
                  2000354c    00000004     (.common:ISRTime)
                  20003550    00000004     (.common:LPFSum)
                  20003554    00000004     (.common:LPFSum2)
                  20003558    00000004     (.common:LPFSum3)
                  2000355c    00000004     (.common:LeftDistance)
                  20003560    00000004     (.common:PTxChan)
                  20003564    00000004     (.common:Pamplitudes)
                  20003568    00000004     (.common:Pdistances)
                  2000356c    00000004     (.common:Pt)
                  20003570    00000004     (.common:Pt2)
                  20003574    00000004     (.common:Pt3)
                  20003578    00000004     (.common:RightDistance)
                  2000357c    00000004     (.common:RxFifoLost)
                  20003580    00000004     (.common:RxGetI)
                  20003584    00000004     (.common:RxPutI)
                  20003588    00000004     (.common:Size)
                  2000358c    00000004     (.common:TxChannel)
                  20003590    00000004     (.common:UL)
                  20003594    00000004     (.common:UR)
                  20003598    00000004     (.common:rotation)
                  2000359c    00000004     (.common:u1)
                  200035a0    00000004     (.common:u2)
                  200035a4    00000004     (.common:u3)
                  200035a8    00000004     (.common:vccstate)
                  200035ac    00000002     (.common:StartX)
                  200035ae    00000002     (.common:StartY)

.sysmem    0    200035b0    00000400     UNINITIALIZED
                  200035b0    00000010     rtsv7M4_T_le_v4SPD16_eabi.lib : memory.c.obj (.sysmem)
                  200035c0    000003f0     --HOLE--

.data      0    200039b0    00000030     UNINITIALIZED
                  200039b0    00000018     Clock.obj (.data)
                  200039c8    00000010     Lab21_OPT3101_TestMain.obj (.data)
                  200039d8    00000004     SSD1306.obj (.data)
                  200039dc    00000004     system_msp432p401r.obj (.data)

.stack     0    2000fe00    00000200     UNINITIALIZED
                  2000fe00    00000004     rtsv7M4_T_le_v4SPD16_eabi.lib : boot_cortex_m.c.obj (.stack)
                  2000fe04    000001fc     --HOLE--

__llvm_prf_cnts 
*          0    20000000    00000000     UNINITIALIZED

MODULE SUMMARY

       Module                        code    ro data   rw data
       ------                        ----    -------   -------
    .\
       LPF.obj                       928     0         24664  
       SSD1306.obj                   4928    544       2080   
       Lab21_OPT3101_TestMain.obj    1436    0         160    
       opt3101.obj                   1308    0         88     
       UART1.obj                     420     0         536    
       I2CB1.obj                     932     0         0      
       system_msp432p401r.obj        820     0         8      
       Clock.obj                     480     0         48     
       Motor.obj                     380     0         0      
       Bump.obj                      272     0         0      
       LaunchPad.obj                 248     0         0      
       startup_msp432p401r_ccs.obj   14      228       0      
       PWM.obj                       212     0         0      
       CortexM.obj                   36      0         0      
    +--+-----------------------------+-------+---------+---------+
       Total:                        12414   772       27584  
                                                              
    C:\ti\ccs1220\ccs\tools\compiler\ti-cgt-arm_20.2.7.LTS\lib\rtsv7M4_T_le_v4SPD16_eabi.lib
       memcpy_t2.asm.obj             156     0         0      
       memset_t2.asm.obj             122     0         0      
       copy_decompress_lzss.c.obj    104     0         0      
       autoinit.c.obj                68      0         0      
       boot_cortex_m.c.obj           52      0         0      
       copy_decompress_none.c.obj    14      0         0      
       copy_zero_init.c.obj          12      0         0      
       exit.c.obj                    4       0         0      
       pre_init.c.obj                4       0         0      
    +--+-----------------------------+-------+---------+---------+
       Total:                        536     0         0      
                                                              
       Heap:                         0       0         2048   
       Stack:                        0       0         1024   
       Linker Generated:             0       56        0      
    +--+-----------------------------+-------+---------+---------+
       Grand Total:                  12950   828       30656  


LINKER GENERATED COPY TABLES

__TI_cinit_table @ 000035c8 records: 2, size/record: 8, table size: 16
	.data: load addr=000035a0, load size=00000014 bytes, run addr=200039b0, run size=00000030 bytes, compression=lzss
	.bss: load addr=000035c0, load size=00000008 bytes, run addr=20000000, run size=000035b0 bytes, compression=zero_init


LINKER GENERATED HANDLER TABLE

__TI_handler_table @ 000035b4 records: 3, size/record: 4, table size: 12
	index: 0, handler: __TI_decompress_lzss
	index: 1, handler: __TI_decompress_none
	index: 2, handler: __TI_zero_init


GLOBAL SYMBOLS: SORTED ALPHABETICALLY BY Name 

address   name                              
-------   ----                              
00003367  ADC14_IRQHandler                  
00003367  AES256_IRQHandler                 
20003500  Amplitudes                        
00002e55  Bump_Init                         
00002e89  Bump_Read                         
00003367  BusFault_Handler                  
00003379  C$$EXIT                           
00003367  COMP_E0_IRQHandler                
00003367  COMP_E1_IRQHandler                
200039b8  CPMwait                           
00003367  CS_IRQHandler                     
20003538  CenterDistance                    
2000350c  ChannelCount                      
200039b0  ClockFrequency                    
00002aa9  Clock_Delay1ms                    
00002a7f  Clock_Delay1us                    
00002a6b  Clock_GetFreq                     
00002955  Clock_Init48MHz                   
00001489  Controller                        
0000156f  Controller_Right                  
200039c4  Crystalstable                     
200039d8  CurrentX                          
200039da  CurrentY                          
00003367  DMA_ERR_IRQHandler                
00003367  DMA_INT0_IRQHandler               
00003367  DMA_INT1_IRQHandler               
00003367  DMA_INT2_IRQHandler               
00003367  DMA_INT3_IRQHandler               
00003367  DebugMon_Handler                  
00003367  Default_Handler                   
00003329  DisableInterrupts                 
20003518  Distances                         
00003367  EUSCIA0_IRQHandler                
00003367  EUSCIA1_IRQHandler                
00002c5f  EUSCIA2_IRQHandler                
00002c5f  EUSCIA2_IRQHandler                
00003367  EUSCIA3_IRQHandler                
00003367  EUSCIB0_IRQHandler                
00003367  EUSCIB1_IRQHandler                
00003367  EUSCIB2_IRQHandler                
00003367  EUSCIB3_IRQHandler                
0000332f  EnableInterrupts                  
0000333f  EndCritical                       
2000353c  Error                             
00003367  FLCTL_IRQHandler                  
00003367  FPU_IRQHandler                    
20003524  FilteredDistances                 
00003367  HardFault_Handler                 
20003540  I1                                
00001edd  I2CB1_Init                        
00001fa3  I2CB1_Recv                        
000021f7  I2CB1_Recv1                       
00001f2b  I2CB1_Send                        
0000201f  I2CB1_Send1                       
0000207b  I2CB1_Send2                       
000020eb  I2CB1_Send3                       
00002169  I2CB1_Send4                       
200039c0  IFlags                            
20003544  ISRLast                           
20003548  ISRPeriod                         
2000354c  ISRTime                           
200039cc  Ki                                
200039d0  Kp                                
20003550  LPFSum                            
20003554  LPFSum2                           
20003558  LPFSum3                           
00002395  LPF_Calc                          
0000243d  LPF_Calc2                         
00002501  LPF_Calc3                         
000022d5  LPF_Calc_old                      
00002337  LPF_Init                          
000023e9  LPF_Init2                         
0000249f  LPF_Init3                         
00002281  LPF_Init_old                      
00002f65  LaunchPad_Init                    
00002fd5  LaunchPad_Input                   
00002ff3  LaunchPad_LED                     
00003011  LaunchPad_Output                  
0000146d  Left                              
2000355c  LeftDistance                      
00002569  Median                            
00003367  MemManage_Handler                 
200039c8  Mode                              
00002e0d  Motor_Backward                    
00002d87  Motor_Forward                     
00002cd9  Motor_Init                        
00002ddd  Motor_Left                        
00002dad  Motor_Right                       
00002d77  Motor_Stop                        
00003367  NMI_Handler                       
00001425  OLEDinit                          
00001df3  OPT3101_ArmInterrupts             
00001bb3  OPT3101_CalibrateInternalCrosstalk
00001d59  OPT3101_CheckDistanceSensor       
00001d25  OPT3101_GetAmplitude              
00001d43  OPT3101_GetDistanceMillimeters    
00001d71  OPT3101_GetMeasurement            
00001d39  OPT3101_GetPhase                  
00001d1b  OPT3101_GetTxChannel              
00001a2b  OPT3101_Init                      
00001cfb  OPT3101_MeasurementError          
00001ce3  OPT3101_ReadMeasurement           
000019c1  OPT3101_ReadRegister              
00001a89  OPT3101_Setup                     
00001c95  OPT3101_StartMeasurement          
00001ca3  OPT3101_StartMeasurementChannel   
000019f1  OPT3101_WriteRegister             
00003367  PCM_IRQHandler                    
00003367  PORT1_IRQHandler                  
00003367  PORT2_IRQHandler                  
00003367  PORT3_IRQHandler                  
00003367  PORT4_IRQHandler                  
00003367  PORT5_IRQHandler                  
00001e49  PORT6_IRQHandler                  
00001e49  PORT6_IRQHandler                  
00003367  PSS_IRQHandler                    
20003560  PTxChan                           
000030e9  PWM_DutyLeft                      
000030c9  PWM_DutyRight                     
0000305d  PWM_InitRL                        
20003564  Pamplitudes                       
0000165d  Pause                             
20003568  Pdistances                        
00003367  PendSV_Handler                    
200039bc  Postwait                          
200039b4  Prewait                           
2000356c  Pt                                
20003570  Pt2                               
20003574  Pt3                               
00003367  RTC_C_IRQHandler                  
0000335b  Reset_Handler                     
0000144b  Right                             
20003578  RightDistance                     
20003400  RxFIFO                            
2000357c  RxFifoLost                        
00002b8d  RxFifo_Get                        
00002b35  RxFifo_Init                       
00002b47  RxFifo_Put                        
20003580  RxGetI                            
20003584  RxPutI                            
00000501  SSD1306_Clear                     
000004c1  SSD1306_ClearBuffer               
00000f1d  SSD1306_Dim                       
00000dd7  SSD1306_DisplayBuffer             
000003c3  SSD1306_DrawChar                  
00000799  SSD1306_DrawFastHLine             
000009bd  SSD1306_DrawFastVLine             
00000555  SSD1306_DrawFullImage             
00000255  SSD1306_DrawPixel                 
00000471  SSD1306_DrawString                
00000dd3  SSD1306_GetBuffer                 
00000cd5  SSD1306_GetPixel                  
0000014f  SSD1306_Init                      
00000f07  SSD1306_InvertDisplay             
00000fc9  SSD1306_OutChar                   
000012cb  SSD1306_OutHex7                   
00001105  SSD1306_OutSDec                   
000011dd  SSD1306_OutSFix1                  
000010ef  SSD1306_OutString                 
000010f9  SSD1306_OutUDec                   
00001329  SSD1306_OutUDec16                 
000013c5  SSD1306_OutUDec2                  
00001129  SSD1306_OutUFix1                  
00001301  SSD1306_OutUHex7                  
000005b9  SSD1306_PrintBMP                  
00000f4f  SSD1306_SetCursor                 
000008ab  SSD1306_drawFastHLineInternal     
00000ad5  SSD1306_drawFastVLineInternal     
00000ebd  SSD1306_startscrolldiagleft       
00000e79  SSD1306_startscrolldiagright      
00000e43  SSD1306_startscrollleft           
00000e11  SSD1306_startscrollright          
00000efd  SSD1306_stopscroll                
00003367  SVC_Handler                       
200039d4  SetPoint                          
20003588  Size                              
00003335  StartCritical                     
200035ac  StartX                            
200035ae  StartY                            
00003367  SysTick_Handler                   
200039dc  SystemCoreClock                   
00002621  SystemCoreClockUpdate             
00002899  SystemInit                        
00003367  T32_INT1_IRQHandler               
00003367  T32_INT2_IRQHandler               
00003367  T32_INTC_IRQHandler               
00003367  TA0_0_IRQHandler                  
00003367  TA0_N_IRQHandler                  
00003367  TA1_0_IRQHandler                  
00003367  TA1_N_IRQHandler                  
00003367  TA2_0_IRQHandler                  
00003367  TA2_N_IRQHandler                  
00003367  TA3_0_IRQHandler                  
00003367  TA3_N_IRQHandler                  
2000358c  TxChannel                         
00002c93  UART1_FinishOutput                
00002c31  UART1_InChar                      
00002bc3  UART1_InStatus                    
00002bd3  UART1_Init                        
00002c43  UART1_OutChar                     
00002c75  UART1_OutString                   
20003590  UL                                
20003594  UR                                
00003367  UsageFault_Handler                
4000480c  WDTCTL_SYM                        
00003367  WDT_A_IRQHandler                  
00003347  WaitForInterrupt                  
20010000  __STACK_END                       
00000200  __STACK_SIZE                      
00000400  __SYSMEM_SIZE                     
000035c8  __TI_CINIT_Base                   
000035d8  __TI_CINIT_Limit                  
000035b4  __TI_Handler_Table_Base           
000035c0  __TI_Handler_Table_Limit          
000032b1  __TI_auto_init_nobinit_nopinit    
00003247  __TI_decompress_lzss              
0000334d  __TI_decompress_none              
ffffffff  __TI_pprof_out_hndl               
ffffffff  __TI_prof_data_size               
ffffffff  __TI_prof_data_start              
00000000  __TI_static_base__                
00003369  __TI_zero_init                    
000031cd  __aeabi_memclr                    
000031cd  __aeabi_memclr4                   
000031cd  __aeabi_memclr8                   
00003131  __aeabi_memcpy                    
00003131  __aeabi_memcpy4                   
00003131  __aeabi_memcpy8                   
000031cf  __aeabi_memset                    
000031cf  __aeabi_memset4                   
000031cf  __aeabi_memset8                   
ffffffff  __binit__                         
ffffffff  __c_args__                        
UNDEFED   __mpu_init                        
2000fe00  __stack                           
20000000  __start___llvm_prf_cnts           
20000000  __stop___llvm_prf_cnts            
000032f5  _c_int00_noargs                   
200035b0  _sys_memory                       
UNDEFED   _system_post_cinit                
00003375  _system_pre_init                  
00003379  abort                             
ffffffff  binit                             
20003000  buffer                            
00002a71  delay                             
00000000  interruptVectors                  
000016cd  main                              
00003131  memcpy                            
000031d5  memset                            
0000142f  pollDistanceSensor                
20003598  rotation                          
000000f1  ssd1306_Testcommandwrite          
00000107  ssd1306_command                   
00000117  ssd1306_command1                  
00000127  ssd1306_commandList               
2000359c  u1                                
200035a0  u2                                
200035a4  u3                                
200035a8  vccstate                          
20000000  x                                 
20001000  x2                                
20002000  x3                                


GLOBAL SYMBOLS: SORTED BY Symbol Address 

address   name                              
-------   ----                              
00000000  __TI_static_base__                
00000000  interruptVectors                  
000000f1  ssd1306_Testcommandwrite          
00000107  ssd1306_command                   
00000117  ssd1306_command1                  
00000127  ssd1306_commandList               
0000014f  SSD1306_Init                      
00000200  __STACK_SIZE                      
00000255  SSD1306_DrawPixel                 
000003c3  SSD1306_DrawChar                  
00000400  __SYSMEM_SIZE                     
00000471  SSD1306_DrawString                
000004c1  SSD1306_ClearBuffer               
00000501  SSD1306_Clear                     
00000555  SSD1306_DrawFullImage             
000005b9  SSD1306_PrintBMP                  
00000799  SSD1306_DrawFastHLine             
000008ab  SSD1306_drawFastHLineInternal     
000009bd  SSD1306_DrawFastVLine             
00000ad5  SSD1306_drawFastVLineInternal     
00000cd5  SSD1306_GetPixel                  
00000dd3  SSD1306_GetBuffer                 
00000dd7  SSD1306_DisplayBuffer             
00000e11  SSD1306_startscrollright          
00000e43  SSD1306_startscrollleft           
00000e79  SSD1306_startscrolldiagright      
00000ebd  SSD1306_startscrolldiagleft       
00000efd  SSD1306_stopscroll                
00000f07  SSD1306_InvertDisplay             
00000f1d  SSD1306_Dim                       
00000f4f  SSD1306_SetCursor                 
00000fc9  SSD1306_OutChar                   
000010ef  SSD1306_OutString                 
000010f9  SSD1306_OutUDec                   
00001105  SSD1306_OutSDec                   
00001129  SSD1306_OutUFix1                  
000011dd  SSD1306_OutSFix1                  
000012cb  SSD1306_OutHex7                   
00001301  SSD1306_OutUHex7                  
00001329  SSD1306_OutUDec16                 
000013c5  SSD1306_OutUDec2                  
00001425  OLEDinit                          
0000142f  pollDistanceSensor                
0000144b  Right                             
0000146d  Left                              
00001489  Controller                        
0000156f  Controller_Right                  
0000165d  Pause                             
000016cd  main                              
000019c1  OPT3101_ReadRegister              
000019f1  OPT3101_WriteRegister             
00001a2b  OPT3101_Init                      
00001a89  OPT3101_Setup                     
00001bb3  OPT3101_CalibrateInternalCrosstalk
00001c95  OPT3101_StartMeasurement          
00001ca3  OPT3101_StartMeasurementChannel   
00001ce3  OPT3101_ReadMeasurement           
00001cfb  OPT3101_MeasurementError          
00001d1b  OPT3101_GetTxChannel              
00001d25  OPT3101_GetAmplitude              
00001d39  OPT3101_GetPhase                  
00001d43  OPT3101_GetDistanceMillimeters    
00001d59  OPT3101_CheckDistanceSensor       
00001d71  OPT3101_GetMeasurement            
00001df3  OPT3101_ArmInterrupts             
00001e49  PORT6_IRQHandler                  
00001e49  PORT6_IRQHandler                  
00001edd  I2CB1_Init                        
00001f2b  I2CB1_Send                        
00001fa3  I2CB1_Recv                        
0000201f  I2CB1_Send1                       
0000207b  I2CB1_Send2                       
000020eb  I2CB1_Send3                       
00002169  I2CB1_Send4                       
000021f7  I2CB1_Recv1                       
00002281  LPF_Init_old                      
000022d5  LPF_Calc_old                      
00002337  LPF_Init                          
00002395  LPF_Calc                          
000023e9  LPF_Init2                         
0000243d  LPF_Calc2                         
0000249f  LPF_Init3                         
00002501  LPF_Calc3                         
00002569  Median                            
00002621  SystemCoreClockUpdate             
00002899  SystemInit                        
00002955  Clock_Init48MHz                   
00002a6b  Clock_GetFreq                     
00002a71  delay                             
00002a7f  Clock_Delay1us                    
00002aa9  Clock_Delay1ms                    
00002b35  RxFifo_Init                       
00002b47  RxFifo_Put                        
00002b8d  RxFifo_Get                        
00002bc3  UART1_InStatus                    
00002bd3  UART1_Init                        
00002c31  UART1_InChar                      
00002c43  UART1_OutChar                     
00002c5f  EUSCIA2_IRQHandler                
00002c5f  EUSCIA2_IRQHandler                
00002c75  UART1_OutString                   
00002c93  UART1_FinishOutput                
00002cd9  Motor_Init                        
00002d77  Motor_Stop                        
00002d87  Motor_Forward                     
00002dad  Motor_Right                       
00002ddd  Motor_Left                        
00002e0d  Motor_Backward                    
00002e55  Bump_Init                         
00002e89  Bump_Read                         
00002f65  LaunchPad_Init                    
00002fd5  LaunchPad_Input                   
00002ff3  LaunchPad_LED                     
00003011  LaunchPad_Output                  
0000305d  PWM_InitRL                        
000030c9  PWM_DutyRight                     
000030e9  PWM_DutyLeft                      
00003131  __aeabi_memcpy                    
00003131  __aeabi_memcpy4                   
00003131  __aeabi_memcpy8                   
00003131  memcpy                            
000031cd  __aeabi_memclr                    
000031cd  __aeabi_memclr4                   
000031cd  __aeabi_memclr8                   
000031cf  __aeabi_memset                    
000031cf  __aeabi_memset4                   
000031cf  __aeabi_memset8                   
000031d5  memset                            
00003247  __TI_decompress_lzss              
000032b1  __TI_auto_init_nobinit_nopinit    
000032f5  _c_int00_noargs                   
00003329  DisableInterrupts                 
0000332f  EnableInterrupts                  
00003335  StartCritical                     
0000333f  EndCritical                       
00003347  WaitForInterrupt                  
0000334d  __TI_decompress_none              
0000335b  Reset_Handler                     
00003367  ADC14_IRQHandler                  
00003367  AES256_IRQHandler                 
00003367  BusFault_Handler                  
00003367  COMP_E0_IRQHandler                
00003367  COMP_E1_IRQHandler                
00003367  CS_IRQHandler                     
00003367  DMA_ERR_IRQHandler                
00003367  DMA_INT0_IRQHandler               
00003367  DMA_INT1_IRQHandler               
00003367  DMA_INT2_IRQHandler               
00003367  DMA_INT3_IRQHandler               
00003367  DebugMon_Handler                  
00003367  Default_Handler                   
00003367  EUSCIA0_IRQHandler                
00003367  EUSCIA1_IRQHandler                
00003367  EUSCIA3_IRQHandler                
00003367  EUSCIB0_IRQHandler                
00003367  EUSCIB1_IRQHandler                
00003367  EUSCIB2_IRQHandler                
00003367  EUSCIB3_IRQHandler                
00003367  FLCTL_IRQHandler                  
00003367  FPU_IRQHandler                    
00003367  HardFault_Handler                 
00003367  MemManage_Handler                 
00003367  NMI_Handler                       
00003367  PCM_IRQHandler                    
00003367  PORT1_IRQHandler                  
00003367  PORT2_IRQHandler                  
00003367  PORT3_IRQHandler                  
00003367  PORT4_IRQHandler                  
00003367  PORT5_IRQHandler                  
00003367  PSS_IRQHandler                    
00003367  PendSV_Handler                    
00003367  RTC_C_IRQHandler                  
00003367  SVC_Handler                       
00003367  SysTick_Handler                   
00003367  T32_INT1_IRQHandler               
00003367  T32_INT2_IRQHandler               
00003367  T32_INTC_IRQHandler               
00003367  TA0_0_IRQHandler                  
00003367  TA0_N_IRQHandler                  
00003367  TA1_0_IRQHandler                  
00003367  TA1_N_IRQHandler                  
00003367  TA2_0_IRQHandler                  
00003367  TA2_N_IRQHandler                  
00003367  TA3_0_IRQHandler                  
00003367  TA3_N_IRQHandler                  
00003367  UsageFault_Handler                
00003367  WDT_A_IRQHandler                  
00003369  __TI_zero_init                    
00003375  _system_pre_init                  
00003379  C$$EXIT                           
00003379  abort                             
000035b4  __TI_Handler_Table_Base           
000035c0  __TI_Handler_Table_Limit          
000035c8  __TI_CINIT_Base                   
000035d8  __TI_CINIT_Limit                  
20000000  __start___llvm_prf_cnts           
20000000  __stop___llvm_prf_cnts            
20000000  x                                 
20001000  x2                                
20002000  x3                                
20003000  buffer                            
20003400  RxFIFO                            
20003500  Amplitudes                        
2000350c  ChannelCount                      
20003518  Distances                         
20003524  FilteredDistances                 
20003538  CenterDistance                    
2000353c  Error                             
20003540  I1                                
20003544  ISRLast                           
20003548  ISRPeriod                         
2000354c  ISRTime                           
20003550  LPFSum                            
20003554  LPFSum2                           
20003558  LPFSum3                           
2000355c  LeftDistance                      
20003560  PTxChan                           
20003564  Pamplitudes                       
20003568  Pdistances                        
2000356c  Pt                                
20003570  Pt2                               
20003574  Pt3                               
20003578  RightDistance                     
2000357c  RxFifoLost                        
20003580  RxGetI                            
20003584  RxPutI                            
20003588  Size                              
2000358c  TxChannel                         
20003590  UL                                
20003594  UR                                
20003598  rotation                          
2000359c  u1                                
200035a0  u2                                
200035a4  u3                                
200035a8  vccstate                          
200035ac  StartX                            
200035ae  StartY                            
200035b0  _sys_memory                       
200039b0  ClockFrequency                    
200039b4  Prewait                           
200039b8  CPMwait                           
200039bc  Postwait                          
200039c0  IFlags                            
200039c4  Crystalstable                     
200039c8  Mode                              
200039cc  Ki                                
200039d0  Kp                                
200039d4  SetPoint                          
200039d8  CurrentX                          
200039da  CurrentY                          
200039dc  SystemCoreClock                   
2000fe00  __stack                           
20010000  __STACK_END                       
4000480c  WDTCTL_SYM                        
ffffffff  __TI_pprof_out_hndl               
ffffffff  __TI_prof_data_size               
ffffffff  __TI_prof_data_start              
ffffffff  __binit__                         
ffffffff  __c_args__                        
ffffffff  binit                             
UNDEFED   __mpu_init                        
UNDEFED   _system_post_cinit                

[262 symbols]
